<html>
<body>
<pre>
<h1>µVision Build Log</h1>
<h2>Tool Versions:</h2>
IDE-Version: µVision V5.22.0.0
Copyright (C) 2016 ARM Ltd and ARM Germany GmbH. All rights reserved.
License Information: Aditya Rasam, NC State University, LIC=----
 
Tool Versions:
Toolchain:       MDK-Lite  Version: 5.22
Toolchain Path:  C:\Keil_v5\ARM\ARMCC\Bin
C Compiler:      Armcc.exe V5.06 update 4 (build 422)
Assembler:       Armasm.exe V5.06 update 4 (build 422)
Linker/Locator:  ArmLink.exe V5.06 update 4 (build 422)
Library Manager: ArmAr.exe V5.06 update 4 (build 422)
Hex Converter:   FromElf.exe V5.06 update 4 (build 422)
CPU DLL:         SARMCM3.DLL V5.22
Dialog DLL:      DARMCM1.DLL V1.15.0.0
Target DLL:      Segger\JL2CM3.dll V2.99.23.0
Dialog DLL:      TARMCM1.DLL V1.11.0.0
 
<h2>Project:</h2>
C:\Users\ABC\Desktop\EP2_WS\Mode123_Final_Working_0223_1300hrs\RTX_Demo_3_Sig_MsgQ\RTX_Demo.uvprojx
Project File Date:  02/24/2017

<h2>Output:</h2>
*** Using Compiler 'V5.06 update 4 (build 422)', folder: 'C:\Keil_v5\ARM\ARMCC\Bin'
Rebuild target 'Target 1'
assembling startup_MKL25Z4.s...
compiling RTX_Conf_CM.c...
compiling Blinky.c...
Source\Blinky.c(228): warning:  #550-D: variable "dummy"  was set but never used
  	static uint8_t dummy, num_bytes_read=0, is_last_read=0, T=0;
Source\Blinky.c(228): warning:  #177-D: variable "T"  was declared but never referenced
  	static uint8_t dummy, num_bytes_read=0, is_last_read=0, T=0;
Source\Blinky.c(392): warning:  #550-D: variable "dummy"  was set but never used
  	uint8_t dummy, num_bytes_read=0, is_last_read=0;
Source\Blinky.c(434): warning:  #550-D: variable "result"  was set but never used
  	osEvent result; 
Source\Blinky.c(435): warning:  #550-D: variable "dummy"  was set but never used
  	uint8_t dummy, num_bytes_read=0, is_last_read=0;
Source\Blinky.c(491): warning:  #550-D: variable "result1"  was set but never used
  	osEvent result1; 
Source\Blinky.c(581): warning:  #223-D: function "abs" declared implicitly
  					if ((abs(prev_acc_X - acc_X) > ACC_SENSITIVITY) || 
Source\Blinky.c(27): warning:  #177-D: variable "acq_data"  was declared but never referenced
  static uint8_t acq_data[6];
Source\Blinky.c: 8 warnings, 0 errors
compiling system_MKL25Z4.c...
linking...
Program Size: Code=9260 RO-data=376 RW-data=132 ZI-data=3276  
".\Objects\RTX_Demo.axf" - 0 Error(s), 8 Warning(s).

<h2>Software Packages used:</h2>

Package Vendor: ARM
                http://www.keil.com/pack/ARM.CMSIS.5.0.0.pack
                ::CMSIS:RTOS:1.0 (API)
                CMSIS (Cortex Microcontroller Software Interface Standard)
   * Component: RTOS Version: 1.0
   * Component: CORE Version: 5.0.0
   * Component: Keil RTX Version: 4.81.0

Package Vendor: Keil
                http://www.keil.com/pack/Keil.Kinetis_KLxx_DFP.1.12.0.pack
                Keil::Device:Startup:2.5.0
                NXP Kinetis KLxx Series Device Support and Examples
   * Component: Startup Version: 2.5.0

<h2>Collection of Component include folders:</h2>
  C:\Users\ABC\Desktop\EP2_WS\Mode123_Final_Working_0223_1300hrs\RTX_Demo_3_Sig_MsgQ\RTE\Device\MKL25Z128xxx4
  C:\Users\ABC\Desktop\EP2_WS\Mode123_Final_Working_0223_1300hrs\RTX_Demo_3_Sig_MsgQ\RTE\_Target_1
  C:\Keil_v5\ARM\PACK\ARM\CMSIS\5.0.0\CMSIS\Include
  C:\Keil_v5\ARM\PACK\ARM\CMSIS\5.0.0\CMSIS\RTOS\RTX\INC
  C:\Keil_v5\ARM\PACK\Keil\Kinetis_KLxx_DFP\1.12.0\Device\Include

<h2>Collection of Component Files used:</h2>

   * Component: ::CMSIS:RTOS:1.0 (API)

   * Component: ARM::CMSIS:CORE:5.0.0

   * Component: ARM::CMSIS:RTOS:Keil RTX:4.81.0
      Include file:  CMSIS\RTOS\RTX\INC\cmsis_os.h
      Source file:   CMSIS\RTOS\RTX\Templates\RTX_Conf_CM.c
      Include file:  CMSIS\RTOS\RTX\UserCodeTemplates\osObjects.h
      Source file:   CMSIS\RTOS\RTX\UserCodeTemplates\main.c
      Source file:   CMSIS\RTOS\RTX\UserCodeTemplates\MailQueue.c
      Source file:   CMSIS\RTOS\RTX\UserCodeTemplates\MemPool.c
      Source file:   CMSIS\RTOS\RTX\UserCodeTemplates\MsgQueue.c
      Source file:   CMSIS\RTOS\RTX\UserCodeTemplates\Mutex.c
      Source file:   CMSIS\RTOS\RTX\UserCodeTemplates\Semaphore.c
      Source file:   CMSIS\RTOS\RTX\UserCodeTemplates\Thread.c
      Source file:   CMSIS\RTOS\RTX\UserCodeTemplates\Timer.c
      Source file:   CMSIS\RTOS\RTX\SRC\ARM\SVC_Table.s
      Library file:  CMSIS\RTOS\RTX\LIB\ARM\RTX_CM0.lib

   * Component: Keil::Device:Startup:2.5.0
      Source file:   Device\Source\ARM\startup_MKL25Z4.s
      Source file:   Device\Source\system_MKL25Z4.c
      Include file:  Device\Source\system_MKL25Z4.h
Build Time Elapsed:  00:00:01
</pre>
</body>
</html>
