Component: ARM Compiler 5.06 update 4 (build 422) Tool: armlink [4d35d2]

==============================================================================

Section Cross References

    blinky.o(i.I2C0_IRQHandler) refers to rt_cmsis.o(i.osSignalSet) for osSignalSet
    blinky.o(i.I2C0_IRQHandler) refers to blinky.o(.data) for .data
    blinky.o(i.I2C0_IRQHandler) refers to rtx_conf_cm.o(.data) for counter
    blinky.o(i.Mode_selection) refers to blinky.o(.data) for .data
    blinky.o(i.Thread_Flash) refers to rt_cmsis.o(i.osPoolAlloc) for osPoolAlloc
    blinky.o(i.Thread_Flash) refers to rt_cmsis.o(i.osMessagePut) for osMessagePut
    blinky.o(i.Thread_Flash) refers to rt_cmsis.o(i.osSemaphoreWait) for osSemaphoreWait
    blinky.o(i.Thread_Flash) refers to blinky.o(i.Control_RGB_LEDs) for Control_RGB_LEDs
    blinky.o(i.Thread_Flash) refers to rt_cmsis.o(i.osDelay) for osDelay
    blinky.o(i.Thread_Flash) refers to blinky.o(.data) for .data
    blinky.o(i.Thread_I2C) refers to rt_cmsis.o(i.osMessageGet) for osMessageGet
    blinky.o(i.Thread_I2C) refers to blinky.o(i.i2c_read_bytes) for i2c_read_bytes
    blinky.o(i.Thread_I2C) refers to blinky.o(i.Initialize_Interrupts) for Initialize_Interrupts
    blinky.o(i.Thread_I2C) refers to blinky.o(i.i2c_read_bytes_mode_2) for i2c_read_bytes_mode_2
    blinky.o(i.Thread_I2C) refers to blinky.o(i.i2c_read_bytes_mode_3) for i2c_read_bytes_mode_3
    blinky.o(i.Thread_I2C) refers to rt_cmsis.o(i.osSemaphoreRelease) for osSemaphoreRelease
    blinky.o(i.Thread_I2C) refers to blinky.o(.data) for .data
    blinky.o(i.i2c_read_bytes) refers to blinky.o(i.i2c_wait) for i2c_wait
    blinky.o(i.i2c_read_bytes_mode_2) refers to rt_cmsis.o(i.osSignalWait) for osSignalWait
    blinky.o(i.i2c_read_bytes_mode_2) refers to rtx_conf_cm.o(.data) for counter
    blinky.o(i.i2c_read_bytes_mode_2) refers to blinky.o(.data) for .data
    blinky.o(i.i2c_read_bytes_mode_3) refers to rt_cmsis.o(i.osSignalWait) for osSignalWait
    blinky.o(i.i2c_read_bytes_mode_3) refers to rtx_conf_cm.o(.data) for counter
    blinky.o(i.i2c_write_bytes) refers to blinky.o(i.i2c_wait) for i2c_wait
    blinky.o(i.init_mma) refers to blinky.o(i.i2c_write_bytes) for i2c_write_bytes
    blinky.o(i.main) refers to blinky.o(i.Init_RGB_LEDs) for Init_RGB_LEDs
    blinky.o(i.main) refers to blinky.o(i.Init_Debug_Signals) for Init_Debug_Signals
    blinky.o(i.main) refers to blinky.o(i.Init_Config_Signals) for Init_Config_Signals
    blinky.o(i.main) refers to blinky.o(i.Mode_selection) for Mode_selection
    blinky.o(i.main) refers to blinky.o(i.Control_RGB_LEDs) for Control_RGB_LEDs
    blinky.o(i.main) refers to blinky.o(i.i2c_init) for i2c_init
    blinky.o(i.main) refers to rt_cmsis.o(i.osDelay) for osDelay
    blinky.o(i.main) refers to blinky.o(i.init_mma) for init_mma
    blinky.o(i.main) refers to rt_cmsis.o(i.osKernelInitialize) for osKernelInitialize
    blinky.o(i.main) refers to rt_cmsis.o(i.osSemaphoreCreate) for osSemaphoreCreate
    blinky.o(i.main) refers to rt_cmsis.o(i.osPoolCreate) for osPoolCreate
    blinky.o(i.main) refers to rt_cmsis.o(i.osMessageCreate) for osMessageCreate
    blinky.o(i.main) refers to rt_cmsis.o(i.osThreadCreate) for osThreadCreate
    blinky.o(i.main) refers to rt_cmsis.o(i.osKernelStart) for osKernelStart
    blinky.o(i.main) refers to blinky.o(.constdata) for .constdata
    blinky.o(i.main) refers to blinky.o(.data) for .data
    blinky.o(.constdata) refers to blinky.o(.data) for os_semaphore_cb_RGB_sem
    blinky.o(.constdata) refers to blinky.o(.data) for os_semaphore_cb_RGB_sem1
    blinky.o(.constdata) refers to blinky.o(.bss) for os_messageQ_q_I2C_msgq
    blinky.o(.constdata) refers to blinky.o(i.Thread_Flash) for Thread_Flash
    blinky.o(.constdata) refers to blinky.o(i.Thread_I2C) for Thread_I2C
    blinky.o(.constdata) refers to blinky.o(.bss) for os_pool_m_mpool
    rtx_conf_cm.o(.emb_text) refers to rt_cmsis.o(i.osKernelInitialize) for osKernelInitialize
    rtx_conf_cm.o(.emb_text) refers to rt_cmsis.o(i.osThreadCreate) for osThreadCreate
    rtx_conf_cm.o(.emb_text) refers to rt_cmsis.o(i.osKernelStart) for osKernelStart
    rtx_conf_cm.o(.emb_text) refers to exit.o(.text) for exit
    rtx_conf_cm.o(.emb_text) refers to rtx_conf_cm.o(.constdata) for os_thread_def_main
    rtx_conf_cm.o(i.__user_perthread_libspace) refers to rt_task.o(i.rt_tsk_self) for rt_tsk_self
    rtx_conf_cm.o(i.__user_perthread_libspace) refers to rt_cmsis.o(.data) for os_running
    rtx_conf_cm.o(i.__user_perthread_libspace) refers to rtx_conf_cm.o(.bss) for .bss
    rtx_conf_cm.o(i.__user_perthread_libspace) refers to libspace.o(.bss) for __libspace_start
    rtx_conf_cm.o(i._mutex_acquire) refers to rt_cmsis.o(.data) for os_running
    rtx_conf_cm.o(i._mutex_acquire) refers to rt_mutex.o(i.rt_mut_wait) for rt_mut_wait
    rtx_conf_cm.o(i._mutex_initialize) refers to rt_mutex.o(i.rt_mut_init) for rt_mut_init
[...]
    ../clib/angel/kernel.s                   0x00000000   Number         0  rtexit.o ABSOLUTE
    ../clib/angel/kernel.s                   0x00000000   Number         0  rtexit2.o ABSOLUTE
    ../clib/angel/rt.s                       0x00000000   Number         0  aeabi_idiv0_sigfpe.o ABSOLUTE
    ../clib/angel/rt.s                       0x00000000   Number         0  aeabi_ldiv0.o ABSOLUTE
    ../clib/angel/rt.s                       0x00000000   Number         0  aeabi_ldiv0_sigfpe.o ABSOLUTE
    ../clib/angel/rt.s                       0x00000000   Number         0  aeabi_idiv0.o ABSOLUTE
    ../clib/angel/rt.s                       0x00000000   Number         0  rt_raise.o ABSOLUTE
    ../clib/angel/rt.s                       0x00000000   Number         0  rt_div0.o ABSOLUTE
    ../clib/angel/scatterp.s                 0x00000000   Number         0  __scatter.o ABSOLUTE
    ../clib/angel/startup.s                  0x00000000   Number         0  __main.o ABSOLUTE
    ../clib/angel/sys.s                      0x00000000   Number         0  libspace.o ABSOLUTE
    ../clib/angel/sys.s                      0x00000000   Number         0  tempstk.o ABSOLUTE
    ../clib/angel/sys.s                      0x00000000   Number         0  sys_stackheap_outer.o ABSOLUTE
    ../clib/angel/sys.s                      0x00000000   Number         0  use_no_semi.o ABSOLUTE
    ../clib/angel/sys.s                      0x00000000   Number         0  indicate_semi.o ABSOLUTE
    ../clib/angel/sysapp.c                   0x00000000   Number         0  sys_wrch.o ABSOLUTE
    ../clib/angel/sysapp.c                   0x00000000   Number         0  sys_command.o ABSOLUTE
    ../clib/angel/sysapp.c                   0x00000000   Number         0  sys_exit.o ABSOLUTE
    ../clib/armsys.c                         0x00000000   Number         0  argv_veneer.o ABSOLUTE
    ../clib/armsys.c                         0x00000000   Number         0  no_argv.o ABSOLUTE
    ../clib/armsys.c                         0x00000000   Number         0  _get_argv_nomalloc.o ABSOLUTE
    ../clib/division.c                       0x00000000   Number         0  lludiv.o ABSOLUTE
    ../clib/division.s                       0x00000000   Number         0  aeabi_sdiv.o ABSOLUTE
    ../clib/division.s                       0x00000000   Number         0  aeabi_sdiv_div0.o ABSOLUTE
    ../clib/heapalloc.c                      0x00000000   Number         0  hrguard.o ABSOLUTE
    ../clib/heapaux.c                        0x00000000   Number         0  heapauxi.o ABSOLUTE
    ../clib/libinit.s                        0x00000000   Number         0  libshutdown.o ABSOLUTE
    ../clib/libinit.s                        0x00000000   Number         0  libinit.o ABSOLUTE
    ../clib/libinit.s                        0x00000000   Number         0  libinit2.o ABSOLUTE
    ../clib/libinit.s                        0x00000000   Number         0  libshutdown2.o ABSOLUTE
    ../clib/signal.c                         0x00000000   Number         0  defsig_other.o ABSOLUTE
    ../clib/signal.c                         0x00000000   Number         0  defsig_general.o ABSOLUTE
    ../clib/signal.c                         0x00000000   Number         0  __raise.o ABSOLUTE
    ../clib/signal.c                         0x00000000   Number         0  defsig_segv_inner.o ABSOLUTE
    ../clib/signal.c                         0x00000000   Number         0  defsig_stak_inner.o ABSOLUTE
    ../clib/signal.c                         0x00000000   Number         0  defsig_fpe_inner.o ABSOLUTE
    ../clib/signal.c                         0x00000000   Number         0  defsig_exit.o ABSOLUTE
    ../clib/signal.c                         0x00000000   Number         0  defsig_fpe_formal.o ABSOLUTE
    ../clib/signal.c                         0x00000000   Number         0  defsig_fpe_outer.o ABSOLUTE
    ../clib/signal.c                         0x00000000   Number         0  defsig_rtmem_formal.o ABSOLUTE
    ../clib/signal.c                         0x00000000   Number         0  defsig_cppl_inner.o ABSOLUTE
    ../clib/signal.c                         0x00000000   Number         0  defsig_pvfn_inner.o ABSOLUTE
    ../clib/signal.c                         0x00000000   Number         0  defsig_rtmem_outer.o ABSOLUTE
    ../clib/signal.c                         0x00000000   Number         0  defsig_rtmem_inner.o ABSOLUTE
    ../clib/signal.c                         0x00000000   Number         0  defsig_rtred_inner.o ABSOLUTE
    ../clib/signal.c                         0x00000000   Number         0  defsig_abrt_inner.o ABSOLUTE
    ../clib/signal.s                         0x00000000   Number         0  defsig.o ABSOLUTE
    ../clib/stdlib.c                         0x00000000   Number         0  exit.o ABSOLUTE
    ../fplib/cfplib/fpinit.c                 0x00000000   Number         0  fpinit.o ABSOLUTE
    ..\HAL_CM.c                              0x00000000   Number         0  hal_cm.o ABSOLUTE
    ..\\rt_CMSIS.c                           0x00000000   Number         0  rt_cmsis.o ABSOLUTE
    ..\\rt_System.c                          0x00000000   Number         0  rt_system.o ABSOLUTE
    ..\rt_CMSIS.c                            0x00000000   Number         0  rt_cmsis.o ABSOLUTE
    ..\rt_Event.c                            0x00000000   Number         0  rt_event.o ABSOLUTE
    ..\rt_List.c                             0x00000000   Number         0  rt_list.o ABSOLUTE
    ..\rt_Mailbox.c                          0x00000000   Number         0  rt_mailbox.o ABSOLUTE
    ..\rt_MemBox.c                           0x00000000   Number         0  rt_membox.o ABSOLUTE
    ..\rt_Memory.c                           0x00000000   Number         0  rt_memory.o ABSOLUTE
    ..\rt_Mutex.c                            0x00000000   Number         0  rt_mutex.o ABSOLUTE
    ..\rt_Robin.c                            0x00000000   Number         0  rt_robin.o ABSOLUTE
    ..\rt_Semaphore.c                        0x00000000   Number         0  rt_semaphore.o ABSOLUTE
    ..\rt_System.c                           0x00000000   Number         0  rt_system.o ABSOLUTE
    ..\rt_Task.c                             0x00000000   Number         0  rt_task.o ABSOLUTE
    ..\rt_Time.c                             0x00000000   Number         0  rt_time.o ABSOLUTE
    HAL_CM0.c                                0x00000000   Number         0  hal_cm0.o ABSOLUTE
    HAL_CM0.c                                0x00000000   Number         0  hal_cm0.o ABSOLUTE
    RTE\CMSIS\RTX_Conf_CM.c                  0x00000000   Number         0  rtx_conf_cm.o ABSOLUTE
    RTE\Device\MKL25Z128xxx4\startup_MKL25Z4.s 0x00000000   Number         0  startup_mkl25z4.o ABSOLUTE
    RTE\Device\MKL25Z128xxx4\system_MKL25Z4.c 0x00000000   Number         0  system_mkl25z4.o ABSOLUTE
    RTE\\CMSIS\\RTX_Conf_CM.c                0x00000000   Number         0  rtx_conf_cm.o ABSOLUTE
    RTE\\Device\\MKL25Z128xxx4\\system_MKL25Z4.c 0x00000000   Number         0  system_mkl25z4.o ABSOLUTE
    SVC_Table.s                              0x00000000   Number         0  svc_table.o ABSOLUTE
    Source\Blinky.c                          0x00000000   Number         0  blinky.o ABSOLUTE
    Source\\Blinky.c                         0x00000000   Number         0  blinky.o ABSOLUTE
    dc.s                                     0x00000000   Number         0  dc.o ABSOLUTE
    !!!main                                  0x000000c0   Section        8  __main.o(!!!main)
    !!!scatter                               0x000000c8   Section       60  __scatter.o(!!!scatter)
    !!handler_copy                           0x00000104   Section       26  __scatter_copy.o(!!handler_copy)
    !!handler_zi                             0x00000120   Section       28  __scatter_zi.o(!!handler_zi)
    .ARM.Collect$$libinit$$00000000          0x0000013c   Section        2  libinit.o(.ARM.Collect$$libinit$$00000000)
    .ARM.Collect$$libinit$$00000002          0x0000013e   Section        0  libinit2.o(.ARM.Collect$$libinit$$00000002)
    .ARM.Collect$$libinit$$00000004          0x0000013e   Section        0  libinit2.o(.ARM.Collect$$libinit$$00000004)
    .ARM.Collect$$libinit$$0000000A          0x0000013e   Section        0  libinit2.o(.ARM.Collect$$libinit$$0000000A)
    .ARM.Collect$$libinit$$0000000C          0x0000013e   Section        0  libinit2.o(.ARM.Collect$$libinit$$0000000C)
    .ARM.Collect$$libinit$$0000000E          0x0000013e   Section        0  libinit2.o(.ARM.Collect$$libinit$$0000000E)
    .ARM.Collect$$libinit$$00000011          0x0000013e   Section        0  libinit2.o(.ARM.Collect$$libinit$$00000011)
    .ARM.Collect$$libinit$$00000013          0x0000013e   Section        0  libinit2.o(.ARM.Collect$$libinit$$00000013)
    .ARM.Collect$$libinit$$00000015          0x0000013e   Section        0  libinit2.o(.ARM.Collect$$libinit$$00000015)
    .ARM.Collect$$libinit$$00000017          0x0000013e   Section        0  libinit2.o(.ARM.Collect$$libinit$$00000017)
    .ARM.Collect$$libinit$$00000019          0x0000013e   Section        0  libinit2.o(.ARM.Collect$$libinit$$00000019)
    .ARM.Collect$$libinit$$0000001B          0x0000013e   Section        0  libinit2.o(.ARM.Collect$$libinit$$0000001B)
    .ARM.Collect$$libinit$$0000001D          0x0000013e   Section        0  libinit2.o(.ARM.Collect$$libinit$$0000001D)
    .ARM.Collect$$libinit$$0000001F          0x0000013e   Section        0  libinit2.o(.ARM.Collect$$libinit$$0000001F)
    .ARM.Collect$$libinit$$00000021          0x0000013e   Section        0  libinit2.o(.ARM.Collect$$libinit$$00000021)
    .ARM.Collect$$libinit$$00000023          0x0000013e   Section        0  libinit2.o(.ARM.Collect$$libinit$$00000023)
    .ARM.Collect$$libinit$$00000025          0x0000013e   Section        0  libinit2.o(.ARM.Collect$$libinit$$00000025)
    .ARM.Collect$$libinit$$0000002C          0x0000013e   Section        0  libinit2.o(.ARM.Collect$$libinit$$0000002C)
    .ARM.Collect$$libinit$$0000002E          0x0000013e   Section        0  libinit2.o(.ARM.Collect$$libinit$$0000002E)
    .ARM.Collect$$libinit$$00000030          0x0000013e   Section        0  libinit2.o(.ARM.Collect$$libinit$$00000030)
    .ARM.Collect$$libinit$$00000032          0x0000013e   Section        0  libinit2.o(.ARM.Collect$$libinit$$00000032)
    .ARM.Collect$$libinit$$00000033          0x0000013e   Section        2  libinit2.o(.ARM.Collect$$libinit$$00000033)
    .ARM.Collect$$libshutdown$$00000000      0x00000140   Section        2  libshutdown.o(.ARM.Collect$$libshutdown$$00000000)
    .ARM.Collect$$libshutdown$$00000002      0x00000142   Section        0  libshutdown2.o(.ARM.Collect$$libshutdown$$00000002)
    .ARM.Collect$$libshutdown$$00000004      0x00000142   Section        0  libshutdown2.o(.ARM.Collect$$libshutdown$$00000004)
    .ARM.Collect$$libshutdown$$00000007      0x00000142   Section        0  libshutdown2.o(.ARM.Collect$$libshutdown$$00000007)
    .ARM.Collect$$libshutdown$$0000000A      0x00000142   Section        0  libshutdown2.o(.ARM.Collect$$libshutdown$$0000000A)
    .ARM.Collect$$libshutdown$$0000000C      0x00000142   Section        0  libshutdown2.o(.ARM.Collect$$libshutdown$$0000000C)
    .ARM.Collect$$libshutdown$$0000000F      0x00000142   Section        0  libshutdown2.o(.ARM.Collect$$libshutdown$$0000000F)
    .ARM.Collect$$libshutdown$$00000010      0x00000142   Section        2  libshutdown2.o(.ARM.Collect$$libshutdown$$00000010)
    .ARM.Collect$$rtentry$$00000000          0x00000144   Section        0  __rtentry.o(.ARM.Collect$$rtentry$$00000000)
    .ARM.Collect$$rtentry$$00000002          0x00000144   Section        0  __rtentry2.o(.ARM.Collect$$rtentry$$00000002)
    .ARM.Collect$$rtentry$$00000004          0x00000144   Section        6  __rtentry4.o(.ARM.Collect$$rtentry$$00000004)
    .ARM.Collect$$rtentry$$00000009          0x0000014a   Section        0  __rtentry2.o(.ARM.Collect$$rtentry$$00000009)
    .ARM.Collect$$rtentry$$0000000A          0x0000014a   Section        4  __rtentry2.o(.ARM.Collect$$rtentry$$0000000A)
    .ARM.Collect$$rtentry$$0000000B          0x0000014e   Section        8  __rtentry2.o(.ARM.Collect$$rtentry$$0000000B)
    .ARM.Collect$$rtentry$$0000000D          0x00000156   Section        8  __rtentry2.o(.ARM.Collect$$rtentry$$0000000D)
    .ARM.Collect$$rtexit$$00000000           0x0000015e   Section        2  rtexit.o(.ARM.Collect$$rtexit$$00000000)
    .ARM.Collect$$rtexit$$00000002           0x00000160   Section        0  rtexit2.o(.ARM.Collect$$rtexit$$00000002)
    .ARM.Collect$$rtexit$$00000003           0x00000160   Section        4  rtexit2.o(.ARM.Collect$$rtexit$$00000003)
    .ARM.Collect$$rtexit$$00000004           0x00000164   Section        6  rtexit2.o(.ARM.Collect$$rtexit$$00000004)
    .emb_text                                0x0000016c   Section       28  rtx_conf_cm.o(.emb_text)
    .emb_text                                0x00000188   Section      356  hal_cm0.o(.emb_text)
    .text                                    0x000002ec   Section       64  startup_mkl25z4.o(.text)
    .text                                    0x0000032c   Section        8  libspace.o(.text)
    .text                                    0x00000334   Section        0  exit.o(.text)
    .text                                    0x00000344   Section        0  heapauxi.o(.text)
    .text                                    0x0000034c   Section        0  sys_exit.o(.text)
    .text                                    0x00000358   Section       62  sys_stackheap_outer.o(.text)
    .text                                    0x00000396   Section        2  use_no_semi.o(.text)
    .text                                    0x00000398   Section        0  indicate_semi.o(.text)
    SVC_TABLE                                0x00000398   Section        4  svc_table.o(SVC_TABLE)
    i.Control_RGB_LEDs                       0x0000039c   Section        0  blinky.o(i.Control_RGB_LEDs)
    i._mutex_acquire                         0x000003d4   Section        0  rtx_conf_cm.o(i._mutex_acquire)
    __tagsym$$used                           0x000003d5   Number         0  rtx_conf_cm.o(i._mutex_acquire)
    i.os_error                               0x000003f8   Section        0  rtx_conf_cm.o(i.os_error)
    i.os_tick_irqack                         0x000003fa   Section        0  rt_system.o(i.os_tick_irqack)
    i.rt_chk_robin                           0x000003fc   Section        0  rtx_conf_cm.o(i.rt_chk_robin)
    i.rt_init_robin                          0x000003fe   Section        0  rtx_conf_cm.o(i.rt_init_robin)
    .ARM.__at_0x400                          0x00000400   Section       16  startup_mkl25z4.o(.ARM.__at_0x400)
    .text                                    0x00000410   Section      346  aeabi_sdiv.o(.text)
    i.I2C0_IRQHandler                        0x0000056c   Section        0  blinky.o(i.I2C0_IRQHandler)
    i.Init_Config_Signals                    0x00000670   Section        0  blinky.o(i.Init_Config_Signals)
    i.Init_Debug_Signals                     0x000006d8   Section        0  blinky.o(i.Init_Debug_Signals)
    i.Init_RGB_LEDs                          0x00000728   Section        0  blinky.o(i.Init_RGB_LEDs)
    i.Initialize_Interrupts                  0x0000078c   Section        0  blinky.o(i.Initialize_Interrupts)
    i.Mode_selection                         0x000007c0   Section        0  blinky.o(i.Mode_selection)
    i.SystemInit                             0x00000844   Section        0  system_mkl25z4.o(i.SystemInit)
    i.Thread_Flash                           0x0000092c   Section        0  blinky.o(i.Thread_Flash)
    i.Thread_I2C                             0x000009ec   Section        0  blinky.o(i.Thread_I2C)
    i._init_box                              0x00000ab0   Section        0  rt_membox.o(i._init_box)
    i._mutex_release                         0x00000af8   Section        0  rtx_conf_cm.o(i._mutex_release)
    __tagsym$$used                           0x00000af9   Number         0  rtx_conf_cm.o(i._mutex_release)
    i.i2c_init                               0x00000b14   Section        0  blinky.o(i.i2c_init)
    i.i2c_read_bytes                         0x00000b5c   Section        0  blinky.o(i.i2c_read_bytes)
    i.i2c_read_bytes_mode_2                  0x00000bfc   Section        0  blinky.o(i.i2c_read_bytes_mode_2)
    i.i2c_read_bytes_mode_3                  0x00000cd4   Section        0  blinky.o(i.i2c_read_bytes_mode_3)
    i.i2c_wait                               0x00000d10   Section        0  blinky.o(i.i2c_wait)
    i.i2c_write_bytes                        0x00000d28   Section        0  blinky.o(i.i2c_write_bytes)
    i.init_mma                               0x00000d84   Section        0  blinky.o(i.init_mma)
    i.isrMessageGet                          0x00000d9a   Section        0  rt_cmsis.o(i.isrMessageGet)
    i.isrMessagePut                          0x00000dc8   Section        0  rt_cmsis.o(i.isrMessagePut)
    i.isrSemaphoreRelease                    0x00000df8   Section        0  rt_cmsis.o(i.isrSemaphoreRelease)
    i.isrSignalSet                           0x00000e24   Section        0  rt_cmsis.o(i.isrSignalSet)
    i.isr_evt_set                            0x00000e4c   Section        0  rt_event.o(i.isr_evt_set)
    i.isr_mbx_receive                        0x00000e70   Section        0  rt_mailbox.o(i.isr_mbx_receive)
    i.isr_mbx_send                           0x00000ebc   Section        0  rt_mailbox.o(i.isr_mbx_send)
    i.isr_sem_send                           0x00000ec8   Section        0  rt_semaphore.o(i.isr_sem_send)
    i.main                                   0x00000ed8   Section        0  blinky.o(i.main)
    i.osDelay                                0x00000f7c   Section        0  rt_cmsis.o(i.osDelay)
    i.osKernelInitialize                     0x00000f98   Section        0  rt_cmsis.o(i.osKernelInitialize)
    i.osKernelStart                          0x00000fc0   Section        0  rt_cmsis.o(i.osKernelStart)
    i.osMessageCreate                        0x0000102c   Section        0  rt_cmsis.o(i.osMessageCreate)
    i.osMessageGet                           0x00001060   Section        0  rt_cmsis.o(i.osMessageGet)
    i.osMessagePut                           0x0000107c   Section        0  rt_cmsis.o(i.osMessagePut)
    i.osPoolAlloc                            0x00001098   Section        0  rt_cmsis.o(i.osPoolAlloc)
    i.osPoolCreate                           0x000010bc   Section        0  rt_cmsis.o(i.osPoolCreate)
    i.osSemaphoreCreate                      0x000010f0   Section        0  rt_cmsis.o(i.osSemaphoreCreate)
    i.osSemaphoreRelease                     0x00001124   Section        0  rt_cmsis.o(i.osSemaphoreRelease)
    i.osSemaphoreWait                        0x00001140   Section        0  rt_cmsis.o(i.osSemaphoreWait)
    i.osSignalSet                            0x0000115c   Section        0  rt_cmsis.o(i.osSignalSet)
    i.osSignalWait                           0x00001178   Section        0  rt_cmsis.o(i.osSignalWait)
    i.osThreadCreate                         0x00001194   Section        0  rt_cmsis.o(i.osThreadCreate)
    i.osThreadExit                           0x000011c8   Section        0  rt_cmsis.o(i.osThreadExit)
    i.osTimerCall                            0x000011e0   Section        0  rt_cmsis.o(i.osTimerCall)
    i.osTimerThread                          0x000011f0   Section        0  rt_cmsis.o(i.osTimerThread)
    i.os_idle_demon                          0x0000121c   Section        0  rtx_conf_cm.o(i.os_idle_demon)
    i.os_tick_init                           0x00001234   Section        0  rt_system.o(i.os_tick_init)
    i.rt_alloc_box                           0x00001260   Section        0  rt_membox.o(i.rt_alloc_box)
    i.rt_alloc_mem                           0x0000127e   Section        0  rt_memory.o(i.rt_alloc_mem)
    i.rt_block                               0x000012c0   Section        0  rt_task.o(i.rt_block)
    i.rt_dec_dly                             0x000012f8   Section        0  rt_list.o(i.rt_dec_dly)
    i.rt_dispatch                            0x0000136c   Section        0  rt_task.o(i.rt_dispatch)
    i.rt_dly_wait                            0x000013ac   Section        0  rt_time.o(i.rt_dly_wait)
    i.rt_evt_psh                             0x000013b8   Section        0  rt_event.o(i.rt_evt_psh)
    i.rt_evt_set                             0x00001408   Section        0  rt_event.o(i.rt_evt_set)
    i.rt_evt_wait                            0x00001464   Section        0  rt_event.o(i.rt_evt_wait)
    i.rt_free_box                            0x000014a4   Section        0  rt_membox.o(i.rt_free_box)
    i.rt_free_mem                            0x000014ca   Section        0  rt_memory.o(i.rt_free_mem)
    i.rt_get_first                           0x000014fa   Section        0  rt_list.o(i.rt_get_first)
    i.rt_id2obj                              0x00001524   Section        0  rt_cmsis.o(i.rt_id2obj)
    rt_id2obj                                0x00001525   Thumb Code     8  rt_cmsis.o(i.rt_id2obj)
    i.rt_init_context                        0x0000152c   Section        0  rt_task.o(i.rt_init_context)
    rt_init_context                          0x0000152d   Thumb Code    66  rt_task.o(i.rt_init_context)
    i.rt_init_mem                            0x00001574   Section        0  rt_memory.o(i.rt_init_mem)
    i.rt_init_stack                          0x00001590   Section        0  hal_cm.o(i.rt_init_stack)
    i.rt_mbx_check                           0x00001608   Section        0  rt_mailbox.o(i.rt_mbx_check)
    i.rt_mbx_init                            0x00001610   Section        0  rt_mailbox.o(i.rt_mbx_init)
    i.rt_mbx_psh                             0x00001634   Section        0  rt_mailbox.o(i.rt_mbx_psh)
    i.rt_mbx_send                            0x00001704   Section        0  rt_mailbox.o(i.rt_mbx_send)
    i.rt_mbx_wait                            0x00001798   Section        0  rt_mailbox.o(i.rt_mbx_wait)
    i.rt_ms2tick                             0x00001848   Section        0  rt_cmsis.o(i.rt_ms2tick)
    rt_ms2tick                               0x00001849   Thumb Code    56  rt_cmsis.o(i.rt_ms2tick)
    i.rt_mut_release                         0x0000188c   Section        0  rt_mutex.o(i.rt_mut_release)
    i.rt_mut_wait                            0x00001964   Section        0  rt_mutex.o(i.rt_mut_wait)
    i.rt_pop_req                             0x000019e4   Section        0  rt_system.o(i.rt_pop_req)
    i.rt_psh_req                             0x00001a54   Section        0  rt_system.o(i.rt_psh_req)
    i.rt_psq_enq                             0x00001a74   Section        0  rt_list.o(i.rt_psq_enq)
    i.rt_put_dly                             0x00001ab4   Section        0  rt_list.o(i.rt_put_dly)
    i.rt_put_prio                            0x00001b04   Section        0  rt_list.o(i.rt_put_prio)
    i.rt_put_rdy_first                       0x00001b40   Section        0  rt_list.o(i.rt_put_rdy_first)
    i.rt_resort_prio                         0x00001b54   Section        0  rt_list.o(i.rt_resort_prio)
    i.rt_ret_val                             0x00001b84   Section        0  hal_cm.o(i.rt_ret_val)
    i.rt_ret_val2                            0x00001b8a   Section        0  hal_cm.o(i.rt_ret_val2)
    i.rt_rmv_dly                             0x00001b92   Section        0  rt_list.o(i.rt_rmv_dly)
    i.rt_rmv_list                            0x00001bbc   Section        0  rt_list.o(i.rt_rmv_list)
    i.rt_sem_init                            0x00001bf0   Section        0  rt_semaphore.o(i.rt_sem_init)
    i.rt_sem_psh                             0x00001bfc   Section        0  rt_semaphore.o(i.rt_sem_psh)
    i.rt_sem_send                            0x00001c30   Section        0  rt_semaphore.o(i.rt_sem_send)
    i.rt_sem_wait                            0x00001c5c   Section        0  rt_semaphore.o(i.rt_sem_wait)
    i.rt_stk_check                           0x00001ca0   Section        0  rt_system.o(i.rt_stk_check)
    i.rt_switch_req                          0x00001cc8   Section        0  rt_task.o(i.rt_switch_req)
    i.rt_sys_init                            0x00001cd8   Section        0  rt_task.o(i.rt_sys_init)
    i.rt_sys_start                           0x00001da0   Section        0  rt_task.o(i.rt_sys_start)
    i.rt_systick                             0x00001e04   Section        0  rt_system.o(i.rt_systick)
    i.rt_tid2ptcb                            0x00001e40   Section        0  rt_cmsis.o(i.rt_tid2ptcb)
    rt_tid2ptcb                              0x00001e41   Thumb Code    18  rt_cmsis.o(i.rt_tid2ptcb)
    i.rt_timer_insert                        0x00001e54   Section        0  rt_cmsis.o(i.rt_timer_insert)
    rt_timer_insert                          0x00001e55   Thumb Code    52  rt_cmsis.o(i.rt_timer_insert)
    i.rt_tsk_create                          0x00001e8c   Section        0  rt_task.o(i.rt_tsk_create)
    i.rt_tsk_delete                          0x00001f04   Section        0  rt_task.o(i.rt_tsk_delete)
    i.rt_tsk_prio                            0x0000205c   Section        0  rt_task.o(i.rt_tsk_prio)
    i.rt_tsk_self                            0x000020dc   Section        0  rt_task.o(i.rt_tsk_self)
    i.svcDelay                               0x000020ec   Section        0  rt_cmsis.o(i.svcDelay)
    i.svcKernelInitialize                    0x00002100   Section        0  rt_cmsis.o(i.svcKernelInitialize)
    i.svcKernelStart                         0x00002178   Section        0  rt_cmsis.o(i.svcKernelStart)
    i.svcMessageCreate                       0x000021c4   Section        0  rt_cmsis.o(i.svcMessageCreate)
    i.svcMessageGet                          0x000021ee   Section        0  rt_cmsis.o(i.svcMessageGet)
    i.svcMessagePut                          0x0000222a   Section        0  rt_cmsis.o(i.svcMessagePut)
    i.svcPoolCreate                          0x00002262   Section        0  rt_cmsis.o(i.svcPoolCreate)
    i.svcSemaphoreCreate                     0x00002290   Section        0  rt_cmsis.o(i.svcSemaphoreCreate)
    i.svcSemaphoreRelease                    0x000022bc   Section        0  rt_cmsis.o(i.svcSemaphoreRelease)
    i.svcSemaphoreWait                       0x000022e8   Section        0  rt_cmsis.o(i.svcSemaphoreWait)
    i.svcSignalSet                           0x0000231c   Section        0  rt_cmsis.o(i.svcSignalSet)
    i.svcSignalWait                          0x00002344   Section        0  rt_cmsis.o(i.svcSignalWait)
    i.svcThreadCreate                        0x000023a0   Section        0  rt_cmsis.o(i.svcThreadCreate)
    i.svcThreadGetId                         0x00002414   Section        0  rt_cmsis.o(i.svcThreadGetId)
    i.svcThreadTerminate                     0x00002430   Section        0  rt_cmsis.o(i.svcThreadTerminate)
    i.svcTimerCall                           0x0000246c   Section        0  rt_cmsis.o(i.svcTimerCall)
    i.sysPoolAlloc                           0x00002488   Section        0  rt_cmsis.o(i.sysPoolAlloc)
    i.sysTimerTick                           0x00002494   Section        0  rt_cmsis.o(i.sysTimerTick)
    .constdata                               0x000024ec   Section       60  blinky.o(.constdata)
    .constdata                               0x00002528   Section        2  rtx_conf_cm.o(.constdata)
    .constdata                               0x0000252c   Section        4  rtx_conf_cm.o(.constdata)
    .constdata                               0x00002530   Section        4  rtx_conf_cm.o(.constdata)
    .constdata                               0x00002534   Section        1  rtx_conf_cm.o(.constdata)
    .constdata                               0x00002538   Section       16  rtx_conf_cm.o(.constdata)
    __tagsym$$used                           0x00002538   Number         0  rtx_conf_cm.o(.constdata)
    __tagsym$$used                           0x0000253c   Number         0  rtx_conf_cm.o(.constdata)
    __tagsym$$used                           0x00002540   Number         0  rtx_conf_cm.o(.constdata)
    __tagsym$$used                           0x00002544   Number         0  rtx_conf_cm.o(.constdata)
    .constdata                               0x00002548   Section        2  rtx_conf_cm.o(.constdata)
    .constdata                               0x0000254c   Section        4  rtx_conf_cm.o(.constdata)
    .constdata                               0x00002550   Section        4  rtx_conf_cm.o(.constdata)
    .constdata                               0x00002554   Section        1  rtx_conf_cm.o(.constdata)
    .constdata                               0x00002558   Section       16  rtx_conf_cm.o(.constdata)
    .constdata                               0x00002568   Section        8  rtx_conf_cm.o(.constdata)
    .constdata                               0x00002570   Section        2  rtx_conf_cm.o(.constdata)
    .constdata                               0x00002574   Section       16  rtx_conf_cm.o(.constdata)
    .data                                    0x1ffff000   Section       68  blinky.o(.data)
    dummy                                    0x1ffff003   Data           1  blinky.o(.data)
    num_bytes_read                           0x1ffff004   Data           1  blinky.o(.data)
    is_last_read                             0x1ffff005   Data           1  blinky.o(.data)
    next_state_1                             0x1ffff006   Data           1  blinky.o(.data)
    rd_wr                                    0x1ffff007   Data           1  blinky.o(.data)
    dev_addr                                 0x1ffff008   Data           1  blinky.o(.data)
    reg_addr                                 0x1ffff009   Data           1  blinky.o(.data)
    no_of_bytes                              0x1ffff00a   Data           1  blinky.o(.data)
    prev_acc_X                               0x1ffff012   Data           2  blinky.o(.data)
    prev_acc_Y                               0x1ffff014   Data           2  blinky.o(.data)
    prev_acc_Z                               0x1ffff016   Data           2  blinky.o(.data)
    F                                        0x1ffff018   Data           4  blinky.o(.data)
    temp_data                                0x1ffff038   Data           6  blinky.o(.data)
    data                                     0x1ffff03e   Data           6  blinky.o(.data)
    .data                                    0x1ffff044   Section        8  blinky.o(.data)
    .data                                    0x1ffff04c   Section        8  blinky.o(.data)
    .data                                    0x1ffff054   Section        4  rtx_conf_cm.o(.data)
    .data                                    0x1ffff058   Section        8  rtx_conf_cm.o(.data)
    nr_mutex                                 0x1ffff05c   Data           4  rtx_conf_cm.o(.data)
    .data                                    0x1ffff060   Section        4  rtx_conf_cm.o(.data)
    .data                                    0x1ffff064   Section        4  rtx_conf_cm.o(.data)
    .data                                    0x1ffff068   Section        8  rt_cmsis.o(.data)
    .data                                    0x1ffff070   Section        8  rt_task.o(.data)
    .data                                    0x1ffff078   Section        8  rt_system.o(.data)
    os_lock                                  0x1ffff078   Data           1  rt_system.o(.data)
    os_psh_flag                              0x1ffff079   Data           1  rt_system.o(.data)
    pend_flags                               0x1ffff07a   Data           1  rt_system.o(.data)
    .data                                    0x1ffff080   Section        4  rt_time.o(.data)
    .bss                                     0x1ffff084   Section       80  blinky.o(.bss)
    .bss                                     0x1ffff0d4   Section      268  blinky.o(.bss)
    .bss                                     0x1ffff1e0   Section       32  rtx_conf_cm.o(.bss)
    .bss                                     0x1ffff200   Section      376  rtx_conf_cm.o(.bss)
    .bss                                     0x1ffff378   Section     1216  rtx_conf_cm.o(.bss)
    .bss                                     0x1ffff838   Section      432  rtx_conf_cm.o(.bss)
    .bss                                     0x1ffff9e8   Section      132  rtx_conf_cm.o(.bss)
    .bss                                     0x1ffffa6c   Section       28  rtx_conf_cm.o(.bss)
    .bss                                     0x1ffffa88   Section       52  rt_task.o(.bss)
    .bss                                     0x1ffffabc   Section       48  rt_list.o(.bss)
    .bss                                     0x1ffffaec   Section       96  libspace.o(.bss)
    HEAP                                     0x1ffffb50   Section        0  startup_mkl25z4.o(HEAP)
    STACK                                    0x1ffffb50   Section      512  startup_mkl25z4.o(STACK)
    Heap_Mem                                 0x1ffffb50   Data           0  startup_mkl25z4.o(HEAP)
    Stack_Mem                                0x1ffffb50   Data         512  startup_mkl25z4.o(STACK)
    __initial_sp                             0x1ffffd50   Data           0  startup_mkl25z4.o(STACK)

    Global Symbols

    Symbol Name                              Value     Ov Type        Size  Object(Section)

    BuildAttributes$$THM_ISAv3M$S$PE$A:L22$X:L11$S22$IEEE1$IW$USESV6$~STKCKD$USESV7$~SHL$OSPACE$ROPI$EBA8$UX$STANDARDLIB$REQ8$PRES8$EABIv2 0x00000000   Number         0  anon$$obj.o ABSOLUTE
    __ARM_use_no_argv                        0x00000000   Number         0  blinky.o ABSOLUTE
    __Vectors                                0x00000000   Data           4  startup_mkl25z4.o(RESET)
    __ARM_exceptions_init                     - Undefined Weak Reference
    __alloca_initialize                       - Undefined Weak Reference
    __arm_preinit_                            - Undefined Weak Reference
    __cpp_initialize__aeabi_                  - Undefined Weak Reference
    __cxa_finalize                            - Undefined Weak Reference
    __rt_locale                               - Undefined Weak Reference
    __sigvec_lookup                           - Undefined Weak Reference
    _atexit_init                              - Undefined Weak Reference
    _call_atexit_fns                          - Undefined Weak Reference
    _clock_init                               - Undefined Weak Reference
    _fp_trap_init                             - Undefined Weak Reference
    _fp_trap_shutdown                         - Undefined Weak Reference
    _get_lc_collate                           - Undefined Weak Reference
    _get_lc_ctype                             - Undefined Weak Reference
    _get_lc_monetary                          - Undefined Weak Reference
    _get_lc_numeric                           - Undefined Weak Reference
    _get_lc_time                              - Undefined Weak Reference
    _getenv_init                              - Undefined Weak Reference
    _handle_redirection                       - Undefined Weak Reference
    _init_alloc                               - Undefined Weak Reference
    _init_user_alloc                          - Undefined Weak Reference
    _initio                                   - Undefined Weak Reference
    _rand_init                                - Undefined Weak Reference
    _signal_finish                            - Undefined Weak Reference
    _signal_init                              - Undefined Weak Reference
    _terminate_alloc                          - Undefined Weak Reference
    _terminate_user_alloc                     - Undefined Weak Reference
    _terminateio                              - Undefined Weak Reference
    __Vectors_End                            0x000000c0   Data           0  startup_mkl25z4.o(RESET)
    __Vectors_Size                           0x000000c0   Number         0  startup_mkl25z4.o ABSOLUTE
    __main                                   0x000000c1   Thumb Code     8  __main.o(!!!main)
    __scatterload                            0x000000c9   Thumb Code     0  __scatter.o(!!!scatter)
    __scatterload_rt2                        0x000000c9   Thumb Code    52  __scatter.o(!!!scatter)
    __scatterload_rt2_thumb_only             0x000000c9   Thumb Code     0  __scatter.o(!!!scatter)
    __scatterload_null                       0x000000d9   Thumb Code     0  __scatter.o(!!!scatter)
    __scatterload_copy                       0x00000105   Thumb Code    26  __scatter_copy.o(!!handler_copy)
    __scatterload_zeroinit                   0x00000121   Thumb Code    28  __scatter_zi.o(!!handler_zi)
    __rt_lib_init                            0x0000013d   Thumb Code     0  libinit.o(.ARM.Collect$$libinit$$00000000)
    __rt_lib_init_alloca_1                   0x0000013f   Thumb Code     0  libinit2.o(.ARM.Collect$$libinit$$0000002E)
    __rt_lib_init_argv_1                     0x0000013f   Thumb Code     0  libinit2.o(.ARM.Collect$$libinit$$0000002C)
    __rt_lib_init_atexit_1                   0x0000013f   Thumb Code     0  libinit2.o(.ARM.Collect$$libinit$$0000001B)
    __rt_lib_init_clock_1                    0x0000013f   Thumb Code     0  libinit2.o(.ARM.Collect$$libinit$$00000021)
    __rt_lib_init_cpp_1                      0x0000013f   Thumb Code     0  libinit2.o(.ARM.Collect$$libinit$$00000032)
    __rt_lib_init_exceptions_1               0x0000013f   Thumb Code     0  libinit2.o(.ARM.Collect$$libinit$$00000030)
    __rt_lib_init_fp_1                       0x0000013f   Thumb Code     0  libinit2.o(.ARM.Collect$$libinit$$00000002)
    __rt_lib_init_fp_trap_1                  0x0000013f   Thumb Code     0  libinit2.o(.ARM.Collect$$libinit$$0000001F)
    __rt_lib_init_getenv_1                   0x0000013f   Thumb Code     0  libinit2.o(.ARM.Collect$$libinit$$00000023)
    __rt_lib_init_heap_1                     0x0000013f   Thumb Code     0  libinit2.o(.ARM.Collect$$libinit$$0000000A)
    __rt_lib_init_lc_collate_1               0x0000013f   Thumb Code     0  libinit2.o(.ARM.Collect$$libinit$$00000011)
    __rt_lib_init_lc_ctype_1                 0x0000013f   Thumb Code     0  libinit2.o(.ARM.Collect$$libinit$$00000013)
    __rt_lib_init_lc_monetary_1              0x0000013f   Thumb Code     0  libinit2.o(.ARM.Collect$$libinit$$00000015)
    __rt_lib_init_lc_numeric_1               0x0000013f   Thumb Code     0  libinit2.o(.ARM.Collect$$libinit$$00000017)
    __rt_lib_init_lc_time_1                  0x0000013f   Thumb Code     0  libinit2.o(.ARM.Collect$$libinit$$00000019)
    __rt_lib_init_preinit_1                  0x0000013f   Thumb Code     0  libinit2.o(.ARM.Collect$$libinit$$00000004)
    __rt_lib_init_rand_1                     0x0000013f   Thumb Code     0  libinit2.o(.ARM.Collect$$libinit$$0000000E)
    __rt_lib_init_return                     0x0000013f   Thumb Code     0  libinit2.o(.ARM.Collect$$libinit$$00000033)
    __rt_lib_init_signal_1                   0x0000013f   Thumb Code     0  libinit2.o(.ARM.Collect$$libinit$$0000001D)
    __rt_lib_init_stdio_1                    0x0000013f   Thumb Code     0  libinit2.o(.ARM.Collect$$libinit$$00000025)
    __rt_lib_init_user_alloc_1               0x0000013f   Thumb Code     0  libinit2.o(.ARM.Collect$$libinit$$0000000C)
    __rt_lib_shutdown                        0x00000141   Thumb Code     0  libshutdown.o(.ARM.Collect$$libshutdown$$00000000)
    __rt_lib_shutdown_cpp_1                  0x00000143   Thumb Code     0  libshutdown2.o(.ARM.Collect$$libshutdown$$00000002)
    __rt_lib_shutdown_fp_trap_1              0x00000143   Thumb Code     0  libshutdown2.o(.ARM.Collect$$libshutdown$$00000007)
    __rt_lib_shutdown_heap_1                 0x00000143   Thumb Code     0  libshutdown2.o(.ARM.Collect$$libshutdown$$0000000F)
    __rt_lib_shutdown_return                 0x00000143   Thumb Code     0  libshutdown2.o(.ARM.Collect$$libshutdown$$00000010)
    __rt_lib_shutdown_signal_1               0x00000143   Thumb Code     0  libshutdown2.o(.ARM.Collect$$libshutdown$$0000000A)
    __rt_lib_shutdown_stdio_1                0x00000143   Thumb Code     0  libshutdown2.o(.ARM.Collect$$libshutdown$$00000004)
    __rt_lib_shutdown_user_alloc_1           0x00000143   Thumb Code     0  libshutdown2.o(.ARM.Collect$$libshutdown$$0000000C)
    __rt_entry                               0x00000145   Thumb Code     0  __rtentry.o(.ARM.Collect$$rtentry$$00000000)
    __rt_entry_presh_1                       0x00000145   Thumb Code     0  __rtentry2.o(.ARM.Collect$$rtentry$$00000002)
    __rt_entry_sh                            0x00000145   Thumb Code     0  __rtentry4.o(.ARM.Collect$$rtentry$$00000004)
    __rt_entry_li                            0x0000014b   Thumb Code     0  __rtentry2.o(.ARM.Collect$$rtentry$$0000000A)
    __rt_entry_postsh_1                      0x0000014b   Thumb Code     0  __rtentry2.o(.ARM.Collect$$rtentry$$00000009)
    __rt_entry_postli_1                      0x0000014f   Thumb Code     0  __rtentry2.o(.ARM.Collect$$rtentry$$0000000B)
    __rt_entry_main                          0x00000157   Thumb Code     0  __rtentry2.o(.ARM.Collect$$rtentry$$0000000D)
    __rt_exit                                0x0000015f   Thumb Code     0  rtexit.o(.ARM.Collect$$rtexit$$00000000)
    __rt_exit_ls                             0x00000161   Thumb Code     0  rtexit2.o(.ARM.Collect$$rtexit$$00000003)
    __rt_exit_prels_1                        0x00000161   Thumb Code     0  rtexit2.o(.ARM.Collect$$rtexit$$00000002)
    __rt_exit_exit                           0x00000165   Thumb Code     0  rtexit2.o(.ARM.Collect$$rtexit$$00000004)
    _platform_post_lib_init                  0x0000016d   Thumb Code    24  rtx_conf_cm.o(.emb_text)
    rt_set_PSP                               0x00000189   Thumb Code     6  hal_cm0.o(.emb_text)
    rt_get_PSP                               0x0000018f   Thumb Code     6  hal_cm0.o(.emb_text)
    os_set_env                               0x00000195   Thumb Code    32  hal_cm0.o(.emb_text)
    _alloc_box                               0x000001b9   Thumb Code    28  hal_cm0.o(.emb_text)
    _free_box                                0x000001d9   Thumb Code    28  hal_cm0.o(.emb_text)
    SVC_Handler                              0x000001f9   Thumb Code   136  hal_cm0.o(.emb_text)
    PendSV_Handler                           0x0000028d   Thumb Code    72  hal_cm0.o(.emb_text)
    SysTick_Handler                          0x000002d9   Thumb Code     8  hal_cm0.o(.emb_text)
    OS_Tick_Handler                          0x000002e1   Thumb Code    12  hal_cm0.o(.emb_text)
    Reset_Handler                            0x000002ed   Thumb Code    12  startup_mkl25z4.o(.text)
    NMI_Handler                              0x000002f9   Thumb Code     2  startup_mkl25z4.o(.text)
    HardFault_Handler                        0x000002fb   Thumb Code     2  startup_mkl25z4.o(.text)
    ADC0_IRQHandler                          0x00000303   Thumb Code     0  startup_mkl25z4.o(.text)
    CMP0_IRQHandler                          0x00000303   Thumb Code     0  startup_mkl25z4.o(.text)
    DAC0_IRQHandler                          0x00000303   Thumb Code     0  startup_mkl25z4.o(.text)
    DMA0_IRQHandler                          0x00000303   Thumb Code     0  startup_mkl25z4.o(.text)
    DMA1_IRQHandler                          0x00000303   Thumb Code     0  startup_mkl25z4.o(.text)
    DMA2_IRQHandler                          0x00000303   Thumb Code     0  startup_mkl25z4.o(.text)
    DMA3_IRQHandler                          0x00000303   Thumb Code     0  startup_mkl25z4.o(.text)
    DefaultISR                               0x00000303   Thumb Code     0  startup_mkl25z4.o(.text)
    FTFA_IRQHandler                          0x00000303   Thumb Code     0  startup_mkl25z4.o(.text)
    I2C1_IRQHandler                          0x00000303   Thumb Code     0  startup_mkl25z4.o(.text)
    LLWU_IRQHandler                          0x00000303   Thumb Code     0  startup_mkl25z4.o(.text)
    LPTMR0_IRQHandler                        0x00000303   Thumb Code     0  startup_mkl25z4.o(.text)
    LVD_LVW_IRQHandler                       0x00000303   Thumb Code     0  startup_mkl25z4.o(.text)
    MCG_IRQHandler                           0x00000303   Thumb Code     0  startup_mkl25z4.o(.text)
    PIT_IRQHandler                           0x00000303   Thumb Code     0  startup_mkl25z4.o(.text)
    PORTA_IRQHandler                         0x00000303   Thumb Code     0  startup_mkl25z4.o(.text)
    PORTD_IRQHandler                         0x00000303   Thumb Code     0  startup_mkl25z4.o(.text)
    RTC_IRQHandler                           0x00000303   Thumb Code     0  startup_mkl25z4.o(.text)
    RTC_Seconds_IRQHandler                   0x00000303   Thumb Code     0  startup_mkl25z4.o(.text)
    Reserved20_IRQHandler                    0x00000303   Thumb Code     0  startup_mkl25z4.o(.text)
    Reserved39_IRQHandler                    0x00000303   Thumb Code     0  startup_mkl25z4.o(.text)
    Reserved45_IRQHandler                    0x00000303   Thumb Code     0  startup_mkl25z4.o(.text)
    SPI0_IRQHandler                          0x00000303   Thumb Code     0  startup_mkl25z4.o(.text)
    SPI1_IRQHandler                          0x00000303   Thumb Code     0  startup_mkl25z4.o(.text)
    TPM0_IRQHandler                          0x00000303   Thumb Code     0  startup_mkl25z4.o(.text)
    TPM1_IRQHandler                          0x00000303   Thumb Code     0  startup_mkl25z4.o(.text)
    TPM2_IRQHandler                          0x00000303   Thumb Code     0  startup_mkl25z4.o(.text)
    TSI0_IRQHandler                          0x00000303   Thumb Code     0  startup_mkl25z4.o(.text)
    UART0_IRQHandler                         0x00000303   Thumb Code     0  startup_mkl25z4.o(.text)
    UART1_IRQHandler                         0x00000303   Thumb Code     0  startup_mkl25z4.o(.text)
    UART2_IRQHandler                         0x00000303   Thumb Code     0  startup_mkl25z4.o(.text)
    USB0_IRQHandler                          0x00000303   Thumb Code     0  startup_mkl25z4.o(.text)
    __user_initial_stackheap                 0x00000309   Thumb Code     0  startup_mkl25z4.o(.text)
    __user_libspace                          0x0000032d   Thumb Code     8  libspace.o(.text)
    __user_perproc_libspace                  0x0000032d   Thumb Code     0  libspace.o(.text)
    exit                                     0x00000335   Thumb Code    16  exit.o(.text)
    __use_two_region_memory                  0x00000345   Thumb Code     2  heapauxi.o(.text)
    __rt_heap_escrow$2region                 0x00000347   Thumb Code     2  heapauxi.o(.text)
    __rt_heap_expand$2region                 0x00000349   Thumb Code     2  heapauxi.o(.text)
    _sys_exit                                0x0000034d   Thumb Code     8  sys_exit.o(.text)
    __user_setup_stackheap                   0x00000359   Thumb Code    62  sys_stackheap_outer.o(.text)
    __I$use$semihosting                      0x00000397   Thumb Code     0  use_no_semi.o(.text)
    __use_no_semihosting_swi                 0x00000397   Thumb Code     2  use_no_semi.o(.text)
    SVC_Count                                0x00000398   Data           4  svc_table.o(SVC_TABLE)
    __semihosting_library_function           0x00000399   Thumb Code     0  indicate_semi.o(.text)
    Control_RGB_LEDs                         0x0000039d   Thumb Code    50  blinky.o(i.Control_RGB_LEDs)
    SVC_Table                                0x0000039c   Data           0  svc_table.o(SVC_TABLE)
    _mutex_acquire                           0x000003d5   Thumb Code    22  rtx_conf_cm.o(i._mutex_acquire)
    os_error                                 0x000003f9   Thumb Code     2  rtx_conf_cm.o(i.os_error)
    os_tick_irqack                           0x000003fb   Thumb Code     2  rt_system.o(i.os_tick_irqack)
    rt_chk_robin                             0x000003fd   Thumb Code     2  rtx_conf_cm.o(i.rt_chk_robin)
    rt_init_robin                            0x000003ff   Thumb Code     2  rtx_conf_cm.o(i.rt_init_robin)
    __aeabi_uidiv                            0x00000411   Thumb Code     0  aeabi_sdiv.o(.text)
    __aeabi_uidivmod                         0x00000411   Thumb Code    20  aeabi_sdiv.o(.text)
    __aeabi_idiv                             0x00000425   Thumb Code     0  aeabi_sdiv.o(.text)
    __aeabi_idivmod                          0x00000425   Thumb Code   326  aeabi_sdiv.o(.text)
    __RL_RTX_VER                             0x00000482   Number         0  rt_system.o ABSOLUTE
    I2C0_IRQHandler                          0x0000056d   Thumb Code   242  blinky.o(i.I2C0_IRQHandler)
    Init_Config_Signals                      0x00000671   Thumb Code    92  blinky.o(i.Init_Config_Signals)
    Init_Debug_Signals                       0x000006d9   Thumb Code    66  blinky.o(i.Init_Debug_Signals)
    Init_RGB_LEDs                            0x00000729   Thumb Code    84  blinky.o(i.Init_RGB_LEDs)
    Initialize_Interrupts                    0x0000078d   Thumb Code    36  blinky.o(i.Initialize_Interrupts)
    Mode_selection                           0x000007c1   Thumb Code   122  blinky.o(i.Mode_selection)
    SystemInit                               0x00000845   Thumb Code   186  system_mkl25z4.o(i.SystemInit)
    Thread_Flash                             0x0000092d   Thumb Code   186  blinky.o(i.Thread_Flash)
    Thread_I2C                               0x000009ed   Thumb Code   192  blinky.o(i.Thread_I2C)
    _init_box                                0x00000ab1   Thumb Code    72  rt_membox.o(i._init_box)
    _mutex_release                           0x00000af9   Thumb Code    20  rtx_conf_cm.o(i._mutex_release)
    i2c_init                                 0x00000b15   Thumb Code    60  blinky.o(i.i2c_init)
    i2c_read_bytes                           0x00000b5d   Thumb Code   150  blinky.o(i.i2c_read_bytes)
    i2c_read_bytes_mode_2                    0x00000bfd   Thumb Code   200  blinky.o(i.i2c_read_bytes_mode_2)
    i2c_read_bytes_mode_3                    0x00000cd5   Thumb Code    48  blinky.o(i.i2c_read_bytes_mode_3)
    i2c_wait                                 0x00000d11   Thumb Code    18  blinky.o(i.i2c_wait)
    i2c_write_bytes                          0x00000d29   Thumb Code    82  blinky.o(i.i2c_write_bytes)
    init_mma                                 0x00000d85   Thumb Code    22  blinky.o(i.init_mma)
    isrMessageGet                            0x00000d9b   Thumb Code    46  rt_cmsis.o(i.isrMessageGet)
    isrMessagePut                            0x00000dc9   Thumb Code    48  rt_cmsis.o(i.isrMessagePut)
    isrSemaphoreRelease                      0x00000df9   Thumb Code    40  rt_cmsis.o(i.isrSemaphoreRelease)
    isrSignalSet                             0x00000e25   Thumb Code    38  rt_cmsis.o(i.isrSignalSet)
    isr_evt_set                              0x00000e4d   Thumb Code    30  rt_event.o(i.isr_evt_set)
    isr_mbx_receive                          0x00000e71   Thumb Code    76  rt_mailbox.o(i.isr_mbx_receive)
    isr_mbx_send                             0x00000ebd   Thumb Code    12  rt_mailbox.o(i.isr_mbx_send)
    isr_sem_send                             0x00000ec9   Thumb Code    14  rt_semaphore.o(i.isr_sem_send)
    main                                     0x00000ed9   Thumb Code   156  blinky.o(i.main)
    osDelay                                  0x00000f7d   Thumb Code    22  rt_cmsis.o(i.osDelay)
    osKernelInitialize                       0x00000f99   Thumb Code    36  rt_cmsis.o(i.osKernelInitialize)
    osKernelStart                            0x00000fc1   Thumb Code   100  rt_cmsis.o(i.osKernelStart)
    osMessageCreate                          0x0000102d   Thumb Code    44  rt_cmsis.o(i.osMessageCreate)
    osMessageGet                             0x00001061   Thumb Code    24  rt_cmsis.o(i.osMessageGet)
    osMessagePut                             0x0000107d   Thumb Code    24  rt_cmsis.o(i.osMessagePut)
    osPoolAlloc                              0x00001099   Thumb Code    32  rt_cmsis.o(i.osPoolAlloc)
    osPoolCreate                             0x000010bd   Thumb Code    44  rt_cmsis.o(i.osPoolCreate)
    osSemaphoreCreate                        0x000010f1   Thumb Code    44  rt_cmsis.o(i.osSemaphoreCreate)
    osSemaphoreRelease                       0x00001125   Thumb Code    24  rt_cmsis.o(i.osSemaphoreRelease)
    osSemaphoreWait                          0x00001141   Thumb Code    24  rt_cmsis.o(i.osSemaphoreWait)
    osSignalSet                              0x0000115d   Thumb Code    24  rt_cmsis.o(i.osSignalSet)
    osSignalWait                             0x00001179   Thumb Code    22  rt_cmsis.o(i.osSignalWait)
    osThreadCreate                           0x00001195   Thumb Code    44  rt_cmsis.o(i.osThreadCreate)
    osThreadExit                             0x000011c9   Thumb Code    14  rt_cmsis.o(i.osThreadExit)
    osTimerCall                              0x000011e1   Thumb Code    10  rt_cmsis.o(i.osTimerCall)
    osTimerThread                            0x000011f1   Thumb Code    38  rt_cmsis.o(i.osTimerThread)
    os_idle_demon                            0x0000121d   Thumb Code    16  rtx_conf_cm.o(i.os_idle_demon)
    os_tick_init                             0x00001235   Thumb Code    32  rt_system.o(i.os_tick_init)
    rt_alloc_box                             0x00001261   Thumb Code    30  rt_membox.o(i.rt_alloc_box)
    rt_alloc_mem                             0x0000127f   Thumb Code    66  rt_memory.o(i.rt_alloc_mem)
    rt_block                                 0x000012c1   Thumb Code    42  rt_task.o(i.rt_block)
    rt_dec_dly                               0x000012f9   Thumb Code   108  rt_list.o(i.rt_dec_dly)
    rt_dispatch                              0x0000136d   Thumb Code    56  rt_task.o(i.rt_dispatch)
    rt_dly_wait                              0x000013ad   Thumb Code    10  rt_time.o(i.rt_dly_wait)
    rt_evt_psh                               0x000013b9   Thumb Code    74  rt_event.o(i.rt_evt_psh)
    rt_evt_set                               0x00001409   Thumb Code    86  rt_event.o(i.rt_evt_set)
    rt_evt_wait                              0x00001465   Thumb Code    58  rt_event.o(i.rt_evt_wait)
    rt_free_box                              0x000014a5   Thumb Code    38  rt_membox.o(i.rt_free_box)
    rt_free_mem                              0x000014cb   Thumb Code    48  rt_memory.o(i.rt_free_mem)
    rt_get_first                             0x000014fb   Thumb Code    42  rt_list.o(i.rt_get_first)
    rt_init_mem                              0x00001575   Thumb Code    28  rt_memory.o(i.rt_init_mem)
    rt_init_stack                            0x00001591   Thumb Code   106  hal_cm.o(i.rt_init_stack)
    rt_mbx_check                             0x00001609   Thumb Code     8  rt_mailbox.o(i.rt_mbx_check)
    rt_mbx_init                              0x00001611   Thumb Code    30  rt_mailbox.o(i.rt_mbx_init)
    rt_mbx_psh                               0x00001635   Thumb Code   204  rt_mailbox.o(i.rt_mbx_psh)
    rt_mbx_send                              0x00001705   Thumb Code   144  rt_mailbox.o(i.rt_mbx_send)
    rt_mbx_wait                              0x00001799   Thumb Code   170  rt_mailbox.o(i.rt_mbx_wait)
    rt_mut_release                           0x0000188d   Thumb Code   206  rt_mutex.o(i.rt_mut_release)
    rt_mut_wait                              0x00001965   Thumb Code   118  rt_mutex.o(i.rt_mut_wait)
    rt_pop_req                               0x000019e5   Thumb Code   100  rt_system.o(i.rt_pop_req)
    rt_psh_req                               0x00001a55   Thumb Code    24  rt_system.o(i.rt_psh_req)
    rt_psq_enq                               0x00001a75   Thumb Code    60  rt_list.o(i.rt_psq_enq)
    rt_put_dly                               0x00001ab5   Thumb Code    74  rt_list.o(i.rt_put_dly)
    rt_put_prio                              0x00001b05   Thumb Code    60  rt_list.o(i.rt_put_prio)
    rt_put_rdy_first                         0x00001b41   Thumb Code    14  rt_list.o(i.rt_put_rdy_first)
    rt_resort_prio                           0x00001b55   Thumb Code    44  rt_list.o(i.rt_resort_prio)
    rt_ret_val                               0x00001b85   Thumb Code     6  hal_cm.o(i.rt_ret_val)
    rt_ret_val2                              0x00001b8b   Thumb Code     8  hal_cm.o(i.rt_ret_val2)
    rt_rmv_dly                               0x00001b93   Thumb Code    42  rt_list.o(i.rt_rmv_dly)
    rt_rmv_list                              0x00001bbd   Thumb Code    46  rt_list.o(i.rt_rmv_list)
    rt_sem_init                              0x00001bf1   Thumb Code    12  rt_semaphore.o(i.rt_sem_init)
    rt_sem_psh                               0x00001bfd   Thumb Code    48  rt_semaphore.o(i.rt_sem_psh)
    rt_sem_send                              0x00001c31   Thumb Code    44  rt_semaphore.o(i.rt_sem_send)
    rt_sem_wait                              0x00001c5d   Thumb Code    64  rt_semaphore.o(i.rt_sem_wait)
    rt_stk_check                             0x00001ca1   Thumb Code    30  rt_system.o(i.rt_stk_check)
    rt_switch_req                            0x00001cc9   Thumb Code    10  rt_task.o(i.rt_switch_req)
    rt_sys_init                              0x00001cd9   Thumb Code   134  rt_task.o(i.rt_sys_init)
    rt_sys_start                             0x00001da1   Thumb Code    82  rt_task.o(i.rt_sys_start)
    rt_systick                               0x00001e05   Thumb Code    48  rt_system.o(i.rt_systick)
    rt_tsk_create                            0x00001e8d   Thumb Code   106  rt_task.o(i.rt_tsk_create)
    rt_tsk_delete                            0x00001f05   Thumb Code   318  rt_task.o(i.rt_tsk_delete)
    rt_tsk_prio                              0x0000205d   Thumb Code   112  rt_task.o(i.rt_tsk_prio)
    rt_tsk_self                              0x000020dd   Thumb Code    12  rt_task.o(i.rt_tsk_self)
    svcDelay                                 0x000020ed   Thumb Code    18  rt_cmsis.o(i.svcDelay)
    svcKernelInitialize                      0x00002101   Thumb Code    86  rt_cmsis.o(i.svcKernelInitialize)
    svcKernelStart                           0x00002179   Thumb Code    66  rt_cmsis.o(i.svcKernelStart)
    svcMessageCreate                         0x000021c5   Thumb Code    42  rt_cmsis.o(i.svcMessageCreate)
    svcMessageGet                            0x000021ef   Thumb Code    60  rt_cmsis.o(i.svcMessageGet)
    svcMessagePut                            0x0000222b   Thumb Code    56  rt_cmsis.o(i.svcMessagePut)
    svcPoolCreate                            0x00002263   Thumb Code    46  rt_cmsis.o(i.svcPoolCreate)
    svcSemaphoreCreate                       0x00002291   Thumb Code    40  rt_cmsis.o(i.svcSemaphoreCreate)
    svcSemaphoreRelease                      0x000022bd   Thumb Code    40  rt_cmsis.o(i.svcSemaphoreRelease)
    svcSemaphoreWait                         0x000022e9   Thumb Code    48  rt_cmsis.o(i.svcSemaphoreWait)
    svcSignalSet                             0x0000231d   Thumb Code    38  rt_cmsis.o(i.svcSignalSet)
    svcSignalWait                            0x00002345   Thumb Code    82  rt_cmsis.o(i.svcSignalWait)
    svcThreadCreate                          0x000023a1   Thumb Code   102  rt_cmsis.o(i.svcThreadCreate)
    svcThreadGetId                           0x00002415   Thumb Code    22  rt_cmsis.o(i.svcThreadGetId)
    svcThreadTerminate                       0x00002431   Thumb Code    56  rt_cmsis.o(i.svcThreadTerminate)
    svcTimerCall                             0x0000246d   Thumb Code    28  rt_cmsis.o(i.svcTimerCall)
    sysPoolAlloc                             0x00002489   Thumb Code    12  rt_cmsis.o(i.sysPoolAlloc)
    sysTimerTick                             0x00002495   Thumb Code    78  rt_cmsis.o(i.sysTimerTick)
    os_semaphore_def_RGB_sem                 0x000024ec   Data           4  blinky.o(.constdata)
    os_semaphore_def_RGB_sem1                0x000024f0   Data           4  blinky.o(.constdata)
    os_messageQ_def_I2C_msgq                 0x000024f4   Data           8  blinky.o(.constdata)
    os_thread_def_Thread_Flash               0x000024fc   Data          16  blinky.o(.constdata)
    os_thread_def_Thread_I2C                 0x0000250c   Data          16  blinky.o(.constdata)
    os_pool_def_mpool                        0x0000251c   Data          12  blinky.o(.constdata)
    os_maxtaskrun                            0x00002528   Data           2  rtx_conf_cm.o(.constdata)
    os_stackinfo                             0x0000252c   Data           4  rtx_conf_cm.o(.constdata)
    os_trv                                   0x00002530   Data           4  rtx_conf_cm.o(.constdata)
    os_flags                                 0x00002534   Data           1  rtx_conf_cm.o(.constdata)
    CMSIS_RTOS_API_Version                   0x00002538   Data           4  rtx_conf_cm.o(.constdata)
    CMSIS_RTOS_RTX_Version                   0x0000253c   Data           4  rtx_conf_cm.o(.constdata)
    os_clockrate                             0x00002540   Data           4  rtx_conf_cm.o(.constdata)
    os_timernum                              0x00002544   Data           4  rtx_conf_cm.o(.constdata)
    mp_tcb_size                              0x00002548   Data           2  rtx_conf_cm.o(.constdata)
    mp_stk_size                              0x0000254c   Data           4  rtx_conf_cm.o(.constdata)
    os_stack_sz                              0x00002550   Data           4  rtx_conf_cm.o(.constdata)
    os_fifo_size                             0x00002554   Data           1  rtx_conf_cm.o(.constdata)
    os_thread_def_osTimerThread              0x00002558   Data          16  rtx_conf_cm.o(.constdata)
    os_messageQ_def_osTimerMessageQ          0x00002568   Data           8  rtx_conf_cm.o(.constdata)
    mp_tmr_size                              0x00002570   Data           2  rtx_conf_cm.o(.constdata)
    os_thread_def_main                       0x00002574   Data          16  rtx_conf_cm.o(.constdata)
    Region$$Table$$Base                      0x00002584   Number         0  anon$$obj.o(Region$$Table)
    Region$$Table$$Limit                     0x000025a4   Number         0  anon$$obj.o(Region$$Table)
    Mode_block                               0x1ffff000   Data           1  blinky.o(.data)
    Mode_ISR_PerByte                         0x1ffff001   Data           1  blinky.o(.data)
    Mode_ISR_PerTranc                        0x1ffff002   Data           1  blinky.o(.data)
    acc_X                                    0x1ffff00c   Data           2  blinky.o(.data)
    acc_Y                                    0x1ffff00e   Data           2  blinky.o(.data)
    acc_Z                                    0x1ffff010   Data           2  blinky.o(.data)
    count_value                              0x1ffff01c   Data           4  blinky.o(.data)
    t_F                                      0x1ffff020   Data           4  blinky.o(.data)
    t_I2C                                    0x1ffff024   Data           4  blinky.o(.data)
    RGB_sem                                  0x1ffff028   Data           4  blinky.o(.data)
    RGB_sem1                                 0x1ffff02c   Data           4  blinky.o(.data)
    mpool                                    0x1ffff030   Data           4  blinky.o(.data)
    I2C_msgq                                 0x1ffff034   Data           4  blinky.o(.data)
    os_semaphore_cb_RGB_sem                  0x1ffff044   Data           8  blinky.o(.data)
    os_semaphore_cb_RGB_sem1                 0x1ffff04c   Data           8  blinky.o(.data)
    m_tmr                                    0x1ffff054   Data           4  rtx_conf_cm.o(.data)
    counter                                  0x1ffff058   Data           4  rtx_conf_cm.o(.data)
    osThreadId_osTimerThread                 0x1ffff060   Data           4  rtx_conf_cm.o(.data)
    osMessageQId_osTimerMessageQ             0x1ffff064   Data           4  rtx_conf_cm.o(.data)
    os_initialized                           0x1ffff068   Data           1  rt_cmsis.o(.data)
    os_running                               0x1ffff069   Data           1  rt_cmsis.o(.data)
    os_timer_head                            0x1ffff06c   Data           4  rt_cmsis.o(.data)
    os_tsk                                   0x1ffff070   Data           8  rt_task.o(.data)
    os_tick_irqn                             0x1ffff07c   Data           4  rt_system.o(.data)
    os_time                                  0x1ffff080   Data           4  rt_time.o(.data)
    os_messageQ_q_I2C_msgq                   0x1ffff084   Data          80  blinky.o(.bss)
    os_pool_m_mpool                          0x1ffff0d4   Data         268  blinky.o(.bss)
    os_messageQ_q_osTimerMessageQ            0x1ffff1e0   Data          32  rtx_conf_cm.o(.bss)
    mp_tcb                                   0x1ffff200   Data         376  rtx_conf_cm.o(.bss)
    mp_stk                                   0x1ffff378   Data        1216  rtx_conf_cm.o(.bss)
    os_stack_mem                             0x1ffff838   Data         432  rtx_conf_cm.o(.bss)
    os_fifo                                  0x1ffff9e8   Data         132  rtx_conf_cm.o(.bss)
    os_active_TCB                            0x1ffffa6c   Data          28  rtx_conf_cm.o(.bss)
    os_idle_TCB                              0x1ffffa88   Data          52  rt_task.o(.bss)
    os_rdy                                   0x1ffffabc   Data          24  rt_list.o(.bss)
    os_dly                                   0x1ffffad4   Data          24  rt_list.o(.bss)
    __libspace_start                         0x1ffffaec   Data          96  libspace.o(.bss)
    __temporary_stack_top$libspace           0x1ffffb4c   Data           0  libspace.o(.bss)



==============================================================================

Memory Map of the image

  Image Entry point : 0x000000c1

  Load Region LR_IROM1 (Base: 0x00000000, Size: 0x00002628, Max: 0x00020000, ABSOLUTE)

    Execution Region ER_IROM1 (Base: 0x00000000, Size: 0x000025a4, Max: 0x00020000, ABSOLUTE)

    Base Addr    Size         Type   Attr      Idx    E Section Name        Object

    0x00000000   0x000000c0   Data   RO          277    RESET               startup_mkl25z4.o
    0x000000c0   0x00000008   Code   RO         1525  * !!!main             c_p.l(__main.o)
    0x000000c8   0x0000003c   Code   RO         1692    !!!scatter          c_p.l(__scatter.o)
    0x00000104   0x0000001a   Code   RO         1694    !!handler_copy      c_p.l(__scatter_copy.o)
    0x0000011e   0x00000002   PAD
    0x00000120   0x0000001c   Code   RO         1696    !!handler_zi        c_p.l(__scatter_zi.o)
    0x0000013c   0x00000002   Code   RO         1577    .ARM.Collect$$libinit$$00000000  c_p.l(libinit.o)
    0x0000013e   0x00000000   Code   RO         1590    .ARM.Collect$$libinit$$00000002  c_p.l(libinit2.o)
    0x0000013e   0x00000000   Code   RO         1592    .ARM.Collect$$libinit$$00000004  c_p.l(libinit2.o)
    0x0000013e   0x00000000   Code   RO         1595    .ARM.Collect$$libinit$$0000000A  c_p.l(libinit2.o)
    0x0000013e   0x00000000   Code   RO         1597    .ARM.Collect$$libinit$$0000000C  c_p.l(libinit2.o)
    0x0000013e   0x00000000   Code   RO         1599    .ARM.Collect$$libinit$$0000000E  c_p.l(libinit2.o)
    0x0000013e   0x00000000   Code   RO         1602    .ARM.Collect$$libinit$$00000011  c_p.l(libinit2.o)
    0x0000013e   0x00000000   Code   RO         1604    .ARM.Collect$$libinit$$00000013  c_p.l(libinit2.o)
    0x0000013e   0x00000000   Code   RO         1606    .ARM.Collect$$libinit$$00000015  c_p.l(libinit2.o)
    0x0000013e   0x00000000   Code   RO         1608    .ARM.Collect$$libinit$$00000017  c_p.l(libinit2.o)
    0x0000013e   0x00000000   Code   RO         1610    .ARM.Collect$$libinit$$00000019  c_p.l(libinit2.o)
    0x0000013e   0x00000000   Code   RO         1612    .ARM.Collect$$libinit$$0000001B  c_p.l(libinit2.o)
    0x0000013e   0x00000000   Code   RO         1614    .ARM.Collect$$libinit$$0000001D  c_p.l(libinit2.o)
    0x0000013e   0x00000000   Code   RO         1616    .ARM.Collect$$libinit$$0000001F  c_p.l(libinit2.o)
    0x0000013e   0x00000000   Code   RO         1618    .ARM.Collect$$libinit$$00000021  c_p.l(libinit2.o)
    0x0000013e   0x00000000   Code   RO         1620    .ARM.Collect$$libinit$$00000023  c_p.l(libinit2.o)
    0x0000013e   0x00000000   Code   RO         1622    .ARM.Collect$$libinit$$00000025  c_p.l(libinit2.o)
    0x0000013e   0x00000000   Code   RO         1626    .ARM.Collect$$libinit$$0000002C  c_p.l(libinit2.o)
    0x0000013e   0x00000000   Code   RO         1628    .ARM.Collect$$libinit$$0000002E  c_p.l(libinit2.o)
    0x0000013e   0x00000000   Code   RO         1630    .ARM.Collect$$libinit$$00000030  c_p.l(libinit2.o)
    0x0000013e   0x00000000   Code   RO         1632    .ARM.Collect$$libinit$$00000032  c_p.l(libinit2.o)
    0x0000013e   0x00000002   Code   RO         1633    .ARM.Collect$$libinit$$00000033  c_p.l(libinit2.o)
    0x00000140   0x00000002   Code   RO         1578    .ARM.Collect$$libshutdown$$00000000  c_p.l(libshutdown.o)
    0x00000142   0x00000000   Code   RO         1635    .ARM.Collect$$libshutdown$$00000002  c_p.l(libshutdown2.o)
    0x00000142   0x00000000   Code   RO         1637    .ARM.Collect$$libshutdown$$00000004  c_p.l(libshutdown2.o)
    0x00000142   0x00000000   Code   RO         1640    .ARM.Collect$$libshutdown$$00000007  c_p.l(libshutdown2.o)
    0x00000142   0x00000000   Code   RO         1643    .ARM.Collect$$libshutdown$$0000000A  c_p.l(libshutdown2.o)
    0x00000142   0x00000000   Code   RO         1645    .ARM.Collect$$libshutdown$$0000000C  c_p.l(libshutdown2.o)
    0x00000142   0x00000000   Code   RO         1648    .ARM.Collect$$libshutdown$$0000000F  c_p.l(libshutdown2.o)
    0x00000142   0x00000002   Code   RO         1649    .ARM.Collect$$libshutdown$$00000010  c_p.l(libshutdown2.o)
    0x00000144   0x00000000   Code   RO         1527    .ARM.Collect$$rtentry$$00000000  c_p.l(__rtentry.o)
    0x00000144   0x00000000   Code   RO         1539    .ARM.Collect$$rtentry$$00000002  c_p.l(__rtentry2.o)
    0x00000144   0x00000006   Code   RO         1551    .ARM.Collect$$rtentry$$00000004  c_p.l(__rtentry4.o)
    0x0000014a   0x00000000   Code   RO         1541    .ARM.Collect$$rtentry$$00000009  c_p.l(__rtentry2.o)
    0x0000014a   0x00000004   Code   RO         1542    .ARM.Collect$$rtentry$$0000000A  c_p.l(__rtentry2.o)
    0x0000014e   0x00000008   Code   RO         1543    .ARM.Collect$$rtentry$$0000000B  c_p.l(__rtentry2.o)
    0x00000156   0x00000008   Code   RO         1545    .ARM.Collect$$rtentry$$0000000D  c_p.l(__rtentry2.o)
    0x0000015e   0x00000002   Code   RO         1528    .ARM.Collect$$rtexit$$00000000  c_p.l(rtexit.o)
    0x00000160   0x00000000   Code   RO         1554    .ARM.Collect$$rtexit$$00000002  c_p.l(rtexit2.o)
    0x00000160   0x00000004   Code   RO         1555    .ARM.Collect$$rtexit$$00000003  c_p.l(rtexit2.o)
    0x00000164   0x00000006   Code   RO         1556    .ARM.Collect$$rtexit$$00000004  c_p.l(rtexit2.o)
    0x0000016a   0x00000002   PAD
    0x0000016c   0x0000001c   Code   RO          170    .emb_text           rtx_conf_cm.o
    0x00000188   0x00000164   Code   RO         1476    .emb_text           RTX_CM0.lib(hal_cm0.o)
    0x000002ec   0x00000040   Code   RO          279    .text               startup_mkl25z4.o
    0x0000032c   0x00000008   Code   RO         1512    .text               c_p.l(libspace.o)
    0x00000334   0x00000010   Code   RO         1517    .text               c_p.l(exit.o)
    0x00000344   0x00000006   Code   RO         1523    .text               c_p.l(heapauxi.o)
    0x0000034a   0x00000002   PAD
    0x0000034c   0x0000000c   Code   RO         1562    .text               c_p.l(sys_exit.o)
    0x00000358   0x0000003e   Code   RO         1564    .text               c_p.l(sys_stackheap_outer.o)
    0x00000396   0x00000002   Code   RO         1579    .text               c_p.l(use_no_semi.o)
    0x00000398   0x00000000   Code   RO         1581    .text               c_p.l(indicate_semi.o)
    0x00000398   0x00000004   Code   RO         1507    SVC_TABLE           RTX_CM0.lib(svc_table.o)
    0x0000039c   0x00000038   Code   RO            3    i.Control_RGB_LEDs  blinky.o
    0x000003d4   0x00000024   Code   RO          172    i._mutex_acquire    rtx_conf_cm.o
    0x000003f8   0x00000002   Code   RO          175    i.os_error          rtx_conf_cm.o
    0x000003fa   0x00000002   Code   RO         1068    i.os_tick_irqack    RTX_CM0.lib(rt_system.o)
    0x000003fc   0x00000002   Code   RO          177    i.rt_chk_robin      rtx_conf_cm.o
    0x000003fe   0x00000002   Code   RO          178    i.rt_init_robin     rtx_conf_cm.o
    0x00000400   0x00000010   Code   RO          278    .ARM.__at_0x400     startup_mkl25z4.o
    0x00000410   0x0000015a   Code   RO         1519    .text               c_p.l(aeabi_sdiv.o)
    0x0000056a   0x00000002   PAD
    0x0000056c   0x00000104   Code   RO            4    i.I2C0_IRQHandler   blinky.o
    0x00000670   0x00000068   Code   RO            5    i.Init_Config_Signals  blinky.o
    0x000006d8   0x00000050   Code   RO            6    i.Init_Debug_Signals  blinky.o
    0x00000728   0x00000064   Code   RO            7    i.Init_RGB_LEDs     blinky.o
    0x0000078c   0x00000034   Code   RO            8    i.Initialize_Interrupts  blinky.o
    0x000007c0   0x00000084   Code   RO           10    i.Mode_selection    blinky.o
    0x00000844   0x000000e8   Code   RO          288    i.SystemInit        system_mkl25z4.o
    0x0000092c   0x000000c0   Code   RO           11    i.Thread_Flash      blinky.o
    0x000009ec   0x000000c4   Code   RO           12    i.Thread_I2C        blinky.o
    0x00000ab0   0x00000048   Code   RO         1399    i._init_box         RTX_CM0.lib(rt_membox.o)
    0x00000af8   0x0000001c   Code   RO          174    i._mutex_release    rtx_conf_cm.o
    0x00000b14   0x00000048   Code   RO           13    i.i2c_init          blinky.o
    0x00000b5c   0x000000a0   Code   RO           14    i.i2c_read_bytes    blinky.o
    0x00000bfc   0x000000d8   Code   RO           15    i.i2c_read_bytes_mode_2  blinky.o
    0x00000cd4   0x0000003c   Code   RO           16    i.i2c_read_bytes_mode_3  blinky.o
    0x00000d10   0x00000018   Code   RO           17    i.i2c_wait          blinky.o
    0x00000d28   0x0000005c   Code   RO           18    i.i2c_write_bytes   blinky.o
    0x00000d84   0x00000016   Code   RO           19    i.init_mma          blinky.o
    0x00000d9a   0x0000002e   Code   RO          330    i.isrMessageGet     RTX_CM0.lib(rt_cmsis.o)
    0x00000dc8   0x00000030   Code   RO          331    i.isrMessagePut     RTX_CM0.lib(rt_cmsis.o)
    0x00000df8   0x0000002c   Code   RO          332    i.isrSemaphoreRelease  RTX_CM0.lib(rt_cmsis.o)
    0x00000e24   0x00000026   Code   RO          333    i.isrSignalSet      RTX_CM0.lib(rt_cmsis.o)
    0x00000e4a   0x00000002   PAD
    0x00000e4c   0x00000024   Code   RO         1157    i.isr_evt_set       RTX_CM0.lib(rt_event.o)
    0x00000e70   0x0000004c   Code   RO         1275    i.isr_mbx_receive   RTX_CM0.lib(rt_mailbox.o)
    0x00000ebc   0x0000000c   Code   RO         1276    i.isr_mbx_send      RTX_CM0.lib(rt_mailbox.o)
    0x00000ec8   0x0000000e   Code   RO         1323    i.isr_sem_send      RTX_CM0.lib(rt_semaphore.o)
    0x00000ed6   0x00000002   PAD
    0x00000ed8   0x000000a4   Code   RO           20    i.main              blinky.o
    0x00000f7c   0x0000001c   Code   RO          334    i.osDelay           RTX_CM0.lib(rt_cmsis.o)
    0x00000f98   0x00000028   Code   RO          335    i.osKernelInitialize  RTX_CM0.lib(rt_cmsis.o)
    0x00000fc0   0x0000006c   Code   RO          337    i.osKernelStart     RTX_CM0.lib(rt_cmsis.o)
    0x0000102c   0x00000034   Code   RO          345    i.osMessageCreate   RTX_CM0.lib(rt_cmsis.o)
    0x00001060   0x0000001c   Code   RO          346    i.osMessageGet      RTX_CM0.lib(rt_cmsis.o)
    0x0000107c   0x0000001c   Code   RO          347    i.osMessagePut      RTX_CM0.lib(rt_cmsis.o)
    0x00001098   0x00000024   Code   RO          352    i.osPoolAlloc       RTX_CM0.lib(rt_cmsis.o)
    0x000010bc   0x00000034   Code   RO          354    i.osPoolCreate      RTX_CM0.lib(rt_cmsis.o)
    0x000010f0   0x00000034   Code   RO          356    i.osSemaphoreCreate  RTX_CM0.lib(rt_cmsis.o)
    0x00001124   0x0000001c   Code   RO          358    i.osSemaphoreRelease  RTX_CM0.lib(rt_cmsis.o)
    0x00001140   0x0000001c   Code   RO          359    i.osSemaphoreWait   RTX_CM0.lib(rt_cmsis.o)
    0x0000115c   0x0000001c   Code   RO          361    i.osSignalSet       RTX_CM0.lib(rt_cmsis.o)
    0x00001178   0x0000001c   Code   RO          362    i.osSignalWait      RTX_CM0.lib(rt_cmsis.o)
    0x00001194   0x00000034   Code   RO          363    i.osThreadCreate    RTX_CM0.lib(rt_cmsis.o)
    0x000011c8   0x00000018   Code   RO          364    i.osThreadExit      RTX_CM0.lib(rt_cmsis.o)
    0x000011e0   0x00000010   Code   RO          370    i.osTimerCall       RTX_CM0.lib(rt_cmsis.o)
    0x000011f0   0x0000002c   Code   RO          375    i.osTimerThread     RTX_CM0.lib(rt_cmsis.o)
    0x0000121c   0x00000018   Code   RO          176    i.os_idle_demon     rtx_conf_cm.o
    0x00001234   0x0000002c   Code   RO         1067    i.os_tick_init      RTX_CM0.lib(rt_system.o)
    0x00001260   0x0000001e   Code   RO         1400    i.rt_alloc_box      RTX_CM0.lib(rt_membox.o)
    0x0000127e   0x00000042   Code   RO         1428    i.rt_alloc_mem      RTX_CM0.lib(rt_memory.o)
    0x000012c0   0x00000038   Code   RO          948    i.rt_block          RTX_CM0.lib(rt_task.o)
    0x000012f8   0x00000074   Code   RO         1199    i.rt_dec_dly        RTX_CM0.lib(rt_list.o)
    0x0000136c   0x00000040   Code   RO          949    i.rt_dispatch       RTX_CM0.lib(rt_task.o)
    0x000013ac   0x0000000a   Code   RO         1365    i.rt_dly_wait       RTX_CM0.lib(rt_time.o)
    0x000013b6   0x00000002   PAD
    0x000013b8   0x00000050   Code   RO         1160    i.rt_evt_psh        RTX_CM0.lib(rt_event.o)
    0x00001408   0x0000005c   Code   RO         1161    i.rt_evt_set        RTX_CM0.lib(rt_event.o)
    0x00001464   0x00000040   Code   RO         1162    i.rt_evt_wait       RTX_CM0.lib(rt_event.o)
    0x000014a4   0x00000026   Code   RO         1401    i.rt_free_box       RTX_CM0.lib(rt_membox.o)
    0x000014ca   0x00000030   Code   RO         1429    i.rt_free_mem       RTX_CM0.lib(rt_memory.o)
    0x000014fa   0x0000002a   Code   RO         1200    i.rt_get_first      RTX_CM0.lib(rt_list.o)
    0x00001524   0x00000008   Code   RO          380    i.rt_id2obj         RTX_CM0.lib(rt_cmsis.o)
    0x0000152c   0x00000048   Code   RO          950    i.rt_init_context   RTX_CM0.lib(rt_task.o)
    0x00001574   0x0000001c   Code   RO         1430    i.rt_init_mem       RTX_CM0.lib(rt_memory.o)
    0x00001590   0x00000078   Code   RO         1452    i.rt_init_stack     RTX_CM0.lib(hal_cm.o)
    0x00001608   0x00000008   Code   RO         1277    i.rt_mbx_check      RTX_CM0.lib(rt_mailbox.o)
    0x00001610   0x00000024   Code   RO         1278    i.rt_mbx_init       RTX_CM0.lib(rt_mailbox.o)
    0x00001634   0x000000d0   Code   RO         1279    i.rt_mbx_psh        RTX_CM0.lib(rt_mailbox.o)
    0x00001704   0x00000094   Code   RO         1280    i.rt_mbx_send       RTX_CM0.lib(rt_mailbox.o)
    0x00001798   0x000000b0   Code   RO         1281    i.rt_mbx_wait       RTX_CM0.lib(rt_mailbox.o)
    0x00001848   0x00000044   Code   RO          381    i.rt_ms2tick        RTX_CM0.lib(rt_cmsis.o)
    0x0000188c   0x000000d8   Code   RO         1034    i.rt_mut_release    RTX_CM0.lib(rt_mutex.o)
    0x00001964   0x00000080   Code   RO         1035    i.rt_mut_wait       RTX_CM0.lib(rt_mutex.o)
    0x000019e4   0x00000070   Code   RO         1071    i.rt_pop_req        RTX_CM0.lib(rt_system.o)
    0x00001a54   0x00000020   Code   RO         1072    i.rt_psh_req        RTX_CM0.lib(rt_system.o)
    0x00001a74   0x00000040   Code   RO         1202    i.rt_psq_enq        RTX_CM0.lib(rt_list.o)
    0x00001ab4   0x00000050   Code   RO         1203    i.rt_put_dly        RTX_CM0.lib(rt_list.o)
    0x00001b04   0x0000003c   Code   RO         1204    i.rt_put_prio       RTX_CM0.lib(rt_list.o)
    0x00001b40   0x00000014   Code   RO         1205    i.rt_put_rdy_first  RTX_CM0.lib(rt_list.o)
    0x00001b54   0x00000030   Code   RO         1206    i.rt_resort_prio    RTX_CM0.lib(rt_list.o)
    0x00001b84   0x00000006   Code   RO         1453    i.rt_ret_val        RTX_CM0.lib(hal_cm.o)
    0x00001b8a   0x00000008   Code   RO         1454    i.rt_ret_val2       RTX_CM0.lib(hal_cm.o)
    0x00001b92   0x0000002a   Code   RO         1207    i.rt_rmv_dly        RTX_CM0.lib(rt_list.o)
    0x00001bbc   0x00000034   Code   RO         1208    i.rt_rmv_list       RTX_CM0.lib(rt_list.o)
    0x00001bf0   0x0000000c   Code   RO         1325    i.rt_sem_init       RTX_CM0.lib(rt_semaphore.o)
    0x00001bfc   0x00000034   Code   RO         1326    i.rt_sem_psh        RTX_CM0.lib(rt_semaphore.o)
    0x00001c30   0x0000002c   Code   RO         1327    i.rt_sem_send       RTX_CM0.lib(rt_semaphore.o)
    0x00001c5c   0x00000044   Code   RO         1328    i.rt_sem_wait       RTX_CM0.lib(rt_semaphore.o)
    0x00001ca0   0x00000028   Code   RO         1074    i.rt_stk_check      RTX_CM0.lib(rt_system.o)
    0x00001cc8   0x00000010   Code   RO          951    i.rt_switch_req     RTX_CM0.lib(rt_task.o)
    0x00001cd8   0x000000c8   Code   RO          952    i.rt_sys_init       RTX_CM0.lib(rt_task.o)
    0x00001da0   0x00000064   Code   RO          953    i.rt_sys_start      RTX_CM0.lib(rt_task.o)
    0x00001e04   0x0000003c   Code   RO         1076    i.rt_systick        RTX_CM0.lib(rt_system.o)
    0x00001e40   0x00000012   Code   RO          382    i.rt_tid2ptcb       RTX_CM0.lib(rt_cmsis.o)
    0x00001e52   0x00000002   PAD
    0x00001e54   0x00000038   Code   RO          383    i.rt_timer_insert   RTX_CM0.lib(rt_cmsis.o)
    0x00001e8c   0x00000078   Code   RO          954    i.rt_tsk_create     RTX_CM0.lib(rt_task.o)
    0x00001f04   0x00000158   Code   RO          955    i.rt_tsk_delete     RTX_CM0.lib(rt_task.o)
    0x0000205c   0x00000080   Code   RO          957    i.rt_tsk_prio       RTX_CM0.lib(rt_task.o)
    0x000020dc   0x00000010   Code   RO          958    i.rt_tsk_self       RTX_CM0.lib(rt_task.o)
    0x000020ec   0x00000012   Code   RO          385    i.svcDelay          RTX_CM0.lib(rt_cmsis.o)
    0x000020fe   0x00000002   PAD
    0x00002100   0x00000078   Code   RO          386    i.svcKernelInitialize  RTX_CM0.lib(rt_cmsis.o)
    0x00002178   0x0000004c   Code   RO          388    i.svcKernelStart    RTX_CM0.lib(rt_cmsis.o)
    0x000021c4   0x0000002a   Code   RO          391    i.svcMessageCreate  RTX_CM0.lib(rt_cmsis.o)
    0x000021ee   0x0000003c   Code   RO          392    i.svcMessageGet     RTX_CM0.lib(rt_cmsis.o)
    0x0000222a   0x00000038   Code   RO          393    i.svcMessagePut     RTX_CM0.lib(rt_cmsis.o)
    0x00002262   0x0000002e   Code   RO          398    i.svcPoolCreate     RTX_CM0.lib(rt_cmsis.o)
    0x00002290   0x0000002c   Code   RO          399    i.svcSemaphoreCreate  RTX_CM0.lib(rt_cmsis.o)
    0x000022bc   0x0000002c   Code   RO          401    i.svcSemaphoreRelease  RTX_CM0.lib(rt_cmsis.o)
    0x000022e8   0x00000034   Code   RO          402    i.svcSemaphoreWait  RTX_CM0.lib(rt_cmsis.o)
    0x0000231c   0x00000026   Code   RO          404    i.svcSignalSet      RTX_CM0.lib(rt_cmsis.o)
    0x00002342   0x00000002   PAD
    0x00002344   0x0000005c   Code   RO          405    i.svcSignalWait     RTX_CM0.lib(rt_cmsis.o)
    0x000023a0   0x00000074   Code   RO          406    i.svcThreadCreate   RTX_CM0.lib(rt_cmsis.o)
    0x00002414   0x0000001c   Code   RO          407    i.svcThreadGetId    RTX_CM0.lib(rt_cmsis.o)
    0x00002430   0x0000003c   Code   RO          410    i.svcThreadTerminate  RTX_CM0.lib(rt_cmsis.o)
    0x0000246c   0x0000001c   Code   RO          412    i.svcTimerCall      RTX_CM0.lib(rt_cmsis.o)
    0x00002488   0x0000000c   Code   RO          419    i.sysPoolAlloc      RTX_CM0.lib(rt_cmsis.o)
    0x00002494   0x00000058   Code   RO          421    i.sysTimerTick      RTX_CM0.lib(rt_cmsis.o)
    0x000024ec   0x0000003c   Data   RO           23    .constdata          blinky.o
    0x00002528   0x00000002   Data   RO          186    .constdata          rtx_conf_cm.o
    0x0000252a   0x00000002   PAD
    0x0000252c   0x00000004   Data   RO          187    .constdata          rtx_conf_cm.o
    0x00002530   0x00000004   Data   RO          192    .constdata          rtx_conf_cm.o
    0x00002534   0x00000001   Data   RO          193    .constdata          rtx_conf_cm.o
    0x00002535   0x00000003   PAD
    0x00002538   0x00000010   Data   RO          194    .constdata          rtx_conf_cm.o
    0x00002548   0x00000002   Data   RO          195    .constdata          rtx_conf_cm.o
    0x0000254a   0x00000002   PAD
    0x0000254c   0x00000004   Data   RO          196    .constdata          rtx_conf_cm.o
    0x00002550   0x00000004   Data   RO          197    .constdata          rtx_conf_cm.o
    0x00002554   0x00000001   Data   RO          198    .constdata          rtx_conf_cm.o
    0x00002555   0x00000003   PAD
    0x00002558   0x00000010   Data   RO          199    .constdata          rtx_conf_cm.o
    0x00002568   0x00000008   Data   RO          200    .constdata          rtx_conf_cm.o
    0x00002570   0x00000002   Data   RO          201    .constdata          rtx_conf_cm.o
    0x00002572   0x00000002   PAD
    0x00002574   0x00000010   Data   RO          202    .constdata          rtx_conf_cm.o
    0x00002584   0x00000020   Data   RO         1690    Region$$Table       anon$$obj.o


    Execution Region RW_IRAM1 (Base: 0x1ffff000, Size: 0x00000d50, Max: 0x00004000, ABSOLUTE)

    Base Addr    Size         Type   Attr      Idx    E Section Name        Object

    0x1ffff000   0x00000044   Data   RW           24    .data               blinky.o
    0x1ffff044   0x00000008   Data   RW           28    .data               blinky.o
    0x1ffff04c   0x00000008   Data   RW           29    .data               blinky.o
    0x1ffff054   0x00000004   Data   RW          204    .data               rtx_conf_cm.o
    0x1ffff058   0x00000008   Data   RW          205    .data               rtx_conf_cm.o
    0x1ffff060   0x00000004   Data   RW          206    .data               rtx_conf_cm.o
    0x1ffff064   0x00000004   Data   RW          207    .data               rtx_conf_cm.o
    0x1ffff068   0x00000008   Data   RW          424    .data               RTX_CM0.lib(rt_cmsis.o)
    0x1ffff070   0x00000008   Data   RW          960    .data               RTX_CM0.lib(rt_task.o)
    0x1ffff078   0x00000008   Data   RW         1079    .data               RTX_CM0.lib(rt_system.o)
    0x1ffff080   0x00000004   Data   RW         1369    .data               RTX_CM0.lib(rt_time.o)
    0x1ffff084   0x00000050   Zero   RW           21    .bss                blinky.o
    0x1ffff0d4   0x0000010c   Zero   RW           22    .bss                blinky.o
    0x1ffff1e0   0x00000020   Zero   RW          179    .bss                rtx_conf_cm.o
    0x1ffff200   0x00000178   Zero   RW          180    .bss                rtx_conf_cm.o
    0x1ffff378   0x000004c0   Zero   RW          181    .bss                rtx_conf_cm.o
    0x1ffff838   0x000001b0   Zero   RW          182    .bss                rtx_conf_cm.o
    0x1ffff9e8   0x00000084   Zero   RW          183    .bss                rtx_conf_cm.o
    0x1ffffa6c   0x0000001c   Zero   RW          184    .bss                rtx_conf_cm.o
    0x1ffffa88   0x00000034   Zero   RW          959    .bss                RTX_CM0.lib(rt_task.o)
    0x1ffffabc   0x00000030   Zero   RW         1209    .bss                RTX_CM0.lib(rt_list.o)
    0x1ffffaec   0x00000060   Zero   RW         1513    .bss                c_p.l(libspace.o)
    0x1ffffb4c   0x00000004   PAD
    0x1ffffb50   0x00000000   Zero   RW          276    HEAP                startup_mkl25z4.o
    0x1ffffb50   0x00000200   Zero   RW          275    STACK               startup_mkl25z4.o


==============================================================================

Image component sizes


      Code (inc. data)   RO Data    RW Data    ZI Data      Debug   Object Name

      1982        176         60         84        348     241885   blinky.o
       122         36         80         20       2216      10282   rtx_conf_cm.o
        80         44        192          0        512        944   startup_mkl25z4.o
       232         46          0          0          0        605   system_mkl25z4.o

    ----------------------------------------------------------------------
      2416        302        376        104       3076     253716   Object Totals
         0          0         32          0          0          0   (incl. Generated)
         0          0         12          0          0          0   (incl. Padding)

    ----------------------------------------------------------------------

      Code (inc. data)   RO Data    RW Data    ZI Data      Debug   Library Member Name

       134         14          0          0          0       1687   hal_cm.o
       356         40          0          0          0        840   hal_cm0.o
      2018        222          0          8          0      44452   rt_cmsis.o
       272         24          0          0          0       2554   rt_event.o
       524         34          0          0         48       8081   rt_list.o
       664         20          0          0          0       4691   rt_mailbox.o
       140          0          0          0          0       1957   rt_membox.o
       142          0          0          0          0       2315   rt_memory.o
       344         20          0          0          0       1619   rt_mutex.o
       190          8          0          0          0       2850   rt_semaphore.o
       290         54          0          8          0       6039   rt_system.o
      1116        178          0          8         52       9253   rt_task.o
        10          0          0          4          0        672   rt_time.o
         4          4          0          0          0        208   svc_table.o
         8          0          0          0          0         68   __main.o
         0          0          0          0          0          0   __rtentry.o
        20          0          0          0          0          0   __rtentry2.o
         6          0          0          0          0          0   __rtentry4.o
        60          8          0          0          0          0   __scatter.o
        26          0          0          0          0          0   __scatter_copy.o
        28          0          0          0          0          0   __scatter_zi.o
       346          0          0          0          0         92   aeabi_sdiv.o
        16          0          0          0          0         68   exit.o
         6          0          0          0          0        136   heapauxi.o
         0          0          0          0          0          0   indicate_semi.o
         2          0          0          0          0          0   libinit.o
         2          0          0          0          0          0   libinit2.o
         2          0          0          0          0          0   libshutdown.o
         2          0          0          0          0          0   libshutdown2.o
         8          4          0          0         96         68   libspace.o
         2          0          0          0          0          0   rtexit.o
        10          0          0          0          0          0   rtexit2.o
        12          4          0          0          0         60   sys_exit.o
        62          0          0          0          0         80   sys_stackheap_outer.o
         2          0          0          0          0         68   use_no_semi.o

    ----------------------------------------------------------------------
      6844        634          0         28        200      87858   Library Totals
        20          0          0          0          4          0   (incl. Padding)

    ----------------------------------------------------------------------

      Code (inc. data)   RO Data    RW Data    ZI Data      Debug   Library Name

      6204        618          0         28        100      87218   RTX_CM0.lib
       620         16          0          0         96        640   c_p.l

    ----------------------------------------------------------------------
      6844        634          0         28        200      87858   Library Totals

    ----------------------------------------------------------------------

==============================================================================


      Code (inc. data)   RO Data    RW Data    ZI Data      Debug   

      9260        936        376        132       3276     336310   Grand Totals
      9260        936        376        132       3276     336310   ELF Image Totals
      9260        936        376        132          0          0   ROM Totals

==============================================================================

    Total RO  Size (Code + RO Data)                 9636 (   9.41kB)
    Total RW  Size (RW Data + ZI Data)              3408 (   3.33kB)
    Total ROM Size (Code + RO Data + RW Data)       9768 (   9.54kB)

==============================================================================

