Component: ARM Compiler 5.06 update 4 (build 422) Tool: armlink [4d35d2]

==============================================================================

Section Cross References

    drift_calculation.o(i.Compute_Current) refers to faddsub.o(x$fpl$fsub) for __aeabi_fsub
    drift_calculation.o(i.Compute_Current) refers to faddsub.o(x$fpl$frsb) for __aeabi_frsub
    drift_calculation.o(i.Compute_Current) refers to faddsub.o(x$fpl$fadd) for __aeabi_fadd
    drift_calculation.o(i.Compute_Current) refers to fmodf.o(i.fmodf) for fmodf
    drift_calculation.o(i.Compute_Current) refers to trig_approx.o(i.cos_32) for cos_32
    drift_calculation.o(i.Compute_Current) refers to fscalbn.o(.text) for __ARM_scalbnf
    drift_calculation.o(i.Compute_Current) refers to fmul.o(x$fpl$fmul) for __aeabi_fmul
    drift_calculation.o(i.Compute_Current) refers to sqrtf.o(i.sqrtf) for sqrtf
    drift_calculation.o(i.Compute_Current) refers to fdiv.o(.text) for __aeabi_fdiv
    drift_calculation.o(i.Compute_Current) refers to trig_approx.o(i.sin_32) for sin_32
    drift_calculation.o(i.Compute_Current) refers to asinf.o(i.asinf) for asinf
    main.o(i.Get_Data) refers to _scanf_str.o(.text) for _scanf_string
    main.o(i.Get_Data) refers to _printf_percent.o(.ARM.Collect$$_printf_percent$$00000000) for _printf_percent
    main.o(i.Get_Data) refers to _printf_s.o(.ARM.Collect$$_printf_percent$$00000014) for _printf_s
    main.o(i.Get_Data) refers to _printf_str.o(.text) for _printf_str
    main.o(i.Get_Data) refers to scanf1.o(x$fpl$scanf1) for _scanf_real
    main.o(i.Get_Data) refers to noretval__2printf.o(.text) for __2printf
    main.o(i.Get_Data) refers to __0scanf.o(.text) for __0scanf
    main.o(i.Get_Data) refers to rt_ctype_table.o(.text) for __rt_ctype_table
    main.o(i.Get_Data) refers to __0sscanf.o(.text) for __0sscanf
    main.o(i.Get_Data) refers to strcmpv6m.o(.text) for strcmp
    main.o(i.Get_Data) refers to main.o(.conststring) for .conststring
    main.o(i.main) refers to _printf_percent.o(.ARM.Collect$$_printf_percent$$00000000) for _printf_percent
    main.o(i.main) refers to _printf_s.o(.ARM.Collect$$_printf_percent$$00000014) for _printf_s
    main.o(i.main) refers to _printf_str.o(.text) for _printf_str
    main.o(i.main) refers to _printf_d.o(.ARM.Collect$$_printf_percent$$00000009) for _printf_d
    main.o(i.main) refers to _printf_dec.o(.text) for _printf_int_dec
    main.o(i.main) refers to _printf_f.o(.ARM.Collect$$_printf_percent$$00000003) for _printf_f
    main.o(i.main) refers to printf1.o(x$fpl$printf1) for _printf_fp_dec
    main.o(i.main) refers to _scanf_str.o(.text) for _scanf_string
    main.o(i.main) refers to scanf1.o(x$fpl$scanf1) for _scanf_real
    main.o(i.main) refers to profile.o(i.Init_Profiling) for Init_Profiling
    main.o(i.main) refers to leds.o(i.Init_RGB_LEDs) for Init_RGB_LEDs
    main.o(i.main) refers to uart.o(i.Init_UART0) for Init_UART0
    main.o(i.main) refers to noretval__2printf.o(.text) for __2printf
    main.o(i.main) refers to leds.o(i.Control_RGB_LEDs) for Control_RGB_LEDs
    main.o(i.main) refers to profile.o(i.Enable_Profiling) for Enable_Profiling
    main.o(i.main) refers to drift_calculation.o(i.Compute_Current) for Compute_Current
    main.o(i.main) refers to profile.o(i.Disable_Profiling) for Disable_Profiling
    main.o(i.main) refers to fmul.o(x$fpl$fmul) for __aeabi_fmul
    main.o(i.main) refers to f2d.o(.text) for __aeabi_f2d
    main.o(i.main) refers to faddsub.o(x$fpl$fsub) for __aeabi_fsub
    main.o(i.main) refers to profile.o(i.Sort_Profile_Regions) for Sort_Profile_Regions
    main.o(i.main) refers to profile.o(i.Print_Sorted_Profile) for Print_Sorted_Profile
    main.o(i.main) refers to rt_ctype_table.o(.text) for __rt_ctype_table
    main.o(i.main) refers to __0scanf.o(.text) for __0scanf
    main.o(i.main) refers to __0sscanf.o(.text) for __0sscanf
    main.o(i.main) refers to strcmpv6m.o(.text) for strcmp
    main.o(i.main) refers to main.o(.data) for .data
    main.o(i.main) refers to main.o(.conststring) for .conststring
    main.o(i.main) refers to main.o(i.Get_Data) for i.Get_Data
    profile.o(i.Disable_Profiling) refers to profile.o(.data) for .data
    profile.o(i.Enable_Profiling) refers to profile.o(.data) for .data
    profile.o(i.Init_Profiling) refers to aeabi_sdivfast.o(.text) for __aeabi_uidivmod
    profile.o(i.Init_Profiling) refers to timers.o(i.Init_PIT) for Init_PIT
    profile.o(i.Init_Profiling) refers to timers.o(i.Start_PIT) for Start_PIT
    profile.o(i.Init_Profiling) refers to region.o(.constdata) for NumProfileRegions
    profile.o(i.Init_Profiling) refers to region.o(.bss) for RegionCount
    profile.o(i.Init_Profiling) refers to system_mkl25z4.o(.data) for SystemCoreClock
    profile.o(i.Print_Sorted_Profile) refers to _printf_percent.o(.ARM.Collect$$_printf_percent$$00000000) for _printf_percent
[...]
    ../clib/scanf.c                          0x00000000   Number         0  _chval.o ABSOLUTE
    ../clib/scanf.c                          0x00000000   Number         0  scanf_infnan.o ABSOLUTE
    ../clib/scanf.c                          0x00000000   Number         0  scanf_hexfp.o ABSOLUTE
    ../clib/scanf.c                          0x00000000   Number         0  scanf_fp.o ABSOLUTE
    ../clib/scanf.c                          0x00000000   Number         0  scanf_char.o ABSOLUTE
    ../clib/scanf.c                          0x00000000   Number         0  _scanf_str.o ABSOLUTE
    ../clib/scanf.c                          0x00000000   Number         0  _sgetc.o ABSOLUTE
    ../clib/scanf.c                          0x00000000   Number         0  scanf_char_file.o ABSOLUTE
    ../clib/signal.c                         0x00000000   Number         0  defsig_fpe_inner.o ABSOLUTE
    ../clib/signal.c                         0x00000000   Number         0  defsig_other.o ABSOLUTE
    ../clib/signal.c                         0x00000000   Number         0  defsig_cppl_inner.o ABSOLUTE
    ../clib/signal.c                         0x00000000   Number         0  defsig_pvfn_inner.o ABSOLUTE
    ../clib/signal.c                         0x00000000   Number         0  defsig_stak_inner.o ABSOLUTE
    ../clib/signal.c                         0x00000000   Number         0  defsig_rtred_inner.o ABSOLUTE
    ../clib/signal.c                         0x00000000   Number         0  defsig_abrt_inner.o ABSOLUTE
    ../clib/signal.c                         0x00000000   Number         0  defsig_rtmem_inner.o ABSOLUTE
    ../clib/signal.c                         0x00000000   Number         0  defsig_segv_inner.o ABSOLUTE
    ../clib/signal.c                         0x00000000   Number         0  defsig_rtmem_formal.o ABSOLUTE
    ../clib/signal.c                         0x00000000   Number         0  defsig_rtmem_outer.o ABSOLUTE
    ../clib/signal.c                         0x00000000   Number         0  defsig_general.o ABSOLUTE
    ../clib/signal.c                         0x00000000   Number         0  __raise.o ABSOLUTE
    ../clib/signal.c                         0x00000000   Number         0  defsig_fpe_outer.o ABSOLUTE
    ../clib/signal.c                         0x00000000   Number         0  defsig_exit.o ABSOLUTE
    ../clib/signal.c                         0x00000000   Number         0  defsig_fpe_formal.o ABSOLUTE
    ../clib/signal.s                         0x00000000   Number         0  defsig.o ABSOLUTE
    ../clib/stdio.c                          0x00000000   Number         0  ferror_locked.o ABSOLUTE
    ../clib/stdio.c                          0x00000000   Number         0  ungetc.o ABSOLUTE
    ../clib/stdio.c                          0x00000000   Number         0  backspace_locked.o ABSOLUTE
    ../clib/stdio.c                          0x00000000   Number         0  ferror.o ABSOLUTE
    ../clib/stdio.c                          0x00000000   Number         0  backspace.o ABSOLUTE
    ../clib/stdlib.c                         0x00000000   Number         0  exit.o ABSOLUTE
    ../fplib/cfplib/cmpret.c                 0x00000000   Number         0  cmpret.o ABSOLUTE
    ../fplib/cfplib/d2f.c                    0x00000000   Number         0  d2f.o ABSOLUTE
    ../fplib/cfplib/daddsub.c                0x00000000   Number         0  daddsub.o ABSOLUTE
    ../fplib/cfplib/dcmpin.c                 0x00000000   Number         0  dcmpin.o ABSOLUTE
    ../fplib/cfplib/ddiv.c                   0x00000000   Number         0  ddiv.o ABSOLUTE
    ../fplib/cfplib/dmul.c                   0x00000000   Number         0  dmul.o ABSOLUTE
    ../fplib/cfplib/drem.c                   0x00000000   Number         0  drem.o ABSOLUTE
    ../fplib/cfplib/f2d.c                    0x00000000   Number         0  f2d.o ABSOLUTE
    ../fplib/cfplib/fdiv.c                   0x00000000   Number         0  fdiv.o ABSOLUTE
    ../fplib/cfplib/ffix.c                   0x00000000   Number         0  ffixi.o ABSOLUTE
    ../fplib/cfplib/ffix.c                   0x00000000   Number         0  dfixi.o ABSOLUTE
    ../fplib/cfplib/fpinit.c                 0x00000000   Number         0  fpinit.o ABSOLUTE
    ../fplib/cfplib/frem.c                   0x00000000   Number         0  frem.o ABSOLUTE
    ../fplib/cfplib/fsqrt.c                  0x00000000   Number         0  fsqrt.o ABSOLUTE
    ../fplib/cfplib/ieee_status.c            0x00000000   Number         0  ieee_status.o ABSOLUTE
    ../fplib/cfplib/nan2.c                   0x00000000   Number         0  dnan2.o ABSOLUTE
    ../fplib/cfplib/retnan.c                 0x00000000   Number         0  retnan.o ABSOLUTE
    ../fplib/cfplib/scalbn.c                 0x00000000   Number         0  fscalbn.o ABSOLUTE
    ../fplib/cfplib/scalbn.c                 0x00000000   Number         0  dscalbn.o ABSOLUTE
    ../fplib/deqf6m.s                        0x00000000   Number         0  deqf.o ABSOLUTE
    ../fplib/dleqf6m.s                       0x00000000   Number         0  dlef.o ABSOLUTE
    ../fplib/drleqf6m.s                      0x00000000   Number         0  drlef.o ABSOLUTE
    ../fplib/faddsub6m.s                     0x00000000   Number         0  faddsub.o ABSOLUTE
    ../fplib/fmul6m.s                        0x00000000   Number         0  fmul.o ABSOLUTE
    ../fplib/fpconst.s                       0x00000000   Number         0  fpconst.o ABSOLUTE
    ../fplib/printf1.s                       0x00000000   Number         0  printf1.o ABSOLUTE
    ../fplib/scanf1.s                        0x00000000   Number         0  scanf1.o ABSOLUTE
    ../fplib/scanf2.s                        0x00000000   Number         0  scanf2.o ABSOLUTE
    ../fplib/scanf2a.s                       0x00000000   Number         0  scanf2a.o ABSOLUTE
    ../fplib/scanf2b.s                       0x00000000   Number         0  scanf2b.o ABSOLUTE
    ../fplib/usenofp.s                       0x00000000   Number         0  usenofp.o ABSOLUTE
    ../mathlib/asinf.c                       0x00000000   Number         0  asinf.o ABSOLUTE
    ../mathlib/asinf.c                       0x00000000   Number         0  asinf_x.o ABSOLUTE
    ../mathlib/dunder.c                      0x00000000   Number         0  dunder.o ABSOLUTE
    ../mathlib/fmod.c                        0x00000000   Number         0  fmod_x.o ABSOLUTE
    ../mathlib/fmod.c                        0x00000000   Number         0  fmod.o ABSOLUTE
    ../mathlib/fmodf.c                       0x00000000   Number         0  fmodf_x.o ABSOLUTE
    ../mathlib/fmodf.c                       0x00000000   Number         0  fmodf.o ABSOLUTE
    ../mathlib/fpclassify.c                  0x00000000   Number         0  fpclassify.o ABSOLUTE
    ../mathlib/fpclassifyf.c                 0x00000000   Number         0  fpclassifyf.o ABSOLUTE
    ../mathlib/frexp.c                       0x00000000   Number         0  frexp.o ABSOLUTE
    ../mathlib/funder.c                      0x00000000   Number         0  funder.o ABSOLUTE
    ../mathlib/ldexp.c                       0x00000000   Number         0  ldexp_x.o ABSOLUTE
    ../mathlib/ldexp.c                       0x00000000   Number         0  ldexp.o ABSOLUTE
    ../mathlib/narrow.c                      0x00000000   Number         0  narrow.o ABSOLUTE
    ../mathlib/qnan.c                        0x00000000   Number         0  qnan.o ABSOLUTE
    ../mathlib/sqrtf.c                       0x00000000   Number         0  sqrtf.o ABSOLUTE
    ../mathlib/sqrtf.c                       0x00000000   Number         0  sqrtf_x.o ABSOLUTE
    RTE\Device\MKL25Z128xxx4\startup_MKL25Z4.s 0x00000000   Number         0  startup_mkl25z4.o ABSOLUTE
    RTE\Device\MKL25Z128xxx4\system_MKL25Z4.c 0x00000000   Number         0  system_mkl25z4.o ABSOLUTE
    RTE\\Device\\MKL25Z128xxx4\\system_MKL25Z4.c 0x00000000   Number         0  system_mkl25z4.o ABSOLUTE
    Source\Drift_Calculation.c               0x00000000   Number         0  drift_calculation.o ABSOLUTE
    Source\LEDs.c                            0x00000000   Number         0  leds.o ABSOLUTE
    Source\UART.c                            0x00000000   Number         0  uart.o ABSOLUTE
    Source\\Drift_Calculation.c              0x00000000   Number         0  drift_calculation.o ABSOLUTE
    Source\\LEDs.c                           0x00000000   Number         0  leds.o ABSOLUTE
    Source\\UART.c                           0x00000000   Number         0  uart.o ABSOLUTE
    Source\\delay.c                          0x00000000   Number         0  delay.o ABSOLUTE
    Source\\main.c                           0x00000000   Number         0  main.o ABSOLUTE
    Source\\profile.c                        0x00000000   Number         0  profile.o ABSOLUTE
    Source\\timers.c                         0x00000000   Number         0  timers.o ABSOLUTE
    Source\delay.c                           0x00000000   Number         0  delay.o ABSOLUTE
    Source\main.c                            0x00000000   Number         0  main.o ABSOLUTE
    Source\profile.c                         0x00000000   Number         0  profile.o ABSOLUTE
    Source\queue.c                           0x00000000   Number         0  queue.o ABSOLUTE
    Source\region.c                          0x00000000   Number         0  region.o ABSOLUTE
    Source\timers.c                          0x00000000   Number         0  timers.o ABSOLUTE
    Source\trig_approx.c                     0x00000000   Number         0  trig_approx.o ABSOLUTE
    dc.s                                     0x00000000   Number         0  dc.o ABSOLUTE
    !!!main                                  0x000000c0   Section        8  __main.o(!!!main)
    !!!scatter                               0x000000c8   Section       60  __scatter.o(!!!scatter)
    !!handler_zi                             0x00000104   Section       28  __scatter_zi.o(!!handler_zi)
    .ARM.Collect$$_printf_percent$$00000000  0x00000120   Section        2  _printf_percent.o(.ARM.Collect$$_printf_percent$$00000000)
    .ARM.Collect$$_printf_percent$$00000003  0x00000122   Section       10  _printf_f.o(.ARM.Collect$$_printf_percent$$00000003)
    .ARM.Collect$$_printf_percent$$00000009  0x0000012c   Section       10  _printf_d.o(.ARM.Collect$$_printf_percent$$00000009)
    .ARM.Collect$$_printf_percent$$0000000C  0x00000136   Section       10  _printf_x.o(.ARM.Collect$$_printf_percent$$0000000C)
    .ARM.Collect$$_printf_percent$$00000014  0x00000140   Section       10  _printf_s.o(.ARM.Collect$$_printf_percent$$00000014)
    .ARM.Collect$$_printf_percent$$00000017  0x0000014a   Section        4  _printf_percent_end.o(.ARM.Collect$$_printf_percent$$00000017)
    .ARM.Collect$$libinit$$00000000          0x0000014e   Section        2  libinit.o(.ARM.Collect$$libinit$$00000000)
    .ARM.Collect$$libinit$$00000002          0x00000150   Section        0  libinit2.o(.ARM.Collect$$libinit$$00000002)
    .ARM.Collect$$libinit$$00000004          0x00000150   Section        0  libinit2.o(.ARM.Collect$$libinit$$00000004)
    .ARM.Collect$$libinit$$0000000A          0x00000150   Section        0  libinit2.o(.ARM.Collect$$libinit$$0000000A)
    .ARM.Collect$$libinit$$0000000C          0x00000150   Section        0  libinit2.o(.ARM.Collect$$libinit$$0000000C)
    .ARM.Collect$$libinit$$0000000E          0x00000150   Section        0  libinit2.o(.ARM.Collect$$libinit$$0000000E)
    .ARM.Collect$$libinit$$0000000F          0x00000150   Section        6  libinit2.o(.ARM.Collect$$libinit$$0000000F)
    .ARM.Collect$$libinit$$00000011          0x00000156   Section        0  libinit2.o(.ARM.Collect$$libinit$$00000011)
    .ARM.Collect$$libinit$$00000012          0x00000156   Section       12  libinit2.o(.ARM.Collect$$libinit$$00000012)
    .ARM.Collect$$libinit$$00000013          0x00000162   Section        0  libinit2.o(.ARM.Collect$$libinit$$00000013)
    .ARM.Collect$$libinit$$00000015          0x00000162   Section        0  libinit2.o(.ARM.Collect$$libinit$$00000015)
    .ARM.Collect$$libinit$$00000016          0x00000162   Section       10  libinit2.o(.ARM.Collect$$libinit$$00000016)
    .ARM.Collect$$libinit$$00000017          0x0000016c   Section        0  libinit2.o(.ARM.Collect$$libinit$$00000017)
    .ARM.Collect$$libinit$$00000019          0x0000016c   Section        0  libinit2.o(.ARM.Collect$$libinit$$00000019)
    .ARM.Collect$$libinit$$0000001B          0x0000016c   Section        0  libinit2.o(.ARM.Collect$$libinit$$0000001B)
    .ARM.Collect$$libinit$$0000001D          0x0000016c   Section        0  libinit2.o(.ARM.Collect$$libinit$$0000001D)
    .ARM.Collect$$libinit$$0000001F          0x0000016c   Section        0  libinit2.o(.ARM.Collect$$libinit$$0000001F)
    .ARM.Collect$$libinit$$00000021          0x0000016c   Section        0  libinit2.o(.ARM.Collect$$libinit$$00000021)
    .ARM.Collect$$libinit$$00000023          0x0000016c   Section        0  libinit2.o(.ARM.Collect$$libinit$$00000023)
    .ARM.Collect$$libinit$$00000025          0x0000016c   Section        0  libinit2.o(.ARM.Collect$$libinit$$00000025)
    .ARM.Collect$$libinit$$0000002C          0x0000016c   Section        0  libinit2.o(.ARM.Collect$$libinit$$0000002C)
    .ARM.Collect$$libinit$$0000002E          0x0000016c   Section        0  libinit2.o(.ARM.Collect$$libinit$$0000002E)
    .ARM.Collect$$libinit$$00000030          0x0000016c   Section        0  libinit2.o(.ARM.Collect$$libinit$$00000030)
    .ARM.Collect$$libinit$$00000032          0x0000016c   Section        0  libinit2.o(.ARM.Collect$$libinit$$00000032)
    .ARM.Collect$$libinit$$00000033          0x0000016c   Section        2  libinit2.o(.ARM.Collect$$libinit$$00000033)
    .ARM.Collect$$libshutdown$$00000000      0x0000016e   Section        2  libshutdown.o(.ARM.Collect$$libshutdown$$00000000)
    .ARM.Collect$$libshutdown$$00000002      0x00000170   Section        0  libshutdown2.o(.ARM.Collect$$libshutdown$$00000002)
    .ARM.Collect$$libshutdown$$00000004      0x00000170   Section        0  libshutdown2.o(.ARM.Collect$$libshutdown$$00000004)
    .ARM.Collect$$libshutdown$$00000007      0x00000170   Section        0  libshutdown2.o(.ARM.Collect$$libshutdown$$00000007)
    .ARM.Collect$$libshutdown$$0000000A      0x00000170   Section        0  libshutdown2.o(.ARM.Collect$$libshutdown$$0000000A)
    .ARM.Collect$$libshutdown$$0000000C      0x00000170   Section        0  libshutdown2.o(.ARM.Collect$$libshutdown$$0000000C)
    .ARM.Collect$$libshutdown$$0000000F      0x00000170   Section        0  libshutdown2.o(.ARM.Collect$$libshutdown$$0000000F)
    .ARM.Collect$$libshutdown$$00000010      0x00000170   Section        2  libshutdown2.o(.ARM.Collect$$libshutdown$$00000010)
    .ARM.Collect$$rtentry$$00000000          0x00000172   Section        0  __rtentry.o(.ARM.Collect$$rtentry$$00000000)
    .ARM.Collect$$rtentry$$00000002          0x00000172   Section        0  __rtentry2.o(.ARM.Collect$$rtentry$$00000002)
    .ARM.Collect$$rtentry$$00000004          0x00000172   Section        6  __rtentry4.o(.ARM.Collect$$rtentry$$00000004)
    .ARM.Collect$$rtentry$$00000009          0x00000178   Section        0  __rtentry2.o(.ARM.Collect$$rtentry$$00000009)
    .ARM.Collect$$rtentry$$0000000A          0x00000178   Section        4  __rtentry2.o(.ARM.Collect$$rtentry$$0000000A)
    .ARM.Collect$$rtentry$$0000000C          0x0000017c   Section        0  __rtentry2.o(.ARM.Collect$$rtentry$$0000000C)
    .ARM.Collect$$rtentry$$0000000D          0x0000017c   Section        8  __rtentry2.o(.ARM.Collect$$rtentry$$0000000D)
    .ARM.Collect$$rtexit$$00000000           0x00000184   Section        2  rtexit.o(.ARM.Collect$$rtexit$$00000000)
    .ARM.Collect$$rtexit$$00000002           0x00000186   Section        0  rtexit2.o(.ARM.Collect$$rtexit$$00000002)
    .ARM.Collect$$rtexit$$00000003           0x00000186   Section        4  rtexit2.o(.ARM.Collect$$rtexit$$00000003)
    .ARM.Collect$$rtexit$$00000004           0x0000018a   Section        6  rtexit2.o(.ARM.Collect$$rtexit$$00000004)
    .text                                    0x00000190   Section       64  startup_mkl25z4.o(.text)
    .text                                    0x000001d0   Section       16  rt_ctype_table.o(.text)
    .text                                    0x000001e0   Section        0  noretval__2printf.o(.text)
    .text                                    0x000001fc   Section        0  __printf.o(.text)
    .text                                    0x00000268   Section        0  _printf_str.o(.text)
    .text                                    0x000002bc   Section        0  _printf_dec.o(.text)
    .text                                    0x00000328   Section        0  _printf_hex_int.o(.text)
    .text                                    0x00000380   Section        0  __0scanf.o(.text)
    .text                                    0x000003a0   Section        0  __0sscanf.o(.text)
    .text                                    0x000003e0   Section        0  heapauxi.o(.text)
    .text                                    0x000003e8   Section        8  rt_locale_intlibspace.o(.text)
    .text                                    0x000003f0   Section        8  libspace.o(.text)
    .text                                    0x000003f8   Section        8  rt_errno_addr_intlibspace.o(.text)
    .ARM.__at_0x400                          0x00000400   Section       16  startup_mkl25z4.o(.ARM.__at_0x400)
    .text                                    0x00000410   Section        0  _scanf_str.o(.text)
    .text                                    0x000004f8   Section        0  rt_memclr.o(.text)
    .text                                    0x00000538   Section      160  strcmpv6m.o(.text)
    .text                                    0x000005d8   Section      488  aeabi_sdivfast.o(.text)
    .text                                    0x000007c0   Section        0  d2f.o(.text)
    .text                                    0x0000083c   Section        0  f2d.o(.text)
    .text                                    0x00000890   Section        0  fdiv.o(.text)
    .text                                    0x000009f0   Section        0  ffixi.o(.text)
    .text                                    0x00000a3c   Section        0  fscalbn.o(.text)
    .text                                    0x00000a80   Section        0  _rserrno.o(.text)
    .text                                    0x00000a96   Section        0  _printf_intcommon.o(.text)
    .text                                    0x00000b48   Section        0  _printf_fp_dec.o(.text)
    _fp_digits                               0x00000b4b   Thumb Code   408  _printf_fp_dec.o(.text)
    .text                                    0x00000f5c   Section        0  _printf_char.o(.text)
    .text                                    0x00000f8c   Section        0  _printf_char_file.o(.text)
    .text                                    0x00000fb4   Section        0  scanf_fp.o(.text)
    _fp_value                                0x00000fb5   Thumb Code   526  scanf_fp.o(.text)
    .text                                    0x00001484   Section        0  scanf_char.o(.text)
    _scanf_char_input                        0x00001485   Thumb Code    12  scanf_char.o(.text)
    .text                                    0x000014b4   Section        0  _sgetc.o(.text)
    .text                                    0x000014f8   Section        0  scanf_char_file.o(.text)
    .text                                    0x00001514   Section        0  rtudiv10.o(.text)
    .text                                    0x0000153c   Section        0  dcmpin.o(.text)
    .text                                    0x000015cc   Section        0  frem.o(.text)
    .text                                    0x000016e4   Section        0  fsqrt.o(.text)
    .text                                    0x00001774   Section        0  llmul.o(.text)
    .text                                    0x000017a4   Section        0  lludiv10.o(.text)
    .text                                    0x0000181e   Section        0  isspace.o(.text)
    .text                                    0x00001830   Section        0  _printf_char_common.o(.text)
    _printf_input_char                       0x00001831   Thumb Code    10  _printf_char_common.o(.text)
    .text                                    0x00001860   Section        0  _printf_fp_infnan.o(.text)
    .text                                    0x000018e8   Section        0  _scanf.o(.text)
    .text                                    0x00001c68   Section        0  bigflt0.o(.text)
    .text                                    0x00001d30   Section        0  btod.o(.text)
    btod_internal_mul                        0x00001d71   Thumb Code   456  btod.o(.text)
    btod_internal_div                        0x00001f39   Thumb Code   494  btod.o(.text)
    .text                                    0x000021f8   Section        0  backspace.o(.text)
    .text                                    0x00002244   Section        0  ferror.o(.text)
    .text                                    0x0000224c   Section        0  cmpret.o(.text)
    .text                                    0x0000227c   Section        0  dnan2.o(.text)
    .text                                    0x00002290   Section        0  dscalbn.o(.text)
    .text                                    0x000022f0   Section       62  sys_stackheap_outer.o(.text)
    .text                                    0x00002330   Section        0  scanf_hexfp.o(.text)
    .text                                    0x00002664   Section        0  scanf_infnan.o(.text)
    .text                                    0x000027a0   Section        0  ungetc.o(.text)
    .text                                    0x000027ec   Section        0  exit.o(.text)
    .text                                    0x000027fc   Section        0  retnan.o(.text)
    .text                                    0x0000285a   Section        0  llshl.o(.text)
    .text                                    0x0000287a   Section        0  _chval.o(.text)
    .text                                    0x00002898   Section        0  sys_exit.o(.text)
    .text                                    0x000028a4   Section        2  use_no_semi.o(.text)
    .text                                    0x000028a6   Section        0  __dczerorl2.o(.text)
    .text                                    0x000028a6   Section        0  indicate_semi.o(.text)
    i.Compute_Current                        0x000028fc   Section        0  drift_calculation.o(i.Compute_Current)
    i.Control_RGB_LEDs                       0x00002a50   Section        0  leds.o(i.Control_RGB_LEDs)
    i.Disable_Profiling                      0x00002a8c   Section        0  profile.o(i.Disable_Profiling)
    i.Enable_Profiling                       0x00002a98   Section        0  profile.o(i.Enable_Profiling)
    i.Get_Data                               0x00002aa4   Section        0  main.o(i.Get_Data)
    i.Init_PIT                               0x00002bb8   Section        0  timers.o(i.Init_PIT)
    i.Init_Profiling                         0x00002c1c   Section        0  profile.o(i.Init_Profiling)
    i.Init_RGB_LEDs                          0x00002c74   Section        0  leds.o(i.Init_RGB_LEDs)
    i.Init_UART0                             0x00002cdc   Section        0  uart.o(i.Init_UART0)
    i.PIT_IRQHandler                         0x00002d40   Section        0  timers.o(i.PIT_IRQHandler)
    i.Print_Sorted_Profile                   0x00002de8   Section        0  profile.o(i.Print_Sorted_Profile)
    i.Q_Dequeue                              0x00002e80   Section        0  queue.o(i.Q_Dequeue)
    i.Q_Empty                                0x00002eaa   Section        0  queue.o(i.Q_Empty)
    i.Q_Enqueue                              0x00002ebc   Section        0  queue.o(i.Q_Enqueue)
    i.Q_Init                                 0x00002ee8   Section        0  queue.o(i.Q_Init)
    i.Sort_Profile_Regions                   0x00002f04   Section        0  profile.o(i.Sort_Profile_Regions)
    i.Start_PIT                              0x00002fac   Section        0  timers.o(i.Start_PIT)
    i.SystemInit                             0x00002fbc   Section        0  system_mkl25z4.o(i.SystemInit)
    i.UART0_IRQHandler                       0x000030a4   Section        0  uart.o(i.UART0_IRQHandler)
    i.__ARM_common_ll_muluu                  0x000030ec   Section        0  btod.o(i.__ARM_common_ll_muluu)
    i.__ARM_fpclassify                       0x0000311c   Section        0  fpclassify.o(i.__ARM_fpclassify)
    i.__ARM_fpclassifyf                      0x00003148   Section        0  fpclassifyf.o(i.__ARM_fpclassifyf)
    i.__mathlib_dbl_overflow                 0x0000316c   Section        0  dunder.o(i.__mathlib_dbl_overflow)
    i.__mathlib_dbl_underflow                0x00003180   Section        0  dunder.o(i.__mathlib_dbl_underflow)
    i.__mathlib_flt_infnan                   0x00003194   Section        0  funder.o(i.__mathlib_flt_infnan)
    i.__mathlib_flt_invalid                  0x0000319e   Section        0  funder.o(i.__mathlib_flt_invalid)
    i.__mathlib_flt_underflow                0x000031aa   Section        0  funder.o(i.__mathlib_flt_underflow)
    i.__mathlib_narrow                       0x000031b8   Section        0  narrow.o(i.__mathlib_narrow)
    i.__mathlib_tofloat                      0x000031c8   Section        0  narrow.o(i.__mathlib_tofloat)
    i.__support_ldexp                        0x00003254   Section        0  ldexp.o(i.__support_ldexp)
    i._is_digit                              0x00003268   Section        0  __printf_wp.o(i._is_digit)
    i.asinf                                  0x00003278   Section        0  asinf.o(i.asinf)
    i.cos_32                                 0x00003390   Section        0  trig_approx.o(i.cos_32)
    i.fgetc                                  0x0000348c   Section        0  uart.o(i.fgetc)
    i.fmodf                                  0x0000349c   Section        0  fmodf.o(i.fmodf)
    i.fputc                                  0x000034fc   Section        0  uart.o(i.fputc)
    i.frexp                                  0x00003514   Section        0  frexp.o(i.frexp)
    i.ldexp                                  0x0000356c   Section        0  ldexp.o(i.ldexp)
    i.main                                   0x000035dc   Section        0  main.o(i.main)
    i.sin_32                                 0x00003a1c   Section        0  trig_approx.o(i.sin_32)
    i.sqrtf                                  0x00003a30   Section        0  sqrtf.o(i.sqrtf)
    locale$$code                             0x00003a5c   Section       44  lc_ctype_c.o(locale$$code)
    locale$$code                             0x00003a88   Section       44  lc_numeric_c.o(locale$$code)
    x$fpl$deqf                               0x00003ab4   Section      100  deqf.o(x$fpl$deqf)
    x$fpl$drleqf                             0x00003b18   Section      104  drlef.o(x$fpl$drleqf)
    x$fpl$fadd                               0x00003b80   Section      140  faddsub.o(x$fpl$fadd)
    _fadd1                                   0x00003b8d   Thumb Code     0  faddsub.o(x$fpl$fadd)
    x$fpl$fmul                               0x00003c0c   Section      176  fmul.o(x$fpl$fmul)
    x$fpl$frsb                               0x00003cbc   Section       24  faddsub.o(x$fpl$frsb)
    x$fpl$fsub                               0x00003cd4   Section      208  faddsub.o(x$fpl$fsub)
    _fsub1                                   0x00003ce1   Thumb Code     0  faddsub.o(x$fpl$fsub)
    x$fpl$printf1                            0x00003da4   Section       16  printf1.o(x$fpl$printf1)
    x$fpl$scanf1                             0x00003db4   Section       16  scanf1.o(x$fpl$scanf1)
    x$fpl$scanf2                             0x00003dc4   Section       32  scanf2.o(x$fpl$scanf2)
    .constdata                               0x00003de4   Section     4576  region.o(.constdata)
    x$fpl$usenofp                            0x00003de4   Section        0  usenofp.o(x$fpl$usenofp)
    .constdata                               0x00004fc4   Section        4  region.o(.constdata)
    .constdata                               0x00004fc8   Section       40  _printf_hex_int.o(.constdata)
    uc_hextab                                0x00004fc8   Data          20  _printf_hex_int.o(.constdata)
    lc_hextab                                0x00004fdc   Data          20  _printf_hex_int.o(.constdata)
    .constdata                               0x00004ff0   Section       64  fdiv.o(.constdata)
    fdiv_tab                                 0x00004ff0   Data          64  fdiv.o(.constdata)
    .constdata                               0x00005030   Section      148  bigflt0.o(.constdata)
    tenpwrs_x                                0x00005030   Data          60  bigflt0.o(.constdata)
    tenpwrs_i                                0x0000506c   Data          64  bigflt0.o(.constdata)
    .conststring                             0x000050c4   Section       89  main.o(.conststring)
    c$$dinf                                  0x00005140   Section        8  fpconst.o(c$$dinf)
    locale$$data                             0x00005148   Section      272  lc_ctype_c.o(locale$$data)
    __lcctype_c_name                         0x0000514c   Data           2  lc_ctype_c.o(locale$$data)
    __lcctype_c_start                        0x00005154   Data           0  lc_ctype_c.o(locale$$data)
    locale$$data                             0x00005258   Section       28  lc_numeric_c.o(locale$$data)
    __lcctype_c_end                          0x00005258   Data           0  lc_ctype_c.o(locale$$data)
    __lcnum_c_name                           0x0000525c   Data           2  lc_numeric_c.o(locale$$data)
    __lcnum_c_start                          0x00005264   Data           0  lc_numeric_c.o(locale$$data)
    __lcnum_c_point                          0x00005270   Data           0  lc_numeric_c.o(locale$$data)
    __lcnum_c_thousands                      0x00005272   Data           0  lc_numeric_c.o(locale$$data)
    __lcnum_c_grouping                       0x00005273   Data           0  lc_numeric_c.o(locale$$data)
    __lcnum_c_end                            0x00005274   Data           0  lc_numeric_c.o(locale$$data)
    .data                                    0x1ffff000   Section      312  main.o(.data)
    .data                                    0x1ffff138   Section       16  profile.o(.data)
    .data                                    0x1ffff148   Section        4  timers.o(.data)
    .data                                    0x1ffff14c   Section        4  uart.o(.data)
    .data                                    0x1ffff150   Section        4  uart.o(.data)
    .data                                    0x1ffff154   Section        4  system_mkl25z4.o(.data)
    .bss                                     0x1ffff158   Section      572  region.o(.bss)
    .bss                                     0x1ffff394   Section      572  region.o(.bss)
    .bss                                     0x1ffff5d0   Section      536  uart.o(.bss)
    .bss                                     0x1ffff7e8   Section       96  libspace.o(.bss)
    HEAP                                     0x1ffff848   Section        0  startup_mkl25z4.o(HEAP)
    STACK                                    0x1ffff848   Section     1024  startup_mkl25z4.o(STACK)
    Heap_Mem                                 0x1ffff848   Data           0  startup_mkl25z4.o(HEAP)
    Stack_Mem                                0x1ffff848   Data        1024  startup_mkl25z4.o(STACK)
    __initial_sp                             0x1ffffc48   Data           0  startup_mkl25z4.o(STACK)

    Global Symbols

    Symbol Name                              Value     Ov Type        Size  Object(Section)

    BuildAttributes$$THM_ISAv3M$S$PE$A:L22$X:L11$S22$IEEE1$IW$USESV6$~STKCKD$USESV7$~SHL$OTIME$ROPI$IEEEX$EBA8$UX$STANDARDLIB$REQ8$PRES8$EABIv2 0x00000000   Number         0  anon$$obj.o ABSOLUTE
    __ARM_use_no_argv                        0x00000000   Number         0  main.o ABSOLUTE
    __Vectors                                0x00000000   Data           4  startup_mkl25z4.o(RESET)
    __ARM_exceptions_init                     - Undefined Weak Reference
    __alloca_initialize                       - Undefined Weak Reference
    __arm_preinit_                            - Undefined Weak Reference
    __cpp_initialize__aeabi_                  - Undefined Weak Reference
    __cxa_finalize                            - Undefined Weak Reference
    __sigvec_lookup                           - Undefined Weak Reference
    _atexit_init                              - Undefined Weak Reference
    _call_atexit_fns                          - Undefined Weak Reference
    _clock_init                               - Undefined Weak Reference
    _fp_trap_init                             - Undefined Weak Reference
    _fp_trap_shutdown                         - Undefined Weak Reference
    _get_lc_collate                           - Undefined Weak Reference
    _get_lc_monetary                          - Undefined Weak Reference
    _get_lc_time                              - Undefined Weak Reference
    _getenv_init                              - Undefined Weak Reference
    _handle_redirection                       - Undefined Weak Reference
    _init_alloc                               - Undefined Weak Reference
    _init_user_alloc                          - Undefined Weak Reference
    _initio                                   - Undefined Weak Reference
    _mutex_acquire                            - Undefined Weak Reference
    _mutex_release                            - Undefined Weak Reference
    _printf_mbtowc                            - Undefined Weak Reference
    _printf_post_padding                      - Undefined Weak Reference
    _printf_pre_padding                       - Undefined Weak Reference
    _printf_truncate_signed                   - Undefined Weak Reference
    _printf_truncate_unsigned                 - Undefined Weak Reference
    _rand_init                                - Undefined Weak Reference
    _scanf_int                                - Undefined Weak Reference
    _scanf_longlong                           - Undefined Weak Reference
    _scanf_mbtowc                             - Undefined Weak Reference
    _scanf_wctomb                             - Undefined Weak Reference
    _scanf_wstring                            - Undefined Weak Reference
    _signal_finish                            - Undefined Weak Reference
    _signal_init                              - Undefined Weak Reference
    _terminate_alloc                          - Undefined Weak Reference
    _terminate_user_alloc                     - Undefined Weak Reference
    _terminateio                              - Undefined Weak Reference
    __Vectors_End                            0x000000c0   Data           0  startup_mkl25z4.o(RESET)
    __Vectors_Size                           0x000000c0   Number         0  startup_mkl25z4.o ABSOLUTE
    __main                                   0x000000c1   Thumb Code     8  __main.o(!!!main)
    __scatterload                            0x000000c9   Thumb Code     0  __scatter.o(!!!scatter)
    __scatterload_rt2                        0x000000c9   Thumb Code    52  __scatter.o(!!!scatter)
    __scatterload_rt2_thumb_only             0x000000c9   Thumb Code     0  __scatter.o(!!!scatter)
    __scatterload_null                       0x000000d9   Thumb Code     0  __scatter.o(!!!scatter)
    __scatterload_zeroinit                   0x00000105   Thumb Code    28  __scatter_zi.o(!!handler_zi)
    _printf_percent                          0x00000121   Thumb Code     0  _printf_percent.o(.ARM.Collect$$_printf_percent$$00000000)
    _printf_f                                0x00000123   Thumb Code     0  _printf_f.o(.ARM.Collect$$_printf_percent$$00000003)
    _printf_d                                0x0000012d   Thumb Code     0  _printf_d.o(.ARM.Collect$$_printf_percent$$00000009)
    _printf_x                                0x00000137   Thumb Code     0  _printf_x.o(.ARM.Collect$$_printf_percent$$0000000C)
    _printf_s                                0x00000141   Thumb Code     0  _printf_s.o(.ARM.Collect$$_printf_percent$$00000014)
    _printf_percent_end                      0x0000014b   Thumb Code     0  _printf_percent_end.o(.ARM.Collect$$_printf_percent$$00000017)
    __rt_lib_init                            0x0000014f   Thumb Code     0  libinit.o(.ARM.Collect$$libinit$$00000000)
    __rt_lib_init_fp_1                       0x00000151   Thumb Code     0  libinit2.o(.ARM.Collect$$libinit$$00000002)
    __rt_lib_init_heap_1                     0x00000151   Thumb Code     0  libinit2.o(.ARM.Collect$$libinit$$0000000A)
    __rt_lib_init_lc_common                  0x00000151   Thumb Code     0  libinit2.o(.ARM.Collect$$libinit$$0000000F)
    __rt_lib_init_preinit_1                  0x00000151   Thumb Code     0  libinit2.o(.ARM.Collect$$libinit$$00000004)
    __rt_lib_init_rand_1                     0x00000151   Thumb Code     0  libinit2.o(.ARM.Collect$$libinit$$0000000E)
    __rt_lib_init_user_alloc_1               0x00000151   Thumb Code     0  libinit2.o(.ARM.Collect$$libinit$$0000000C)
    __rt_lib_init_lc_collate_1               0x00000157   Thumb Code     0  libinit2.o(.ARM.Collect$$libinit$$00000011)
    __rt_lib_init_lc_ctype_2                 0x00000157   Thumb Code     0  libinit2.o(.ARM.Collect$$libinit$$00000012)
    __rt_lib_init_lc_ctype_1                 0x00000163   Thumb Code     0  libinit2.o(.ARM.Collect$$libinit$$00000013)
    __rt_lib_init_lc_monetary_1              0x00000163   Thumb Code     0  libinit2.o(.ARM.Collect$$libinit$$00000015)
    __rt_lib_init_lc_numeric_2               0x00000163   Thumb Code     0  libinit2.o(.ARM.Collect$$libinit$$00000016)
    __rt_lib_init_alloca_1                   0x0000016d   Thumb Code     0  libinit2.o(.ARM.Collect$$libinit$$0000002E)
    __rt_lib_init_argv_1                     0x0000016d   Thumb Code     0  libinit2.o(.ARM.Collect$$libinit$$0000002C)
    __rt_lib_init_atexit_1                   0x0000016d   Thumb Code     0  libinit2.o(.ARM.Collect$$libinit$$0000001B)
    __rt_lib_init_clock_1                    0x0000016d   Thumb Code     0  libinit2.o(.ARM.Collect$$libinit$$00000021)
    __rt_lib_init_cpp_1                      0x0000016d   Thumb Code     0  libinit2.o(.ARM.Collect$$libinit$$00000032)
    __rt_lib_init_exceptions_1               0x0000016d   Thumb Code     0  libinit2.o(.ARM.Collect$$libinit$$00000030)
    __rt_lib_init_fp_trap_1                  0x0000016d   Thumb Code     0  libinit2.o(.ARM.Collect$$libinit$$0000001F)
    __rt_lib_init_getenv_1                   0x0000016d   Thumb Code     0  libinit2.o(.ARM.Collect$$libinit$$00000023)
    __rt_lib_init_lc_numeric_1               0x0000016d   Thumb Code     0  libinit2.o(.ARM.Collect$$libinit$$00000017)
    __rt_lib_init_lc_time_1                  0x0000016d   Thumb Code     0  libinit2.o(.ARM.Collect$$libinit$$00000019)
    __rt_lib_init_return                     0x0000016d   Thumb Code     0  libinit2.o(.ARM.Collect$$libinit$$00000033)
    __rt_lib_init_signal_1                   0x0000016d   Thumb Code     0  libinit2.o(.ARM.Collect$$libinit$$0000001D)
    __rt_lib_init_stdio_1                    0x0000016d   Thumb Code     0  libinit2.o(.ARM.Collect$$libinit$$00000025)
    __rt_lib_shutdown                        0x0000016f   Thumb Code     0  libshutdown.o(.ARM.Collect$$libshutdown$$00000000)
    __rt_lib_shutdown_cpp_1                  0x00000171   Thumb Code     0  libshutdown2.o(.ARM.Collect$$libshutdown$$00000002)
    __rt_lib_shutdown_fp_trap_1              0x00000171   Thumb Code     0  libshutdown2.o(.ARM.Collect$$libshutdown$$00000007)
    __rt_lib_shutdown_heap_1                 0x00000171   Thumb Code     0  libshutdown2.o(.ARM.Collect$$libshutdown$$0000000F)
    __rt_lib_shutdown_return                 0x00000171   Thumb Code     0  libshutdown2.o(.ARM.Collect$$libshutdown$$00000010)
    __rt_lib_shutdown_signal_1               0x00000171   Thumb Code     0  libshutdown2.o(.ARM.Collect$$libshutdown$$0000000A)
    __rt_lib_shutdown_stdio_1                0x00000171   Thumb Code     0  libshutdown2.o(.ARM.Collect$$libshutdown$$00000004)
    __rt_lib_shutdown_user_alloc_1           0x00000171   Thumb Code     0  libshutdown2.o(.ARM.Collect$$libshutdown$$0000000C)
    __rt_entry                               0x00000173   Thumb Code     0  __rtentry.o(.ARM.Collect$$rtentry$$00000000)
    __rt_entry_presh_1                       0x00000173   Thumb Code     0  __rtentry2.o(.ARM.Collect$$rtentry$$00000002)
    __rt_entry_sh                            0x00000173   Thumb Code     0  __rtentry4.o(.ARM.Collect$$rtentry$$00000004)
    __rt_entry_li                            0x00000179   Thumb Code     0  __rtentry2.o(.ARM.Collect$$rtentry$$0000000A)
    __rt_entry_postsh_1                      0x00000179   Thumb Code     0  __rtentry2.o(.ARM.Collect$$rtentry$$00000009)
    __rt_entry_main                          0x0000017d   Thumb Code     0  __rtentry2.o(.ARM.Collect$$rtentry$$0000000D)
    __rt_entry_postli_1                      0x0000017d   Thumb Code     0  __rtentry2.o(.ARM.Collect$$rtentry$$0000000C)
    __rt_exit                                0x00000185   Thumb Code     0  rtexit.o(.ARM.Collect$$rtexit$$00000000)
    __rt_exit_ls                             0x00000187   Thumb Code     0  rtexit2.o(.ARM.Collect$$rtexit$$00000003)
    __rt_exit_prels_1                        0x00000187   Thumb Code     0  rtexit2.o(.ARM.Collect$$rtexit$$00000002)
    __rt_exit_exit                           0x0000018b   Thumb Code     0  rtexit2.o(.ARM.Collect$$rtexit$$00000004)
    Reset_Handler                            0x00000191   Thumb Code    12  startup_mkl25z4.o(.text)
    NMI_Handler                              0x0000019d   Thumb Code     2  startup_mkl25z4.o(.text)
    HardFault_Handler                        0x0000019f   Thumb Code     2  startup_mkl25z4.o(.text)
    SVC_Handler                              0x000001a1   Thumb Code     2  startup_mkl25z4.o(.text)
    PendSV_Handler                           0x000001a3   Thumb Code     2  startup_mkl25z4.o(.text)
    SysTick_Handler                          0x000001a5   Thumb Code     2  startup_mkl25z4.o(.text)
    ADC0_IRQHandler                          0x000001a7   Thumb Code     0  startup_mkl25z4.o(.text)
    CMP0_IRQHandler                          0x000001a7   Thumb Code     0  startup_mkl25z4.o(.text)
    DAC0_IRQHandler                          0x000001a7   Thumb Code     0  startup_mkl25z4.o(.text)
    DMA0_IRQHandler                          0x000001a7   Thumb Code     0  startup_mkl25z4.o(.text)
    DMA1_IRQHandler                          0x000001a7   Thumb Code     0  startup_mkl25z4.o(.text)
    DMA2_IRQHandler                          0x000001a7   Thumb Code     0  startup_mkl25z4.o(.text)
    DMA3_IRQHandler                          0x000001a7   Thumb Code     0  startup_mkl25z4.o(.text)
    DefaultISR                               0x000001a7   Thumb Code     0  startup_mkl25z4.o(.text)
    FTFA_IRQHandler                          0x000001a7   Thumb Code     0  startup_mkl25z4.o(.text)
    I2C0_IRQHandler                          0x000001a7   Thumb Code     0  startup_mkl25z4.o(.text)
    I2C1_IRQHandler                          0x000001a7   Thumb Code     0  startup_mkl25z4.o(.text)
    LLWU_IRQHandler                          0x000001a7   Thumb Code     0  startup_mkl25z4.o(.text)
    LPTMR0_IRQHandler                        0x000001a7   Thumb Code     0  startup_mkl25z4.o(.text)
    LVD_LVW_IRQHandler                       0x000001a7   Thumb Code     0  startup_mkl25z4.o(.text)
    MCG_IRQHandler                           0x000001a7   Thumb Code     0  startup_mkl25z4.o(.text)
    PORTA_IRQHandler                         0x000001a7   Thumb Code     0  startup_mkl25z4.o(.text)
    PORTD_IRQHandler                         0x000001a7   Thumb Code     0  startup_mkl25z4.o(.text)
    RTC_IRQHandler                           0x000001a7   Thumb Code     0  startup_mkl25z4.o(.text)
    RTC_Seconds_IRQHandler                   0x000001a7   Thumb Code     0  startup_mkl25z4.o(.text)
    Reserved20_IRQHandler                    0x000001a7   Thumb Code     0  startup_mkl25z4.o(.text)
    Reserved39_IRQHandler                    0x000001a7   Thumb Code     0  startup_mkl25z4.o(.text)
    Reserved45_IRQHandler                    0x000001a7   Thumb Code     0  startup_mkl25z4.o(.text)
    SPI0_IRQHandler                          0x000001a7   Thumb Code     0  startup_mkl25z4.o(.text)
    SPI1_IRQHandler                          0x000001a7   Thumb Code     0  startup_mkl25z4.o(.text)
    TPM0_IRQHandler                          0x000001a7   Thumb Code     0  startup_mkl25z4.o(.text)
    TPM1_IRQHandler                          0x000001a7   Thumb Code     0  startup_mkl25z4.o(.text)
    TPM2_IRQHandler                          0x000001a7   Thumb Code     0  startup_mkl25z4.o(.text)
    TSI0_IRQHandler                          0x000001a7   Thumb Code     0  startup_mkl25z4.o(.text)
    UART1_IRQHandler                         0x000001a7   Thumb Code     0  startup_mkl25z4.o(.text)
    UART2_IRQHandler                         0x000001a7   Thumb Code     0  startup_mkl25z4.o(.text)
    USB0_IRQHandler                          0x000001a7   Thumb Code     0  startup_mkl25z4.o(.text)
    __user_initial_stackheap                 0x000001ad   Thumb Code     0  startup_mkl25z4.o(.text)
    __rt_ctype_table                         0x000001d1   Thumb Code    16  rt_ctype_table.o(.text)
    __2printf                                0x000001e1   Thumb Code    22  noretval__2printf.o(.text)
    __printf                                 0x000001fd   Thumb Code   108  __printf.o(.text)
    _printf_str                              0x00000269   Thumb Code    82  _printf_str.o(.text)
    _printf_int_dec                          0x000002bd   Thumb Code    90  _printf_dec.o(.text)
    _printf_int_hex                          0x00000329   Thumb Code    84  _printf_hex_int.o(.text)
    _printf_longlong_hex                     0x00000329   Thumb Code     0  _printf_hex_int.o(.text)
    __0scanf                                 0x00000381   Thumb Code    28  __0scanf.o(.text)
    __0sscanf                                0x000003a1   Thumb Code    54  __0sscanf.o(.text)
    __use_two_region_memory                  0x000003e1   Thumb Code     2  heapauxi.o(.text)
    __rt_heap_escrow$2region                 0x000003e3   Thumb Code     2  heapauxi.o(.text)
    __rt_heap_expand$2region                 0x000003e5   Thumb Code     2  heapauxi.o(.text)
    __rt_locale                              0x000003e9   Thumb Code     8  rt_locale_intlibspace.o(.text)
    __user_libspace                          0x000003f1   Thumb Code     8  libspace.o(.text)
    __user_perproc_libspace                  0x000003f1   Thumb Code     0  libspace.o(.text)
    __user_perthread_libspace                0x000003f1   Thumb Code     0  libspace.o(.text)
    __aeabi_errno_addr                       0x000003f9   Thumb Code     8  rt_errno_addr_intlibspace.o(.text)
    __errno$intlibspace                      0x000003f9   Thumb Code     0  rt_errno_addr_intlibspace.o(.text)
    __rt_errno_addr$intlibspace              0x000003f9   Thumb Code     0  rt_errno_addr_intlibspace.o(.text)
    _scanf_string                            0x00000411   Thumb Code   232  _scanf_str.o(.text)
    _memset_w                                0x000004f9   Thumb Code    26  rt_memclr.o(.text)
    _memset                                  0x00000513   Thumb Code    30  rt_memclr.o(.text)
    __aeabi_memclr                           0x00000531   Thumb Code     4  rt_memclr.o(.text)
    __rt_memclr                              0x00000531   Thumb Code     0  rt_memclr.o(.text)
    __aeabi_memclr4                          0x00000535   Thumb Code     0  rt_memclr.o(.text)
    __aeabi_memclr8                          0x00000535   Thumb Code     0  rt_memclr.o(.text)
    __rt_memclr_w                            0x00000535   Thumb Code     4  rt_memclr.o(.text)
    strcmp                                   0x00000539   Thumb Code   160  strcmpv6m.o(.text)
    __aeabi_uidiv                            0x000005d9   Thumb Code     0  aeabi_sdivfast.o(.text)
    __aeabi_uidivmod                         0x000005d9   Thumb Code    28  aeabi_sdivfast.o(.text)
    __aeabi_idiv                             0x000005f5   Thumb Code     0  aeabi_sdivfast.o(.text)
    __aeabi_idivmod                          0x000005f5   Thumb Code   460  aeabi_sdivfast.o(.text)
    __aeabi_d2f                              0x000007c1   Thumb Code     0  d2f.o(.text)
    _d2f                                     0x000007c1   Thumb Code   120  d2f.o(.text)
    __aeabi_f2d                              0x0000083d   Thumb Code     0  f2d.o(.text)
    _f2d                                     0x0000083d   Thumb Code    80  f2d.o(.text)
    __aeabi_fdiv                             0x00000891   Thumb Code     0  fdiv.o(.text)
    _fdiv                                    0x00000891   Thumb Code   334  fdiv.o(.text)
    _frdiv                                   0x000009df   Thumb Code     8  fdiv.o(.text)
    __aeabi_f2iz                             0x000009f1   Thumb Code     0  ffixi.o(.text)
    _ffix                                    0x000009f1   Thumb Code    76  ffixi.o(.text)
    __ARM_scalbnf                            0x00000a3d   Thumb Code    64  fscalbn.o(.text)
    __read_errno                             0x00000a81   Thumb Code    10  _rserrno.o(.text)
    __set_errno                              0x00000a8b   Thumb Code    12  _rserrno.o(.text)
    _printf_int_common                       0x00000a97   Thumb Code   176  _printf_intcommon.o(.text)
    __lib_sel_fp_printf                      0x00000b49   Thumb Code     2  _printf_fp_dec.o(.text)
    _printf_fp_dec_real                      0x00000ce3   Thumb Code   620  _printf_fp_dec.o(.text)
    _printf_cs_common                        0x00000f5d   Thumb Code    22  _printf_char.o(.text)
    _printf_char                             0x00000f73   Thumb Code    16  _printf_char.o(.text)
    _printf_string                           0x00000f83   Thumb Code     8  _printf_char.o(.text)
    _printf_char_file                        0x00000f8d   Thumb Code    34  _printf_char_file.o(.text)
    _scanf_really_real                       0x000011c3   Thumb Code   706  scanf_fp.o(.text)
    __vfscanf_char                           0x00001491   Thumb Code    28  scanf_char.o(.text)
    _sgetc                                   0x000014b5   Thumb Code    32  _sgetc.o(.text)
    _sbackspace                              0x000014d5   Thumb Code    36  _sgetc.o(.text)
    __vfscanf_char_file                      0x000014f9   Thumb Code    20  scanf_char_file.o(.text)
    __rt_udiv10                              0x00001515   Thumb Code    40  rtudiv10.o(.text)
    __fpl_dcmp_InfNaN                        0x0000153d   Thumb Code   140  dcmpin.o(.text)
    _frem                                    0x000015cd   Thumb Code   274  frem.o(.text)
    _fsqrt                                   0x000016e5   Thumb Code   140  fsqrt.o(.text)
    __aeabi_lmul                             0x00001775   Thumb Code    48  llmul.o(.text)
    _ll_mul                                  0x00001775   Thumb Code     0  llmul.o(.text)
    _ll_udiv10                               0x000017a5   Thumb Code   122  lludiv10.o(.text)
    isspace                                  0x0000181f   Thumb Code    18  isspace.o(.text)
    _printf_char_common                      0x0000183b   Thumb Code    32  _printf_char_common.o(.text)
    _printf_fp_infnan                        0x00001861   Thumb Code   120  _printf_fp_infnan.o(.text)
    __vfscanf                                0x000018e9   Thumb Code   880  _scanf.o(.text)
    _btod_etento                             0x00001c69   Thumb Code   196  bigflt0.o(.text)
    _btod_d2e                                0x00001d31   Thumb Code    64  btod.o(.text)
    _btod_emul                               0x00002127   Thumb Code    24  btod.o(.text)
    _btod_emuld                              0x0000213f   Thumb Code    88  btod.o(.text)
    _btod_ediv                               0x00002197   Thumb Code    22  btod.o(.text)
    _btod_edivd                              0x000021ad   Thumb Code    60  btod.o(.text)
    ___backspace$unlocked                    0x000021f9   Thumb Code     2  backspace.o(.text)
    __backspace                              0x000021fb   Thumb Code    68  backspace.o(.text)
    ferror                                   0x00002245   Thumb Code     8  ferror.o(.text)
    __fpl_cmpreturn                          0x0000224d   Thumb Code    46  cmpret.o(.text)
    __fpl_dcheck_NaN2                        0x0000227d   Thumb Code    14  dnan2.o(.text)
    __ARM_scalbn                             0x00002291   Thumb Code    84  dscalbn.o(.text)
    __user_setup_stackheap                   0x000022f1   Thumb Code    62  sys_stackheap_outer.o(.text)
    _scanf_really_hex_real                   0x00002331   Thumb Code   806  scanf_hexfp.o(.text)
    _scanf_really_infnan                     0x00002665   Thumb Code   300  scanf_infnan.o(.text)
    _ungetc_internal                         0x000027a1   Thumb Code    62  ungetc.o(.text)
    ungetc                                   0x000027a1   Thumb Code     0  ungetc.o(.text)
    exit                                     0x000027ed   Thumb Code    16  exit.o(.text)
    __fpl_return_NaN                         0x000027fd   Thumb Code    94  retnan.o(.text)
    __aeabi_llsl                             0x0000285b   Thumb Code    32  llshl.o(.text)
    _ll_shift_l                              0x0000285b   Thumb Code     0  llshl.o(.text)
    _chval                                   0x0000287b   Thumb Code    30  _chval.o(.text)
    _sys_exit                                0x00002899   Thumb Code     8  sys_exit.o(.text)
    __I$use$semihosting                      0x000028a5   Thumb Code     0  use_no_semi.o(.text)
    __use_no_semihosting_swi                 0x000028a5   Thumb Code     2  use_no_semi.o(.text)
    __decompress                             0x000028a7   Thumb Code     0  __dczerorl2.o(.text)
    __decompress1                            0x000028a7   Thumb Code    86  __dczerorl2.o(.text)
    __semihosting_library_function           0x000028a7   Thumb Code     0  indicate_semi.o(.text)
    Compute_Current                          0x000028fd   Thumb Code   314  drift_calculation.o(i.Compute_Current)
    Control_RGB_LEDs                         0x00002a51   Thumb Code    52  leds.o(i.Control_RGB_LEDs)
    Disable_Profiling                        0x00002a8d   Thumb Code     8  profile.o(i.Disable_Profiling)
    Enable_Profiling                         0x00002a99   Thumb Code     8  profile.o(i.Enable_Profiling)
    Get_Data                                 0x00002aa5   Thumb Code   184  main.o(i.Get_Data)
    Init_PIT                                 0x00002bb9   Thumb Code    76  timers.o(i.Init_PIT)
    Init_Profiling                           0x00002c1d   Thumb Code    70  profile.o(i.Init_Profiling)
    Init_RGB_LEDs                            0x00002c75   Thumb Code    82  leds.o(i.Init_RGB_LEDs)
    Init_UART0                               0x00002cdd   Thumb Code    78  uart.o(i.Init_UART0)
    PIT_IRQHandler                           0x00002d41   Thumb Code   130  timers.o(i.PIT_IRQHandler)
    Print_Sorted_Profile                     0x00002de9   Thumb Code    68  profile.o(i.Print_Sorted_Profile)
    Q_Dequeue                                0x00002e81   Thumb Code    42  queue.o(i.Q_Dequeue)
    Q_Empty                                  0x00002eab   Thumb Code    18  queue.o(i.Q_Empty)
    Q_Enqueue                                0x00002ebd   Thumb Code    44  queue.o(i.Q_Enqueue)
    Q_Init                                   0x00002ee9   Thumb Code    26  queue.o(i.Q_Init)
    Sort_Profile_Regions                     0x00002f05   Thumb Code   152  profile.o(i.Sort_Profile_Regions)
    Start_PIT                                0x00002fad   Thumb Code    12  timers.o(i.Start_PIT)
    SystemInit                               0x00002fbd   Thumb Code   184  system_mkl25z4.o(i.SystemInit)
    UART0_IRQHandler                         0x000030a5   Thumb Code    60  uart.o(i.UART0_IRQHandler)
    __ARM_common_ll_muluu                    0x000030ed   Thumb Code    48  btod.o(i.__ARM_common_ll_muluu)
    __ARM_fpclassify                         0x0000311d   Thumb Code    40  fpclassify.o(i.__ARM_fpclassify)
    __ARM_fpclassifyf                        0x00003149   Thumb Code    34  fpclassifyf.o(i.__ARM_fpclassifyf)
    __mathlib_dbl_overflow                   0x0000316d   Thumb Code    16  dunder.o(i.__mathlib_dbl_overflow)
    __mathlib_dbl_underflow                  0x00003181   Thumb Code    14  dunder.o(i.__mathlib_dbl_underflow)
    __mathlib_flt_infnan                     0x00003195   Thumb Code    10  funder.o(i.__mathlib_flt_infnan)
    __mathlib_flt_invalid                    0x0000319f   Thumb Code    12  funder.o(i.__mathlib_flt_invalid)
    __mathlib_flt_underflow                  0x000031ab   Thumb Code    14  funder.o(i.__mathlib_flt_underflow)
    __mathlib_narrow                         0x000031b9   Thumb Code    16  narrow.o(i.__mathlib_narrow)
    __mathlib_tofloat                        0x000031c9   Thumb Code   130  narrow.o(i.__mathlib_tofloat)
    __support_ldexp                          0x00003255   Thumb Code    20  ldexp.o(i.__support_ldexp)
    _is_digit                                0x00003269   Thumb Code    14  __printf_wp.o(i._is_digit)
    asinf                                    0x00003279   Thumb Code   242  asinf.o(i.asinf)
    cos_32                                   0x00003391   Thumb Code   226  trig_approx.o(i.cos_32)
    fgetc                                    0x0000348d   Thumb Code    12  uart.o(i.fgetc)
    fmodf                                    0x0000349d   Thumb Code    96  fmodf.o(i.fmodf)
    fputc                                    0x000034fd   Thumb Code    18  uart.o(i.fputc)
    frexp                                    0x00003515   Thumb Code    72  frexp.o(i.frexp)
    ldexp                                    0x0000356d   Thumb Code   112  ldexp.o(i.ldexp)
    main                                     0x000035dd   Thumb Code   666  main.o(i.main)
    sin_32                                   0x00003a1d   Thumb Code    14  trig_approx.o(i.sin_32)
    sqrtf                                    0x00003a31   Thumb Code    44  sqrtf.o(i.sqrtf)
    _get_lc_ctype                            0x00003a5d   Thumb Code    44  lc_ctype_c.o(locale$$code)
    _get_lc_numeric                          0x00003a89   Thumb Code    44  lc_numeric_c.o(locale$$code)
    __aeabi_cdcmpeq                          0x00003ab5   Thumb Code     0  deqf.o(x$fpl$deqf)
    _dcmpeq                                  0x00003ab5   Thumb Code    94  deqf.o(x$fpl$deqf)
    __aeabi_cdrcmple                         0x00003b19   Thumb Code     0  drlef.o(x$fpl$drleqf)
    _drcmple                                 0x00003b19   Thumb Code   100  drlef.o(x$fpl$drleqf)
    __aeabi_fadd                             0x00003b81   Thumb Code     0  faddsub.o(x$fpl$fadd)
    _fadd                                    0x00003b81   Thumb Code   134  faddsub.o(x$fpl$fadd)
    __aeabi_fmul                             0x00003c0d   Thumb Code     0  fmul.o(x$fpl$fmul)
    _fmul                                    0x00003c0d   Thumb Code   172  fmul.o(x$fpl$fmul)
    __aeabi_frsub                            0x00003cbd   Thumb Code     0  faddsub.o(x$fpl$frsb)
    _frsb                                    0x00003cbd   Thumb Code    24  faddsub.o(x$fpl$frsb)
    __aeabi_fsub                             0x00003cd5   Thumb Code     0  faddsub.o(x$fpl$fsub)
    _fsub                                    0x00003cd5   Thumb Code   204  faddsub.o(x$fpl$fsub)
    _printf_fp_dec                           0x00003da5   Thumb Code    16  printf1.o(x$fpl$printf1)
    _scanf_real                              0x00003db5   Thumb Code    16  scanf1.o(x$fpl$scanf1)
    _scanf_hex_real                          0x00003dc5   Thumb Code    16  scanf2.o(x$fpl$scanf2)
    _scanf_infnan                            0x00003dd5   Thumb Code    16  scanf2.o(x$fpl$scanf2)
    RegionTable                              0x00003de4   Data        4576  region.o(.constdata)
    __I$use$fp                               0x00003de4   Number         0  usenofp.o(x$fpl$usenofp)
    NumProfileRegions                        0x00004fc4   Data           4  region.o(.constdata)
    Region$$Table$$Base                      0x00005120   Number         0  anon$$obj.o(Region$$Table)
    Region$$Table$$Limit                     0x00005140   Number         0  anon$$obj.o(Region$$Table)
    __aeabi_HUGE_VAL                         0x00005140   Data           0  fpconst.o(c$$dinf)
    __aeabi_HUGE_VALL                        0x00005140   Data           0  fpconst.o(c$$dinf)
    __aeabi_INFINITY                         0x00005140   Data           0  fpconst.o(c$$dinf)
    __dInf                                   0x00005140   Data           0  fpconst.o(c$$dinf)
    __huge_val                               0x00005140   Data           0  fpconst.o(c$$dinf)
    __ctype                                  0x00005155   Data           0  lc_ctype_c.o(locale$$data)
    Tests                                    0x1ffff000   Data         312  main.o(.data)
    profiling_enabled                        0x1ffff138   Data           1  profile.o(.data)
    adx_lost                                 0x1ffff13c   Data           4  profile.o(.data)
    num_lost                                 0x1ffff140   Data           4  profile.o(.data)
    profile_ticks                            0x1ffff144   Data           4  profile.o(.data)
    PC_val                                   0x1ffff148   Data           4  timers.o(.data)
    __stdout                                 0x1ffff14c   Data           4  uart.o(.data)
    __stdin                                  0x1ffff150   Data           4  uart.o(.data)
    SystemCoreClock                          0x1ffff154   Data           4  system_mkl25z4.o(.data)
    RegionCount                              0x1ffff158   Data         572  region.o(.bss)
    SortedRegions                            0x1ffff394   Data         572  region.o(.bss)
    TxQ                                      0x1ffff5d0   Data         268  uart.o(.bss)
    RxQ                                      0x1ffff6dc   Data         268  uart.o(.bss)
    __libspace_start                         0x1ffff7e8   Data          96  libspace.o(.bss)
    __temporary_stack_top$libspace           0x1ffff848   Data           0  libspace.o(.bss)



==============================================================================

Memory Map of the image

  Image Entry point : 0x000000c1

  Load Region LR_IROM1 (Base: 0x00000000, Size: 0x000053cc, Max: 0x00020000, ABSOLUTE, COMPRESSED[0x0000531c])

    Execution Region ER_IROM1 (Base: 0x00000000, Size: 0x00005274, Max: 0x00020000, ABSOLUTE)

    Base Addr    Size         Type   Attr      Idx    E Section Name        Object

    0x00000000   0x000000c0   Data   RO          599    RESET               startup_mkl25z4.o
    0x000000c0   0x00000008   Code   RO          715  * !!!main             c_p.l(__main.o)
    0x000000c8   0x0000003c   Code   RO         1115    !!!scatter          c_p.l(__scatter.o)
    0x00000104   0x0000001c   Code   RO         1117    !!handler_zi        c_p.l(__scatter_zi.o)
    0x00000120   0x00000002   Code   RO          698    .ARM.Collect$$_printf_percent$$00000000  c_p.l(_printf_percent.o)
    0x00000122   0x0000000a   Code   RO          697    .ARM.Collect$$_printf_percent$$00000003  c_p.l(_printf_f.o)
    0x0000012c   0x0000000a   Code   RO          696    .ARM.Collect$$_printf_percent$$00000009  c_p.l(_printf_d.o)
    0x00000136   0x0000000a   Code   RO          695    .ARM.Collect$$_printf_percent$$0000000C  c_p.l(_printf_x.o)
    0x00000140   0x0000000a   Code   RO          694    .ARM.Collect$$_printf_percent$$00000014  c_p.l(_printf_s.o)
    0x0000014a   0x00000004   Code   RO          805    .ARM.Collect$$_printf_percent$$00000017  c_p.l(_printf_percent_end.o)
    0x0000014e   0x00000002   Code   RO         1007    .ARM.Collect$$libinit$$00000000  c_p.l(libinit.o)
    0x00000150   0x00000000   Code   RO          914    .ARM.Collect$$libinit$$00000002  c_p.l(libinit2.o)
    0x00000150   0x00000000   Code   RO          916    .ARM.Collect$$libinit$$00000004  c_p.l(libinit2.o)
    0x00000150   0x00000000   Code   RO          919    .ARM.Collect$$libinit$$0000000A  c_p.l(libinit2.o)
    0x00000150   0x00000000   Code   RO          921    .ARM.Collect$$libinit$$0000000C  c_p.l(libinit2.o)
    0x00000150   0x00000000   Code   RO          923    .ARM.Collect$$libinit$$0000000E  c_p.l(libinit2.o)
    0x00000150   0x00000006   Code   RO          924    .ARM.Collect$$libinit$$0000000F  c_p.l(libinit2.o)
    0x00000156   0x00000000   Code   RO          926    .ARM.Collect$$libinit$$00000011  c_p.l(libinit2.o)
    0x00000156   0x0000000c   Code   RO          927    .ARM.Collect$$libinit$$00000012  c_p.l(libinit2.o)
    0x00000162   0x00000000   Code   RO          928    .ARM.Collect$$libinit$$00000013  c_p.l(libinit2.o)
    0x00000162   0x00000000   Code   RO          930    .ARM.Collect$$libinit$$00000015  c_p.l(libinit2.o)
    0x00000162   0x0000000a   Code   RO          931    .ARM.Collect$$libinit$$00000016  c_p.l(libinit2.o)
    0x0000016c   0x00000000   Code   RO          932    .ARM.Collect$$libinit$$00000017  c_p.l(libinit2.o)
    0x0000016c   0x00000000   Code   RO          934    .ARM.Collect$$libinit$$00000019  c_p.l(libinit2.o)
    0x0000016c   0x00000000   Code   RO          936    .ARM.Collect$$libinit$$0000001B  c_p.l(libinit2.o)
    0x0000016c   0x00000000   Code   RO          938    .ARM.Collect$$libinit$$0000001D  c_p.l(libinit2.o)
    0x0000016c   0x00000000   Code   RO          940    .ARM.Collect$$libinit$$0000001F  c_p.l(libinit2.o)
    0x0000016c   0x00000000   Code   RO          942    .ARM.Collect$$libinit$$00000021  c_p.l(libinit2.o)
    0x0000016c   0x00000000   Code   RO          944    .ARM.Collect$$libinit$$00000023  c_p.l(libinit2.o)
    0x0000016c   0x00000000   Code   RO          946    .ARM.Collect$$libinit$$00000025  c_p.l(libinit2.o)
    0x0000016c   0x00000000   Code   RO          950    .ARM.Collect$$libinit$$0000002C  c_p.l(libinit2.o)
    0x0000016c   0x00000000   Code   RO          952    .ARM.Collect$$libinit$$0000002E  c_p.l(libinit2.o)
    0x0000016c   0x00000000   Code   RO          954    .ARM.Collect$$libinit$$00000030  c_p.l(libinit2.o)
    0x0000016c   0x00000000   Code   RO          956    .ARM.Collect$$libinit$$00000032  c_p.l(libinit2.o)
    0x0000016c   0x00000002   Code   RO          957    .ARM.Collect$$libinit$$00000033  c_p.l(libinit2.o)
    0x0000016e   0x00000002   Code   RO         1080    .ARM.Collect$$libshutdown$$00000000  c_p.l(libshutdown.o)
    0x00000170   0x00000000   Code   RO         1096    .ARM.Collect$$libshutdown$$00000002  c_p.l(libshutdown2.o)
    0x00000170   0x00000000   Code   RO         1098    .ARM.Collect$$libshutdown$$00000004  c_p.l(libshutdown2.o)
    0x00000170   0x00000000   Code   RO         1101    .ARM.Collect$$libshutdown$$00000007  c_p.l(libshutdown2.o)
    0x00000170   0x00000000   Code   RO         1104    .ARM.Collect$$libshutdown$$0000000A  c_p.l(libshutdown2.o)
    0x00000170   0x00000000   Code   RO         1106    .ARM.Collect$$libshutdown$$0000000C  c_p.l(libshutdown2.o)
    0x00000170   0x00000000   Code   RO         1109    .ARM.Collect$$libshutdown$$0000000F  c_p.l(libshutdown2.o)
    0x00000170   0x00000002   Code   RO         1110    .ARM.Collect$$libshutdown$$00000010  c_p.l(libshutdown2.o)
    0x00000172   0x00000000   Code   RO          785    .ARM.Collect$$rtentry$$00000000  c_p.l(__rtentry.o)
    0x00000172   0x00000000   Code   RO          862    .ARM.Collect$$rtentry$$00000002  c_p.l(__rtentry2.o)
    0x00000172   0x00000006   Code   RO          874    .ARM.Collect$$rtentry$$00000004  c_p.l(__rtentry4.o)
    0x00000178   0x00000000   Code   RO          864    .ARM.Collect$$rtentry$$00000009  c_p.l(__rtentry2.o)
    0x00000178   0x00000004   Code   RO          865    .ARM.Collect$$rtentry$$0000000A  c_p.l(__rtentry2.o)
    0x0000017c   0x00000000   Code   RO          867    .ARM.Collect$$rtentry$$0000000C  c_p.l(__rtentry2.o)
    0x0000017c   0x00000008   Code   RO          868    .ARM.Collect$$rtentry$$0000000D  c_p.l(__rtentry2.o)
    0x00000184   0x00000002   Code   RO         1019    .ARM.Collect$$rtexit$$00000000  c_p.l(rtexit.o)
    0x00000186   0x00000000   Code   RO         1052    .ARM.Collect$$rtexit$$00000002  c_p.l(rtexit2.o)
    0x00000186   0x00000004   Code   RO         1053    .ARM.Collect$$rtexit$$00000003  c_p.l(rtexit2.o)
    0x0000018a   0x00000006   Code   RO         1054    .ARM.Collect$$rtexit$$00000004  c_p.l(rtexit2.o)
    0x00000190   0x00000040   Code   RO          601    .text               startup_mkl25z4.o
    0x000001d0   0x00000010   Code   RO          641    .text               c_p.l(rt_ctype_table.o)
    0x000001e0   0x0000001c   Code   RO          645    .text               c_p.l(noretval__2printf.o)
    0x000001fc   0x0000006c   Code   RO          647    .text               c_p.l(__printf.o)
    0x00000268   0x00000052   Code   RO          649    .text               c_p.l(_printf_str.o)
    0x000002ba   0x00000002   PAD
    0x000002bc   0x0000006c   Code   RO          651    .text               c_p.l(_printf_dec.o)
    0x00000328   0x00000058   Code   RO          656    .text               c_p.l(_printf_hex_int.o)
    0x00000380   0x00000020   Code   RO          699    .text               c_p.l(__0scanf.o)
    0x000003a0   0x00000040   Code   RO          701    .text               c_p.l(__0sscanf.o)
    0x000003e0   0x00000006   Code   RO          713    .text               c_p.l(heapauxi.o)
    0x000003e6   0x00000002   PAD
    0x000003e8   0x00000008   Code   RO          793    .text               c_p.l(rt_locale_intlibspace.o)
    0x000003f0   0x00000008   Code   RO          858    .text               c_p.l(libspace.o)
    0x000003f8   0x00000008   Code   RO          881    .text               c_p.l(rt_errno_addr_intlibspace.o)
    0x00000400   0x00000010   Code   RO          600    .ARM.__at_0x400     startup_mkl25z4.o
    0x00000410   0x000000e8   Code   RO          703    .text               c_p.l(_scanf_str.o)
    0x000004f8   0x00000040   Code   RO          705    .text               c_p.l(rt_memclr.o)
    0x00000538   0x000000a0   Code   RO          707    .text               c_p.l(strcmpv6m.o)
    0x000005d8   0x000001e8   Code   RO          709    .text               c_p.l(aeabi_sdivfast.o)
    0x000007c0   0x0000007c   Code   RO          717    .text               fz_ps.l(d2f.o)
    0x0000083c   0x00000054   Code   RO          732    .text               fz_ps.l(f2d.o)
    0x00000890   0x00000160   Code   RO          740    .text               fz_ps.l(fdiv.o)
    0x000009f0   0x0000004c   Code   RO          743    .text               fz_ps.l(ffixi.o)
    0x00000a3c   0x00000044   Code   RO          747    .text               fz_ps.l(fscalbn.o)
    0x00000a80   0x00000016   Code   RO          795    .text               c_p.l(_rserrno.o)
    0x00000a96   0x000000b0   Code   RO          797    .text               c_p.l(_printf_intcommon.o)
    0x00000b46   0x00000002   PAD
    0x00000b48   0x00000414   Code   RO          799    .text               c_p.l(_printf_fp_dec.o)
    0x00000f5c   0x0000002e   Code   RO          801    .text               c_p.l(_printf_char.o)
    0x00000f8a   0x00000002   PAD
    0x00000f8c   0x00000028   Code   RO          803    .text               c_p.l(_printf_char_file.o)
    0x00000fb4   0x000004d0   Code   RO          806    .text               c_p.l(scanf_fp.o)
    0x00001484   0x00000030   Code   RO          808    .text               c_p.l(scanf_char.o)
    0x000014b4   0x00000044   Code   RO          810    .text               c_p.l(_sgetc.o)
    0x000014f8   0x0000001c   Code   RO          812    .text               c_p.l(scanf_char_file.o)
    0x00001514   0x00000028   Code   RO          817    .text               c_p.l(rtudiv10.o)
    0x0000153c   0x00000090   Code   RO          819    .text               fz_ps.l(dcmpin.o)
    0x000015cc   0x00000118   Code   RO          823    .text               fz_ps.l(frem.o)
    0x000016e4   0x00000090   Code   RO          825    .text               fz_ps.l(fsqrt.o)
    0x00001774   0x00000030   Code   RO          883    .text               c_p.l(llmul.o)
    0x000017a4   0x0000007a   Code   RO          885    .text               c_p.l(lludiv10.o)
    0x0000181e   0x00000012   Code   RO          887    .text               c_p.l(isspace.o)
    0x00001830   0x00000030   Code   RO          889    .text               c_p.l(_printf_char_common.o)
    0x00001860   0x00000088   Code   RO          891    .text               c_p.l(_printf_fp_infnan.o)
    0x000018e8   0x00000380   Code   RO          893    .text               c_p.l(_scanf.o)
    0x00001c68   0x000000c8   Code   RO          895    .text               c_p.l(bigflt0.o)
    0x00001d30   0x000004c8   Code   RO          898    .text               c_p.l(btod.o)
    0x000021f8   0x0000004c   Code   RO          902    .text               c_p.l(backspace.o)
    0x00002244   0x00000008   Code   RO          904    .text               c_p.l(ferror.o)
    0x0000224c   0x0000002e   Code   RO          958    .text               fz_ps.l(cmpret.o)
    0x0000227a   0x00000002   PAD
    0x0000227c   0x00000014   Code   RO          960    .text               fz_ps.l(dnan2.o)
    0x00002290   0x00000060   Code   RO          962    .text               fz_ps.l(dscalbn.o)
    0x000022f0   0x0000003e   Code   RO          983    .text               c_p.l(sys_stackheap_outer.o)
    0x0000232e   0x00000002   PAD
    0x00002330   0x00000334   Code   RO          988    .text               c_p.l(scanf_hexfp.o)
    0x00002664   0x0000013c   Code   RO          990    .text               c_p.l(scanf_infnan.o)
    0x000027a0   0x0000004c   Code   RO          992    .text               c_p.l(ungetc.o)
    0x000027ec   0x00000010   Code   RO          994    .text               c_p.l(exit.o)
    0x000027fc   0x0000005e   Code   RO         1012    .text               fz_ps.l(retnan.o)
    0x0000285a   0x00000020   Code   RO         1023    .text               c_p.l(llshl.o)
    0x0000287a   0x0000001e   Code   RO         1025    .text               c_p.l(_chval.o)
    0x00002898   0x0000000c   Code   RO         1049    .text               c_p.l(sys_exit.o)
    0x000028a4   0x00000002   Code   RO         1071    .text               c_p.l(use_no_semi.o)
    0x000028a6   0x00000000   Code   RO         1073    .text               c_p.l(indicate_semi.o)
    0x000028a6   0x00000056   Code   RO         1113    .text               c_p.l(__dczerorl2.o)
    0x000028fc   0x00000154   Code   RO           45    i.Compute_Current   drift_calculation.o
    0x00002a50   0x0000003c   Code   RO           76    i.Control_RGB_LEDs  leds.o
    0x00002a8c   0x0000000c   Code   RO          183    i.Disable_Profiling  profile.o
    0x00002a98   0x0000000c   Code   RO          184    i.Enable_Profiling  profile.o
    0x00002aa4   0x00000114   Code   RO          108    i.Get_Data          main.o
    0x00002bb8   0x00000064   Code   RO          312    i.Init_PIT          timers.o
    0x00002c1c   0x00000058   Code   RO          185    i.Init_Profiling    profile.o
    0x00002c74   0x00000068   Code   RO           77    i.Init_RGB_LEDs     leds.o
    0x00002cdc   0x00000064   Code   RO          376    i.Init_UART0        uart.o
    0x00002d40   0x000000a8   Code   RO          314    i.PIT_IRQHandler    timers.o
    0x00002de8   0x00000098   Code   RO          186    i.Print_Sorted_Profile  profile.o
    0x00002e80   0x0000002a   Code   RO          244    i.Q_Dequeue         queue.o
    0x00002eaa   0x00000012   Code   RO          245    i.Q_Empty           queue.o
    0x00002ebc   0x0000002c   Code   RO          246    i.Q_Enqueue         queue.o
    0x00002ee8   0x0000001a   Code   RO          248    i.Q_Init            queue.o
    0x00002f02   0x00000002   PAD
    0x00002f04   0x000000a8   Code   RO          187    i.Sort_Profile_Regions  profile.o
    0x00002fac   0x00000010   Code   RO          316    i.Start_PIT         timers.o
    0x00002fbc   0x000000e8   Code   RO          610    i.SystemInit        system_mkl25z4.o
    0x000030a4   0x00000048   Code   RO          378    i.UART0_IRQHandler  uart.o
    0x000030ec   0x00000030   Code   RO          900    i.__ARM_common_ll_muluu  c_p.l(btod.o)
    0x0000311c   0x0000002c   Code   RO          975    i.__ARM_fpclassify  m_ps.l(fpclassify.o)
    0x00003148   0x00000022   Code   RO          842    i.__ARM_fpclassifyf  m_ps.l(fpclassifyf.o)
    0x0000316a   0x00000002   PAD
    0x0000316c   0x00000014   Code   RO          832    i.__mathlib_dbl_overflow  m_ps.l(dunder.o)
    0x00003180   0x00000014   Code   RO          834    i.__mathlib_dbl_underflow  m_ps.l(dunder.o)
    0x00003194   0x0000000a   Code   RO          845    i.__mathlib_flt_infnan  m_ps.l(funder.o)
    0x0000319e   0x0000000c   Code   RO          847    i.__mathlib_flt_invalid  m_ps.l(funder.o)
    0x000031aa   0x0000000e   Code   RO          850    i.__mathlib_flt_underflow  m_ps.l(funder.o)
    0x000031b8   0x00000010   Code   RO          977    i.__mathlib_narrow  m_ps.l(narrow.o)
    0x000031c8   0x0000008c   Code   RO          978    i.__mathlib_tofloat  m_ps.l(narrow.o)
    0x00003254   0x00000014   Code   RO         1036    i.__support_ldexp   m_ps.l(ldexp.o)
    0x00003268   0x0000000e   Code   RO          684    i._is_digit         c_p.l(__printf_wp.o)
    0x00003276   0x00000002   PAD
    0x00003278   0x00000118   Code   RO          754    i.asinf             m_ps.l(asinf.o)
    0x00003390   0x000000fc   Code   RO          447    i.cos_32            trig_approx.o
    0x0000348c   0x00000010   Code   RO          379    i.fgetc             uart.o
    0x0000349c   0x00000060   Code   RO          770    i.fmodf             m_ps.l(fmodf.o)
    0x000034fc   0x00000018   Code   RO          380    i.fputc             uart.o
    0x00003514   0x00000058   Code   RO         1015    i.frexp             m_ps.l(frexp.o)
    0x0000356c   0x00000070   Code   RO         1037    i.ldexp             m_ps.l(ldexp.o)
    0x000035dc   0x00000440   Code   RO          109    i.main              main.o
    0x00003a1c   0x00000014   Code   RO          454    i.sin_32            trig_approx.o
    0x00003a30   0x0000002c   Code   RO          778    i.sqrtf             m_ps.l(sqrtf.o)
    0x00003a5c   0x0000002c   Code   RO          815    locale$$code        c_p.l(lc_ctype_c.o)
    0x00003a88   0x0000002c   Code   RO          911    locale$$code        c_p.l(lc_numeric_c.o)
    0x00003ab4   0x00000064   Code   RO         1008    x$fpl$deqf          fz_ps.l(deqf.o)
    0x00003b18   0x00000068   Code   RO          730    x$fpl$drleqf        fz_ps.l(drlef.o)
    0x00003b80   0x0000008c   Code   RO          734    x$fpl$fadd          fz_ps.l(faddsub.o)
    0x00003c0c   0x000000b0   Code   RO          745    x$fpl$fmul          fz_ps.l(fmul.o)
    0x00003cbc   0x00000018   Code   RO          735    x$fpl$frsb          fz_ps.l(faddsub.o)
    0x00003cd4   0x000000d0   Code   RO          736    x$fpl$fsub          fz_ps.l(faddsub.o)
    0x00003da4   0x00000010   Code   RO          749    x$fpl$printf1       fz_ps.l(printf1.o)
    0x00003db4   0x00000010   Code   RO          751    x$fpl$scanf1        fz_ps.l(scanf1.o)
    0x00003dc4   0x00000020   Code   RO          969    x$fpl$scanf2        fz_ps.l(scanf2.o)
    0x00003de4   0x00000000   Code   RO          827    x$fpl$usenofp       fz_ps.l(usenofp.o)
    0x00003de4   0x000011e0   Data   RO          297    .constdata          region.o
    0x00004fc4   0x00000004   Data   RO          298    .constdata          region.o
    0x00004fc8   0x00000028   Data   RO          657    .constdata          c_p.l(_printf_hex_int.o)
    0x00004ff0   0x00000040   Data   RO          741    .constdata          fz_ps.l(fdiv.o)
    0x00005030   0x00000094   Data   RO          896    .constdata          c_p.l(bigflt0.o)
    0x000050c4   0x00000059   Data   RO          110    .conststring        main.o
    0x0000511d   0x00000003   PAD
    0x00005120   0x00000020   Data   RO         1111    Region$$Table       anon$$obj.o
    0x00005140   0x00000008   Data   RO          964    c$$dinf             fz_ps.l(fpconst.o)
    0x00005148   0x00000110   Data   RO          814    locale$$data        c_p.l(lc_ctype_c.o)
    0x00005258   0x0000001c   Data   RO          910    locale$$data        c_p.l(lc_numeric_c.o)


    Execution Region RW_IRAM1 (Base: 0x1ffff000, Size: 0x00000c48, Max: 0x00004000, ABSOLUTE, COMPRESSED[0x000000a8])

    Base Addr    Size         Type   Attr      Idx    E Section Name        Object

    0x1ffff000   0x00000138   Data   RW          111    .data               main.o
    0x1ffff138   0x00000010   Data   RW          188    .data               profile.o
    0x1ffff148   0x00000004   Data   RW          320    .data               timers.o
    0x1ffff14c   0x00000004   Data   RW          382    .data               uart.o
    0x1ffff150   0x00000004   Data   RW          383    .data               uart.o
    0x1ffff154   0x00000004   Data   RW          611    .data               system_mkl25z4.o
    0x1ffff158   0x0000023c   Zero   RW          295    .bss                region.o
    0x1ffff394   0x0000023c   Zero   RW          296    .bss                region.o
    0x1ffff5d0   0x00000218   Zero   RW          381    .bss                uart.o
    0x1ffff7e8   0x00000060   Zero   RW          859    .bss                c_p.l(libspace.o)
    0x1ffff848   0x00000000   Zero   RW          598    HEAP                startup_mkl25z4.o
    0x1ffff848   0x00000400   Zero   RW          597    STACK               startup_mkl25z4.o


==============================================================================

Image component sizes


      Code (inc. data)   RO Data    RW Data    ZI Data      Debug   Object Name

         0          0          0          0          0       5964   delay.o
       340         26          0          0          0       1162   drift_calculation.o
       164         30          0          0          0       1063   leds.o
      1364        514         89        312          0       9494   main.o
       432        126          0         16          0       7870   profile.o
       130          0          0          0          0       5811   queue.o
         0          0       4580          0       1144       1010   region.o
        80         44        192          0       1024        876   startup_mkl25z4.o
       232         48          0          4          0        819   system_mkl25z4.o
       284         66          0          4          0     220364   timers.o
       272         32          0          0          0       2811   trig_approx.o
       212         44          0          8        536       3570   uart.o

    ----------------------------------------------------------------------
      3512        930       4896        344       2704     260814   Object Totals
         0          0         32          0          0          0   (incl. Generated)
         2          0          3          0          0          0   (incl. Padding)

    ----------------------------------------------------------------------

      Code (inc. data)   RO Data    RW Data    ZI Data      Debug   Library Member Name

        32          4          0          0          0         84   __0scanf.o
        64         10          0          0          0         84   __0sscanf.o
        86          0          0          0          0          0   __dczerorl2.o
         8          0          0          0          0         68   __main.o
       108          0          0          0          0         76   __printf.o
        14          0          0          0          0         60   __printf_wp.o
         0          0          0          0          0          0   __rtentry.o
        12          0          0          0          0          0   __rtentry2.o
         6          0          0          0          0          0   __rtentry4.o
        60          8          0          0          0          0   __scatter.o
        28          0          0          0          0          0   __scatter_zi.o
        30          0          0          0          0         60   _chval.o
        46          0          0          0          0        100   _printf_char.o
        48          6          0          0          0         88   _printf_char_common.o
        40          6          0          0          0         72   _printf_char_file.o
        10          0          0          0          0          0   _printf_d.o
       108         18          0          0          0         76   _printf_dec.o
        10          0          0          0          0          0   _printf_f.o
      1044         14          0          0          0        176   _printf_fp_dec.o
       136         16          0          0          0         76   _printf_fp_infnan.o
        88          4         40          0          0         72   _printf_hex_int.o
       176          0          0          0          0         84   _printf_intcommon.o
         2          0          0          0          0          0   _printf_percent.o
         4          0          0          0          0          0   _printf_percent_end.o
        10          0          0          0          0          0   _printf_s.o
        82          0          0          0          0         72   _printf_str.o
        10          0          0          0          0          0   _printf_x.o
        22          0          0          0          0         92   _rserrno.o
       896         16          0          0          0         84   _scanf.o
       232          0          0          0          0         84   _scanf_str.o
        68          0          0          0          0         76   _sgetc.o
       488          0          0          0          0         92   aeabi_sdivfast.o
        76          6          0          0          0         84   backspace.o
       200          4        148          0          0         80   bigflt0.o
      1272         16          0          0          0        328   btod.o
        16          0          0          0          0         68   exit.o
         8          0          0          0          0         60   ferror.o
         6          0          0          0          0        136   heapauxi.o
         0          0          0          0          0          0   indicate_semi.o
        18          0          0          0          0         68   isspace.o
        44         10        272          0          0         76   lc_ctype_c.o
        44         10         28          0          0         76   lc_numeric_c.o
         2          0          0          0          0          0   libinit.o
        30          0          0          0          0          0   libinit2.o
         2          0          0          0          0          0   libshutdown.o
         2          0          0          0          0          0   libshutdown2.o
         8          4          0          0         96         68   libspace.o
        48          0          0          0          0         72   llmul.o
        32          0          0          0          0         68   llshl.o
       122          0          0          0          0         72   lludiv10.o
        28          6          0          0          0         84   noretval__2printf.o
        16          4          0          0          0         76   rt_ctype_table.o
         8          4          0          0          0         68   rt_errno_addr_intlibspace.o
         8          4          0          0          0         68   rt_locale_intlibspace.o
        64          0          0          0          0        108   rt_memclr.o
         2          0          0          0          0          0   rtexit.o
        10          0          0          0          0          0   rtexit2.o
        40          0          0          0          0         60   rtudiv10.o
        48          8          0          0          0         84   scanf_char.o
        28          8          0          0          0         68   scanf_char_file.o
      1232         20          0          0          0        124   scanf_fp.o
       820         14          0          0          0         84   scanf_hexfp.o
       316         16          0          0          0         84   scanf_infnan.o
       160          4          0          0          0         80   strcmpv6m.o
        12          4          0          0          0         60   sys_exit.o
        62          0          0          0          0         80   sys_stackheap_outer.o
        76         14          0          0          0         60   ungetc.o
         2          0          0          0          0         68   use_no_semi.o
        46          0          0          0          0         60   cmpret.o
       124          4          0          0          0         72   d2f.o
       144          4          0          0          0         76   dcmpin.o
       100          4          0          0          0         92   deqf.o
        20          6          0          0          0         68   dnan2.o
       104          4          0          0          0        104   drlef.o
        96         12          0          0          0         72   dscalbn.o
        84          4          0          0          0         60   f2d.o
       372          8          0          0          0        240   faddsub.o
       352         10         64          0          0         92   fdiv.o
        76          0          0          0          0         68   ffixi.o
       176          4          0          0          0         80   fmul.o
         0          0          8          0          0          0   fpconst.o
       280          6          0          0          0         76   frem.o
        68          4          0          0          0         68   fscalbn.o
       144          4          0          0          0         72   fsqrt.o
        16          4          0          0          0         76   printf1.o
        94          0          0          0          0         68   retnan.o
        16          4          0          0          0         76   scanf1.o
        32          8          0          0          0        100   scanf2.o
         0          0          0          0          0          0   usenofp.o
       280         38          0          0          0         76   asinf.o
        40         10          0          0          0        136   dunder.o
        96          0          0          0          0         72   fmodf.o
        44          4          0          0          0         60   fpclassify.o
        34          0          0          0          0         60   fpclassifyf.o
        88         16          0          0          0         72   frexp.o
        36          0          0          0          0        204   funder.o
       132          0          0          0          0        140   ldexp.o
       156         10          0          0          0        144   narrow.o
        44          0          0          0          0         72   sqrtf.o

    ----------------------------------------------------------------------
     12140        426        560          0         96       6844   Library Totals
        16          0          0          0          0          0   (incl. Padding)

    ----------------------------------------------------------------------

      Code (inc. data)   RO Data    RW Data    ZI Data      Debug   Library Name

      8830        258        488          0         96       4188   c_p.l
      2344         90         72          0          0       1620   fz_ps.l
       950         78          0          0          0       1036   m_ps.l

    ----------------------------------------------------------------------
     12140        426        560          0         96       6844   Library Totals

    ----------------------------------------------------------------------

==============================================================================


      Code (inc. data)   RO Data    RW Data    ZI Data      Debug   

     15652       1356       5456        344       2800     263042   Grand Totals
     15652       1356       5456        168       2800     263042   ELF Image Totals (compressed)
     15652       1356       5456        168          0          0   ROM Totals

==============================================================================

    Total RO  Size (Code + RO Data)                21108 (  20.61kB)
    Total RW  Size (RW Data + ZI Data)              3144 (   3.07kB)
    Total ROM Size (Code + RO Data + RW Data)      21276 (  20.78kB)

==============================================================================

